cargo :    Compiling proc-macro2 v1.0.106
At line:1 char:143
+ ... CQUIRE="1"; cargo test -p wcore-cron --test single_owner -- --nocaptu ...
+                 ~~~~~~~~~~~~~~~~~~~~~~~~~~~~~~~~~~~~~~~~~~~~~~~~~~~~~~~~~
    + CategoryInfo          : NotSpecified: (   Compiling proc-macro2 v1.0.106:String) [], Remote 
   Exception
    + FullyQualifiedErrorId : NativeCommandError
 
   Compiling unicode-ident v1.0.24
   Compiling quote v1.0.45
   Compiling windows-link v0.2.1
   Compiling serde_core v1.0.228
   Compiling cfg-if v1.0.4
   Compiling autocfg v1.5.1
   Compiling getrandom v0.4.2
   Compiling serde v1.0.228
   Compiling once_cell v1.21.4
   Compiling parking_lot_core v0.9.12
   Compiling memchr v2.8.1
   Compiling scopeguard v1.2.0
   Compiling zmij v1.0.21
   Compiling smallvec v1.15.1
   Compiling minimal-lexical v0.2.1
   Compiling pin-project-lite v0.2.17
   Compiling serde_json v1.0.150
   Compiling option-ext v0.2.0
   Compiling thiserror v2.0.18
   Compiling bytes v1.11.1
   Compiling sha1_smol v1.0.1
   Compiling itoa v1.0.18
   Compiling fastrand v2.4.1
   Compiling windows-sys v0.61.2
   Compiling lock_api v0.4.14
   Compiling tracing-core v0.1.36
   Compiling num-traits v0.2.19
   Compiling nom v7.1.3
   Compiling parking_lot v0.12.5
   Compiling syn v2.0.117
   Compiling mio v1.2.1
   Compiling socket2 v0.6.4
   Compiling dirs-sys v0.5.0
   Compiling tempfile v3.27.0
   Compiling dirs v6.0.0
   Compiling uuid v1.23.2
   Compiling serde_derive v1.0.228
   Compiling tracing-attributes v0.1.31
   Compiling thiserror-impl v2.0.18
   Compiling tokio-macros v2.7.0
   Compiling async-trait v0.1.89
   Compiling tokio v1.52.3
   Compiling tracing v0.1.44
   Compiling chrono v0.4.44
   Compiling cron v0.12.1
   Compiling wcore-cron v0.12.25 (D:\wls\repo-cron\crates\wcore-cron)
    Finished `test` profile [unoptimized + debuginfo] target(s) in 39.52s
     Running tests\single_owner.rs 
(D:\wls\target-cron-neg\debug\deps\single_owner-8258b1b825c008a7.exe)

running 11 tests
test a_dead_holders_schedule_is_reclaimable_because_the_os_released_the_lock ... ok
test a_lease_lost_mid_tick_abandons_the_selected_fire_and_records_it ... ok

thread 'a_live_holders_schedule_is_not_reclaimable_however_old_the_record_looks' (59224) panicked 
at crates\wcore-cron\tests\single_owner.rs:241:5:
assertion `left == right` failed: a live owner keeps its schedule no matter how stale its record 
looks
  left: Owner
 right: Observer
note: run with `RUST_BACKTRACE=1` environment variable to display a backtrace
test a_live_holders_schedule_is_not_reclaimable_however_old_the_record_looks ... FAILED

thread 'a_second_process_is_refused_while_the_first_holds_it' (24036) panicked at 
crates\wcore-cron\tests\single_owner.rs:575:5:
assertion `left == right` failed: a second PROCESS must be refused while the first holds the OS 
lock
  left: Some("OWNER")
 right: Some("OBSERVER")
test a_second_process_is_refused_while_the_first_holds_it ... FAILED
test a_slash_target_still_stages_honestly_when_no_dispatcher_is_live ... ok
test a_slash_target_stops_staging_once_a_live_dispatcher_is_wired ... ok
test a_stale_record_alone_never_grants_ownership ... ok
test an_observer_leaves_the_store_untouched ... ok
test cross_process_lease_worker ... ok
test the_owner_record_is_readable_from_another_process_while_the_lock_is_held ... ok

thread 'two_runners_against_one_store_fire_a_due_job_exactly_once' (47576) panicked at 
crates\wcore-cron\tests\single_owner.rs:137:5:
assertion `left == right` failed: the second claim must be demoted, not admitted
  left: Owner
 right: Observer
test two_runners_against_one_store_fire_a_due_job_exactly_once ... FAILED

failures:

failures:
    a_live_holders_schedule_is_not_reclaimable_however_old_the_record_looks
    a_second_process_is_refused_while_the_first_holds_it
    two_runners_against_one_store_fire_a_due_job_exactly_once

test result: FAILED. 8 passed; 3 failed; 0 ignored; 0 measured; 0 filtered out; finished in 0.28s

error: test failed, to rerun pass `-p wcore-cron --test single_owner`
