cargo : warning: unused import: `Component`
At line:1 char:409
+ ... n_test")) { cargo test -p wcore-agent --test $t -- --nocapture *> "D: ...
+                 ~~~~~~~~~~~~~~~~~~~~~~~~~~~~~~~~~~~~~~~~~~~~~~~~~~~~~~~~~
    + CategoryInfo          : NotSpecified: (warning: unused import: `Component`:String) [], Remo 
   teException
    + FullyQualifiedErrorId : NativeCommandError
 
  --> crates\wcore-tools\src\media_intake.rs:56:17
   |
56 | use std::path::{Component, Path, PathBuf};
   |                 ^^^^^^^^^
   |
   = note: `#[warn(unused_imports)]` (part of `#[warn(unused)]`) on by default

warning: `wcore-tools` (lib) generated 1 warning (run `cargo fix --lib -p wcore-tools` to apply 1 
suggestion)
   Compiling wcore-agent v0.12.25 (D:\wls\repo\crates\wcore-agent)
    Finished `test` profile [unoptimized + debuginfo] target(s) in 3.40s
warning: the following packages contain code that will be rejected by a future version of Rust: 
imap-proto v0.10.2
note: to see what the problems were, use the option `--future-incompat-report`, or run `cargo 
report future-incompatibilities --id 1`
     Running tests\journal_legacy_null_receipt_recovery.rs 
(D:\wls\target\debug\deps\journal_legacy_null_receipt_recovery-15db4ddec71bf94c.exe)

running 4 tests
test a_genuinely_corrupt_journal_is_still_rejected ... ok
test journal_recovers_a_pre_fix_null_receipt_with_its_content_intact ... ok
test a_genuinely_corrupt_snapshot_is_still_rejected ... ok
test snapshot_recovers_a_pre_fix_null_receipt_with_its_content_intact ... ok

test result: ok. 4 passed; 0 failed; 0 ignored; 0 measured; 0 filtered out; finished in 0.06s

