PEER: hermes
TRIALS: 21
ITEMS: 440
KILL-ENABLED: yes
BINARY: target/release/wayland-core
BUILD-INFO: wayland-core 0.12.25 (source a170ee24f778fa6cdd9f71a8ebe0a03296b5283b)
SENTINEL-DIGEST-PRE: 080403a916669851499985ac962320f9731d54ba627ce23d5414e8efc6f880d4
CORPUS-PROFILES: 8
CORPUS-SKILLS: 440
CORPUS-KIND: hermes
CORPUS-ROOT: /tmp/tmp.9YQhfIdCSm/peer-home
REFERENCE-RC: 0
REFERENCE-DURATION-MS: 394
REFERENCE-FINGERPRINT: 8866f55475f1954c8840f58c6f5e4f9a7ddb40347a932cd8dff9ac976d8a5849
REFERENCE-ENTRIES: 440
REFERENCE-PROFILES: 9
REFERENCE-PAYLOAD-FILES: 440
DETERMINISM-CONTROL: pass
SENSITIVITY-CONTROL: pass (profile-drop, payload-byte, index-entry all detected)
TRIAL-TABLE: trial delay_ms class index entries payloads orphans cfg redrive_rc recovered
TRIAL: 1 17 pre absent 0 0 0 0 0 yes
TRIAL: 2 35 pre absent 0 0 0 0 0 yes
TRIAL: 3 53 mid ok 39 40 1 0 0 yes
TRIAL: 4 71 mid ok 82 83 1 0 0 yes
TRIAL: 5 89 mid ok 121 122 1 0 0 yes
TRIAL: 6 107 mid ok 141 142 1 0 0 yes
TRIAL: 7 125 mid ok 170 171 1 0 0 yes
TRIAL: 8 143 mid ok 210 210 0 0 0 yes
TRIAL: 9 161 mid ok 235 235 0 0 0 yes
TRIAL: 10 179 mid ok 256 256 0 0 0 yes
TRIAL: 11 197 mid ok 262 263 1 0 0 yes
TRIAL: 12 214 mid ok 296 297 1 0 0 yes
TRIAL: 13 232 mid ok 309 309 0 0 0 yes
TRIAL: 14 250 mid ok 331 331 0 0 0 yes
TRIAL: 15 268 mid ok 351 351 0 0 0 yes
TRIAL: 16 286 mid ok 366 366 0 0 0 yes
TRIAL: 17 304 mid ok 383 383 0 0 0 yes
TRIAL: 18 322 mid ok 401 402 1 0 0 yes
TRIAL: 19 340 mid ok 421 422 1 0 0 yes
TRIAL: 20 358 post ok 440 440 0 9 0 yes
TRIAL: 21 376 post ok 440 440 0 9 0 yes
SENTINEL-DIGEST-POST: 080403a916669851499985ac962320f9731d54ba627ce23d5414e8efc6f880d4
SENTINEL-UNCHANGED: yes
CLASS-PRE: 2
CLASS-MID: 17
CLASS-POST: 2
RECOVERED: 21
NOT-RECOVERED: 0
REDRIVE-NONZERO: 0
CORRUPT-INDEX-TRIALS: 0
EMPTY-INDEX-TRIALS: 0
ORPHAN-PAYLOAD-TRIALS: 9
PROOF: PASS peer=hermes trials=21 mid=17 recovered=21
