PEER: hermes
TRIALS: 21
ITEMS: 440
KILL-ENABLED: yes
BINARY: target/release/wayland-core
BUILD-INFO: wayland-core 0.12.25 (source c23a08b9d990a729005792f871eeab323a1543d6)
SENTINEL-DIGEST-PRE: 080403a916669851499985ac962320f9731d54ba627ce23d5414e8efc6f880d4
CORPUS-PROFILES: 8
CORPUS-SKILLS: 440
CORPUS-KIND: hermes
CORPUS-ROOT: /tmp/tmp.4g3D0SMCpK/peer-home
REFERENCE-RC: 0
REFERENCE-DURATION-MS: 300
REFERENCE-FINGERPRINT: 8866f55475f1954c8840f58c6f5e4f9a7ddb40347a932cd8dff9ac976d8a5849
REFERENCE-ENTRIES: 440
REFERENCE-PROFILES: 9
REFERENCE-PAYLOAD-FILES: 440
DETERMINISM-CONTROL: pass
SENSITIVITY-CONTROL: pass (profile-drop, payload-byte, index-entry all detected)
TRIAL-TABLE: trial delay_ms class index entries payloads orphans cfg redrive_rc recovered
TRIAL: 1 13 pre absent 0 0 0 0 0 yes
TRIAL: 2 27 pre absent 0 0 0 0 0 yes
TRIAL: 3 40 mid ok 3 3 0 0 0 yes
TRIAL: 4 54 mid ok 71 71 0 0 0 yes
TRIAL: 5 68 mid ok 116 116 0 0 0 yes
TRIAL: 6 81 mid ok 159 159 0 0 0 yes
TRIAL: 7 95 mid ok 190 191 1 0 0 yes
TRIAL: 8 109 mid ok 219 219 0 0 0 yes
TRIAL: 9 122 mid ok 245 245 0 0 0 yes
TRIAL: 10 136 mid ok 261 261 0 0 0 yes
TRIAL: 11 150 mid ok 292 292 0 0 0 yes
TRIAL: 12 163 mid ok 311 311 0 0 0 yes
TRIAL: 13 177 mid corrupt 0 331 331 0 0 no
TRIAL: 14 190 mid ok 350 350 0 0 0 yes
TRIAL: 15 204 mid ok 375 376 1 0 0 yes
TRIAL: 16 218 mid ok 388 388 0 0 0 yes
TRIAL: 17 231 mid ok 410 411 1 0 0 yes
TRIAL: 18 245 mid ok 425 426 1 0 0 yes
TRIAL: 19 259 mid ok 435 435 0 0 0 yes
TRIAL: 20 272 post ok 440 440 0 9 0 yes
TRIAL: 21 286 post ok 440 440 0 9 0 yes
SENTINEL-DIGEST-POST: 080403a916669851499985ac962320f9731d54ba627ce23d5414e8efc6f880d4
SENTINEL-UNCHANGED: yes
CLASS-PRE: 2
CLASS-MID: 17
CLASS-POST: 2
RECOVERED: 20
NOT-RECOVERED: 1
REDRIVE-NONZERO: 0
CORRUPT-INDEX-TRIALS: 1
EMPTY-INDEX-TRIALS: 0
ORPHAN-PAYLOAD-TRIALS: 5
PROOF-FAIL: 1 trial(s) did not return to the reference state after re-driving the product
PROOF: FAIL peer=hermes trials=21 mid=17 recovered=20 not_recovered=1
