PEER: openclaw
TRIALS: 21
ITEMS: 440
KILL-ENABLED: yes
BINARY: target/release/wayland-core
BUILD-INFO: wayland-core 0.12.25 (source a170ee24f778fa6cdd9f71a8ebe0a03296b5283b)
SENTINEL-DIGEST-PRE: 080403a916669851499985ac962320f9731d54ba627ce23d5414e8efc6f880d4
CORPUS-MCP_SERVERS: 440
CORPUS-PROVIDERS: 2
CORPUS-KIND: openclaw
CORPUS-ROOT: /tmp/tmp.ArKxzcrxDT/peer-home
REFERENCE-RC: 0
REFERENCE-DURATION-MS: 400
REFERENCE-FINGERPRINT: 1b228157a3048cd4e9e5bc0d99ef75b942e18fc57eb0b858c4bbbb5e8546a07d
REFERENCE-ENTRIES: 440
REFERENCE-PROFILES: 3
REFERENCE-PAYLOAD-FILES: 440
DETERMINISM-CONTROL: pass
SENSITIVITY-CONTROL: pass (profile-drop, payload-byte, index-entry all detected)
TRIAL-TABLE: trial delay_ms class index entries payloads orphans cfg redrive_rc recovered
TRIAL: 1 18 pre absent 0 0 0 0 0 yes
TRIAL: 2 36 mid ok 5 5 0 0 0 yes
TRIAL: 3 54 mid ok 60 61 1 0 0 yes
TRIAL: 4 72 mid ok 106 107 1 0 0 yes
TRIAL: 5 90 mid ok 133 133 0 0 0 yes
TRIAL: 6 109 mid ok 170 171 1 0 0 yes
TRIAL: 7 127 mid ok 194 194 0 0 0 yes
TRIAL: 8 145 mid ok 223 223 0 0 0 yes
TRIAL: 9 163 mid ok 252 252 0 0 0 yes
TRIAL: 10 181 mid ok 272 272 0 0 0 yes
TRIAL: 11 200 mid ok 211 212 1 0 0 yes
TRIAL: 12 218 mid ok 308 309 1 0 0 yes
TRIAL: 13 236 mid ok 334 334 0 0 0 yes
TRIAL: 14 254 mid ok 367 368 1 0 0 yes
TRIAL: 15 272 mid ok 383 384 1 0 0 yes
TRIAL: 16 290 mid ok 394 395 1 0 0 yes
TRIAL: 17 309 mid ok 409 410 1 0 0 yes
TRIAL: 18 327 mid ok 421 422 1 0 0 yes
TRIAL: 19 345 post ok 440 440 0 3 0 yes
TRIAL: 20 363 post ok 440 440 0 3 0 yes
TRIAL: 21 381 mid ok 346 347 1 0 0 yes
SENTINEL-DIGEST-POST: 080403a916669851499985ac962320f9731d54ba627ce23d5414e8efc6f880d4
SENTINEL-UNCHANGED: yes
CLASS-PRE: 1
CLASS-MID: 18
CLASS-POST: 2
RECOVERED: 21
NOT-RECOVERED: 0
REDRIVE-NONZERO: 0
CORRUPT-INDEX-TRIALS: 0
EMPTY-INDEX-TRIALS: 0
ORPHAN-PAYLOAD-TRIALS: 11
PROOF: PASS peer=openclaw trials=21 mid=18 recovered=21
