   Compiling proc-macro2 v1.0.106
   Compiling unicode-ident v1.0.24
   Compiling quote v1.0.45
   Compiling libc v0.2.186
   Compiling cfg-if v1.0.4
   Compiling serde_core v1.0.228
   Compiling smallvec v1.15.1
   Compiling version_check v0.9.5
   Compiling stable_deref_trait v1.2.1
   Compiling typenum v1.20.1
   Compiling itoa v1.0.18
   Compiling parking_lot_core v0.9.12
   Compiling scopeguard v1.2.0
   Compiling subtle v2.6.1
   Compiling pin-project-lite v0.2.17
   Compiling bytes v1.11.1
   Compiling lock_api v0.4.14
   Compiling futures-core v0.3.32
   Compiling serde v1.0.228
   Compiling memchr v2.8.1
   Compiling find-msvc-tools v0.1.9
   Compiling shlex v2.0.1
   Compiling generic-array v0.14.7
   Compiling once_cell v1.21.4
   Compiling cc v1.2.63
   Compiling litemap v0.8.2
   Compiling writeable v0.6.3
   Compiling zmij v1.0.21
   Compiling autocfg v1.5.1
   Compiling icu_properties_data v2.2.0
   Compiling icu_normalizer_data v2.2.0
   Compiling utf8_iter v1.0.4
   Compiling serde_json v1.0.150
   Compiling http v1.4.1
   Compiling percent-encoding v2.3.2
   Compiling num-traits v0.2.19
   Compiling untrusted v0.9.0
   Compiling httparse v1.10.1
   Compiling cpufeatures v0.2.17
   Compiling futures-task v0.3.32
   Compiling pkg-config v0.3.33
   Compiling syn v2.0.117
   Compiling slab v0.4.12
   Compiling tracing-core v0.1.36
   Compiling iana-time-zone v0.1.65
   Compiling try-lock v0.2.5
   Compiling futures-util v0.3.32
   Compiling zerocopy v0.8.50
   Compiling getrandom v0.2.17
   Compiling errno v0.3.14
   Compiling rand_core v0.6.4
   Compiling signal-hook-registry v1.4.8
   Compiling parking_lot v0.12.5
   Compiling socket2 v0.6.4
   Compiling mio v1.2.1
   Compiling http-body v1.0.1
   Compiling crypto-common v0.1.7
   Compiling libdbus-sys v0.2.7
   Compiling block-buffer v0.10.4
   Compiling tower-service v0.3.3
   Compiling thiserror v2.0.18
   Compiling bitflags v2.11.1
   Compiling getrandom v0.4.2
   Compiling rustls v0.23.40
   Compiling ring v0.17.14
   Compiling digest v0.10.7
   Compiling want v0.3.1
   Compiling form_urlencoded v1.2.2
   Compiling futures-channel v0.3.32
   Compiling rustix v1.1.4
   Compiling atomic-waker v1.1.2
   Compiling unicase v2.9.0
   Compiling inout v0.1.4
   Compiling aho-corasick v1.1.4
   Compiling mime_guess v2.0.5
   Compiling sync_wrapper v1.0.2
   Compiling linux-raw-sys v0.12.1
   Compiling ryu v1.0.23
   Compiling option-ext v0.2.0
   Compiling ipnet v2.12.0
   Compiling regex-syntax v0.8.10
   Compiling winnow v1.0.3
   Compiling tower-layer v0.3.3
   Compiling base64 v0.22.1
   Compiling toml_datetime v1.1.1+spec-1.1.0
   Compiling serde_spanned v1.1.1
   Compiling toml_parser v1.1.2+spec-1.1.0
   Compiling dirs-sys v0.5.0
   Compiling dbus v0.9.11
   Compiling universal-hash v0.5.1
   Compiling hashbrown v0.17.1
   Compiling anyhow v1.0.103
   Compiling minimal-lexical v0.2.1
   Compiling equivalent v1.0.2
   Compiling toml_writer v1.1.1+spec-1.1.0
   Compiling opaque-debug v0.3.1
   Compiling base64ct v1.8.3
   Compiling futures-sink v0.3.32
   Compiling log v0.4.30
   Compiling mime v0.3.17
   Compiling indexmap v2.14.0
   Compiling password-hash v0.5.0
   Compiling toml v1.1.2+spec-1.1.0
   Compiling poly1305 v0.8.0
   Compiling nom v7.1.3
   Compiling dirs v6.0.0
   Compiling blake2 v0.10.6
   Compiling sha2 v0.10.9
   Compiling aead v0.5.2
   Compiling regex-automata v0.4.14
   Compiling http-body-util v0.1.3
   Compiling rtoolbox v0.0.5
   Compiling fastrand v2.4.1
   Compiling unsafe-libyaml v0.2.11
   Compiling workspace-hack v0.1.0 (/root/wayland-24-abandon-surface/workspace-hack)
   Compiling sha1_smol v1.0.1
   Compiling rpassword v7.5.2
   Compiling tempfile v3.27.0
   Compiling uuid v1.23.2
   Compiling synstructure v0.13.2
   Compiling argon2 v0.5.3
   Compiling fd-lock v4.0.4
   Compiling serde_ignored v0.1.14
   Compiling glob v0.3.3
   Compiling zerofrom-derive v0.1.7
   Compiling yoke-derive v0.8.2
   Compiling zerovec-derive v0.11.3
   Compiling zeroize_derive v1.4.3
   Compiling displaydoc v0.2.6
   Compiling serde_derive v1.0.228
   Compiling tokio-macros v2.7.0
   Compiling tracing-attributes v0.1.31
   Compiling thiserror-impl v2.0.18
   Compiling ppv-lite86 v0.2.21
   Compiling zeroize v1.8.2
   Compiling tokio v1.52.3
   Compiling rustls-pki-types v1.14.1
   Compiling cipher v0.4.4
   Compiling async-trait v0.1.89
   Compiling chacha20 v0.9.1
   Compiling regex v1.12.3
   Compiling rustls-webpki v0.103.13
   Compiling webpki-roots v1.0.7
   Compiling rand_chacha v0.3.1
   Compiling dbus-secret-service v4.1.0
   Compiling zerofrom v0.1.8
   Compiling chacha20poly1305 v0.10.1
   Compiling tracing v0.1.44
   Compiling yoke v0.8.2
   Compiling rand v0.8.6
   Compiling zerovec v0.11.6
   Compiling zerotrie v0.2.4
   Compiling keyring v3.6.3
   Compiling tinystr v0.8.3
   Compiling potential_utf v0.1.5
   Compiling icu_collections v2.2.0
   Compiling icu_locale_core v2.2.0
   Compiling icu_provider v2.2.0
   Compiling chrono v0.4.44
   Compiling serde_urlencoded v0.7.1
   Compiling wcore-compact v0.12.25 (/root/wayland-24-abandon-surface/crates/wcore-compact)
   Compiling serde_yaml v0.9.34+deprecated
   Compiling icu_normalizer v2.2.0
   Compiling icu_properties v2.2.0
   Compiling cron v0.12.1
   Compiling wcore-budget v0.12.25 (/root/wayland-24-abandon-surface/crates/wcore-budget)
   Compiling wcore-types v0.12.25 (/root/wayland-24-abandon-surface/crates/wcore-types)
   Compiling idna_adapter v1.2.2
   Compiling idna v1.1.0
   Compiling url v2.5.8
   Compiling hyper v1.10.1
   Compiling tokio-rustls v0.26.4
   Compiling tower v0.5.3
   Compiling tokio-util v0.7.18
   Compiling wcore-cron v0.12.25 (/root/wayland-24-abandon-surface/crates/wcore-cron)
   Compiling tower-http v0.6.11
   Compiling hyper-util v0.1.20
   Compiling hyper-rustls v0.27.9
   Compiling reqwest v0.12.28
   Compiling wcore-config v0.12.25 (/root/wayland-24-abandon-surface/crates/wcore-config)
   Compiling wcore-gateway v0.12.25 (/root/wayland-24-abandon-surface/crates/wcore-gateway)
    Finished `test` profile [unoptimized + debuginfo] target(s) in 12.77s
     Running unittests src/lib.rs (target/debug/deps/wcore_gateway-08432e5409693d91)

running 42 tests
test drain::tests::a_turn_guard_releases_its_count_on_drop ... ok
test automation::tests::only_a_channel_target_is_a_delivery ... ok
test drain::tests::close_admission_is_idempotent ... ok
test lifecycle::tests::a_failed_gateway_can_be_restarted ... ok
test lifecycle::tests::drain_refusal_names_the_state_for_every_non_running_state ... ok
test lifecycle::tests::uninstall_is_refused_while_running ... ok
test pidlock::tests::lexical_normalise_drops_cur_dir ... ok
test pidlock::tests::a_nonexistent_home_still_normalises ... ok
test automation::tests::a_settled_delivery_is_never_re_sent_either_way ... ok
test pidlock::tests::lexical_normalise_keeps_leading_parent_dirs ... ok
test pidlock::tests::lexical_normalise_resolves_parent_dir ... ok
test pidlock::tests::pid_zero_is_never_alive ... ok
test pidlock::tests::this_process_is_alive ... ok
test service::tests::a_hostile_profile_name_cannot_escape_the_service_identifier ... ok
test service::tests::a_hostile_path_cannot_break_out_of_the_windows_task_document ... ok
test service::tests::a_relative_binary_is_not_registerable ... ok
test ledger::tests::an_unknown_id_cannot_be_attempted_or_settled ... ok
test service::tests::all_three_families_write_a_unit_but_only_two_of_them_are_registrations ... ok
test service::tests::both_unix_units_are_per_user_and_carry_the_home_and_binary ... ok
test service::tests::every_family_carries_the_home_into_the_registration_it_writes ... ok
test service::tests::every_family_passes_the_profile_to_the_runtime_it_registers ... ok
test service::tests::every_family_produces_a_non_empty_argv_for_every_verb ... ok
test service::tests::the_detach_flags_are_the_measured_set ... ok
test service::tests::the_windows_task_is_registered_from_xml_at_logon_and_forced ... ok
test ledger::tests::a_journal_written_before_the_new_fields_still_loads ... ok
test service::tests::the_windows_task_recovers_through_a_repetition_supervisor_not_restart_on_failure ... ok
test service::tests::the_windows_task_xml_is_in_the_only_form_schtasks_accepts ... ok
test support_bundle::tests::a_short_secret_is_refused_by_the_scrubber_rather_than_silently_dropped ... ok
test support_bundle::tests::scrubbing_replaces_every_occurrence_and_counts_them ... ok
test support_bundle::tests::secret_marking_catches_the_common_name_shapes ... ok
test support_bundle::tests::collect_refuses_a_non_empty_output_directory ... ok
test support_bundle::tests::key_extraction_keeps_names_and_never_the_values ... ok
test support_bundle::tests::absent_sources_are_named_rather_than_skipped ... ok
test support_bundle::tests::every_declared_member_exists_on_disk ... ok
test support_bundle::tests::the_manifest_records_an_empty_scrubber ... ok
test automation::tests::a_second_plane_on_one_home_observes_rather_than_owns ... ok
test ledger::tests::an_abandonment_is_nameable_after_a_restart ... ok
test automation::tests::an_unknown_outcome_delivery_is_not_re_sent_to_a_destination_that_cannot_dedupe ... ok
test ledger::tests::a_torn_tail_is_quarantined_and_reported_not_discarded ... ok
test automation::tests::an_unknown_outcome_delivery_is_re_sent_when_the_destination_dedupes ... ok
test ledger::tests::abandonments_dropped_past_the_cap_are_counted_and_reported ... ok
test ledger::tests::compaction_preserves_the_abandonment_timestamp_and_reason ... ok

test result: ok. 42 passed; 0 failed; 0 ignored; 0 measured; 0 filtered out; finished in 1.11s

     Running tests/ledger_exactly_once.rs (target/debug/deps/ledger_exactly_once-4bb40475f05dcc6e)

running 7 tests
test re_accepting_a_known_id_is_reported_as_a_duplicate ... ok
test a_clean_drain_leaves_the_journal_durable ... ok
test a_drain_over_budget_exits_forced_and_names_what_it_abandoned ... ok
test a_provably_settled_delivery_is_not_re_performed ... ok
test drain_closes_admission_first_then_reports_falling_counts_and_exits_clean ... ok
test a_crash_mid_attempt_still_delivers_exactly_once_after_restart ... ok
test the_ledger_is_bounded_under_sustained_delivery ... ok

test result: ok. 7 passed; 0 failed; 0 ignored; 0 measured; 0 filtered out; finished in 0.12s

