=== ARM slack-4-rejected-base ===
binary: /root/wayland-authprod-base/target/debug/wayland-core
wayland-core 0.12.25
sha256: fd7c2d5bc9f5c5ce63698049628b0f1232a2a9a0ad5c39c1066b5c3822363c4f
platform: slack   token mode: bogus
WAYLAND_HOME: /root/wl-authprod-slack-4-rejected-base
-- PRECONDITIONS, asserted before any measurement --
handle_in_config=1   (must be 1)
handle_in_store=1   (bogus/real: 1, absent: 0)
owners_of_this_home_BEFORE_start=0   (must be 0)

-- start gateway --
gateway_pid=4042200
health file after 2s: /root/wl-authprod-slack-4-rejected-base/channel-health.json
-- PARTICIPANT ASSERTION --
gateway_alive=yes   (must be yes)
owners_of_this_home_DURING=1   (must be exactly 1: mine)

-- gateway log: platform-facing evidence --
count_4004=0
count_invalid_auth=0
count_auth_test_rejected=0
count_mgr_terminal=0
count_gateway_stop=0
warning: WAYLAND_HOME is set (isolated profile) but no vault passphrase was supplied; storing credentials as plaintext-0600 at /root/wl-authprod-slack-4-rejected-base/credentials.toml. To encrypt at rest, set WAYLAND_VAULT_PASSPHRASE_FD (a passphrase file descriptor — preferred) or WAYLAND_VAULT_PASSPHRASE (env var, visible via /proc/<pid>/environ). Secrets in a legacy OS keyring are not auto-imported into isolated profiles — re-enter them for this profile.
[gateway] channels registered=1
[2m2026-07-30T14:26:47.651212Z[0m [32m INFO[0m F24_CHANNEL_LEASE=owner — this process owns inbound polling for this home [3mholder[0m[2m=[0m"gateway" [3mpid[0m[2m=[0m4042200 [3mdir[0m[2m=[0m/root/wl-authprod-slack-4-rejected-base/channels
[gateway] started pid=4042200 role=Owner profile=default carried=0 (unattempted 0 / unknown-outcome 0) quarantined=0

-- channel health --json (DEFAULT exit status) --
{
  "configured": 1,
  "registered": 1,
  "channels": [
    {
      "channel": "slack",
      "platform": "slack",
      "state": "healthy",
      "consecutive_errors": 0,
      "reconnects": 0
    }
  ]
}
HEALTH_RC=0

-- STICKINESS: same query again after 20s (state must not drift) --
      "state": "healthy",
HEALTH2_RC=0

-- channel health --require-healthy (the gate), FULL output --
configured: 1   registered: 1
slack (slack)
  state:      Healthy
  reason:     -
  errors:     0
  reconnects: 0
REQUIRE_RC=0

-- teardown BY PID, verified --
teardown=ok pid dead
owners_of_this_home_AFTER=0   (must be 0)
