   Compiling proc-macro2 v1.0.106
   Compiling quote v1.0.45
   Compiling unicode-ident v1.0.24
   Compiling libc v0.2.186
   Compiling version_check v0.9.5
   Compiling memchr v2.8.1
   Compiling cfg-if v1.0.4
   Compiling serde_core v1.0.228
   Compiling typenum v1.20.1
   Compiling autocfg v1.5.1
   Compiling zmij v1.0.21
   Compiling parking_lot_core v0.9.12
   Compiling serde v1.0.228
   Compiling pin-project-lite v0.2.17
   Compiling smallvec v1.15.1
   Compiling thiserror v2.0.18
   Compiling equivalent v1.0.2
   Compiling semver v1.0.28
   Compiling generic-array v0.14.7
   Compiling winnow v1.0.3
   Compiling hashbrown v0.17.1
   Compiling serde_json v1.0.150
   Compiling num-traits v0.2.19
   Compiling scopeguard v1.2.0
   Compiling lock_api v0.4.14
   Compiling aho-corasick v1.1.4
   Compiling rustc_version v0.4.1
   Compiling itoa v1.0.18
   Compiling once_cell v1.21.4
   Compiling regex-syntax v0.8.10
   Compiling iana-time-zone v0.1.65
   Compiling indexmap v2.14.0
   Compiling toml_datetime v1.1.1+spec-1.1.0
   Compiling syn v2.0.117
   Compiling cpufeatures v0.2.17
   Compiling tracing-core v0.1.36
   Compiling rstest_macros v0.26.1
   Compiling bytes v1.11.1
   Compiling errno v0.3.14
   Compiling socket2 v0.6.4
   Compiling block-buffer v0.10.4
   Compiling crypto-common v0.1.7
   Compiling digest v0.10.7
   Compiling toml_parser v1.1.2+spec-1.1.0
   Compiling parking_lot v0.12.5
   Compiling signal-hook-registry v1.4.8
   Compiling mio v1.2.1
   Compiling futures-core v0.3.32
   Compiling sha2 v0.10.9
   Compiling futures-task v0.3.32
   Compiling glob v0.3.3
   Compiling slab v0.4.12
   Compiling workspace-hack v0.1.0 (/root/wayland-22-c1-base/workspace-hack)
   Compiling relative-path v1.9.3
   Compiling futures-timer v3.0.4
   Compiling toml_edit v0.25.12+spec-1.1.0
   Compiling proc-macro-crate v3.5.0
   Compiling regex-automata v0.4.14
   Compiling regex v1.12.3
   Compiling serde_derive v1.0.228
   Compiling thiserror-impl v2.0.18
   Compiling async-trait v0.1.89
   Compiling tokio-macros v2.7.0
   Compiling tracing-attributes v0.1.31
   Compiling futures-macro v0.3.32
   Compiling tokio v1.52.3
   Compiling futures-util v0.3.32
   Compiling tracing v0.1.44
   Compiling rstest v0.26.1
   Compiling chrono v0.4.44
   Compiling wcore-types v0.12.25 (/root/wayland-22-c1-base/crates/wcore-types)
   Compiling wcore-protocol v0.12.25 (/root/wayland-22-c1-base/crates/wcore-protocol)
    Finished `test` profile [unoptimized + debuginfo] target(s) in 9.31s
     Running tests/desktop_contract_corpus.rs (target/debug/deps/desktop_contract_corpus-04e9f042133619dd)

running 15 tests
test contradictory_budget_grant_results_cannot_cross_the_wire ... ok
test authority_fixtures_pin_correlated_current_shapes ... ok
test inventory_is_exactly_eighteen_commands_and_forty_nine_events ... ok
test every_command_fixture_deserializes_through_protocol_command ... ok
test manifest_criticality_uses_only_the_normative_typed_vocabulary ... ok
test manifest_pins_generator_and_all_three_digests ... ok
test event_schema_distinguishes_correlated_and_legacy_child_shapes ... ok
test budget_grant_adversarial_fixtures_fail_closed ... ok
test every_json_artifact_is_canonical_and_lf_terminated ... ok
test checked_corpus_matches_real_serializers_byte_for_byte ... FAILED
test malformed_durable_child_fixtures_are_rejected ... ok
test durable_child_type_fixtures_round_trip_without_a_parallel_model ... ok
test producer_complete_schema_keeps_current_and_non_desktop_variants_visible ... ok
test manifest_ready_and_schema_titles_share_one_contract_identity ... ok
test generated_schemas_reject_malformed_authority_types_and_enums ... ok

failures:

---- checked_corpus_matches_real_serializers_byte_for_byte stdout ----

thread 'checked_corpus_matches_real_serializers_byte_for_byte' (3588240) panicked at crates/wcore-protocol/tests/desktop_contract_corpus.rs:203:22:
checked-in Desktop contract corpus must match the generator: Custom { kind: Other, error: "Desktop contract corpus drift: missing=[], extra=[], drifted=[\"adversarial/events/fixture-mismatch.jsonl\", \"adversarial/events/schema-mismatch.jsonl\", \"adversarial/events/version-mismatch.jsonl\", \"events/ready.json\", \"manifest.json\"]; run `wcore-contract generate`" }
note: run with `RUST_BACKTRACE=1` environment variable to display a backtrace


failures:
    checked_corpus_matches_real_serializers_byte_for_byte

test result: FAILED. 14 passed; 1 failed; 0 ignored; 0 measured; 0 filtered out; finished in 1.51s

error: test failed, to rerun pass `-p wcore-protocol --test desktop_contract_corpus`
