   Compiling wcore-types v0.12.25 (/Users/seandonahoe/dev/waylandcore-frontier-worktrees/lane-open-highs/crates/wcore-types)
warning: constant `SZOMB` is never used
   --> crates/wcore-types/src/process_liveness.rs:185:11
    |
185 |     const SZOMB: i8 = 5;
    |           ^^^^^
    |
    = note: `#[warn(dead_code)]` (part of `#[warn(unused)]`) on by default

warning: constant `P_STAT_OFFSET` is never used
   --> crates/wcore-types/src/process_liveness.rs:206:11
    |
206 |     const P_STAT_OFFSET: usize = 36;
    |           ^^^^^^^^^^^^^

warning: `wcore-types` (lib) generated 2 warnings
    Finished `test` profile [unoptimized + debuginfo] target(s) in 0.95s
     Running tests/real_zombie.rs (target/debug/deps/real_zombie-c3ada7f68a6ad021)

running 5 tests
test a_fully_reaped_process_reads_as_dead ... ok
test a_live_process_owned_by_another_user_reads_as_live_and_the_old_shape_called_it_dead ... ok
test a_live_process_reads_as_live ... ok
test a_real_unreaped_corpse_reads_as_dead_and_the_old_shape_would_have_missed_it ... FAILED
test the_running_test_process_reads_as_live ... ok

failures:

---- a_real_unreaped_corpse_reads_as_dead_and_the_old_shape_would_have_missed_it stdout ----
independent oracle for pid 65463: ps state=Z

thread 'a_real_unreaped_corpse_reads_as_dead_and_the_old_shape_would_have_missed_it' (210091541) panicked at crates/wcore-types/tests/real_zombie.rs:286:5:
assertion `left == right` failed: an unreaped corpse (pid 65463) must read as Dead, not Live. Oracle said: ps state=Z
  left: Live
 right: Dead
note: run with `RUST_BACKTRACE=1` environment variable to display a backtrace


failures:
    a_real_unreaped_corpse_reads_as_dead_and_the_old_shape_would_have_missed_it

test result: FAILED. 4 passed; 1 failed; 0 ignored; 0 measured; 0 filtered out; finished in 0.01s

error: test failed, to rerun pass `-p wcore-types --test real_zombie`
