F28H2 FINAL started=2026-07-29T00:33:55.8547661+07:00
SRC_SHA=3f3f93dc8dc64c847ad5ab0955837d3e91d44d1a
SRC_DIRTY=0
===== CLIPPY =====
cargo.exe :     Checking windows-link v0.2.1
At C:\f28h2\final.ps1:18 char:7
+ $c = (& cargo clippy -p wcore-sandbox --all-targets 2>&1 | Out-String ...
+       ~~~~~~~~~~~~~~~~~~~~~~~~~~~~~~~~~~~~~~~~~~~~~~~~~~
    + CategoryInfo          : NotSpecified: (    Checking windows-link v0.2.1:String) [], RemoteE 
   xception
    + FullyQualifiedErrorId : NativeCommandError
 
    Checking cfg-if v1.0.4
    Checking typenum v1.20.1
    Checking scopeguard v1.2.0
    Checking smallvec v1.15.1
    Checking pin-project-lite v0.2.17
    Checking bitflags v2.11.1
    Checking once_cell v1.21.4
    Checking memchr v2.8.1
    Checking winnow v1.0.3
    Checking ambient-authority v0.0.2
    Checking slab v0.4.12
    Checking futures-task v0.3.32
    Checking bytes v1.11.1
    Checking maybe-owned v0.3.4
    Checking futures-core v0.3.32
    Checking itoa v1.0.18
    Checking serde_core v1.0.228
    Checking windows_x86_64_msvc v0.52.6
    Checking io-lifetimes v2.0.4
    Checking zmij v1.0.21
    Checking ipnet v2.12.0
    Checking cpufeatures v0.2.17
    Checking futures-sink v0.3.32
    Checking winsafe v0.0.19
    Checking sha1_smol v1.0.1
    Checking toml_writer v1.1.1+spec-1.1.0
    Checking either v1.16.0
    Checking num-traits v0.2.19
    Checking fastrand v2.4.1
    Checking thiserror v2.0.18
    Checking getrandom v0.4.2
    Checking filetime v0.2.29
    Checking windows-sys v0.61.2
    Checking lock_api v0.4.14
    Checking windows-targets v0.52.6
    Checking tracing-core v0.1.36
    Checking parking_lot_core v0.9.12
    Checking futures-util v0.3.32
    Checking windows-sys v0.59.0
    Checking tar v0.4.46
    Checking toml_parser v1.1.2+spec-1.1.0
    Checking parking_lot v0.12.5
    Checking tracing v0.1.44
    Checking generic-array v0.14.7
    Checking crypto-common v0.1.7
    Checking block-buffer v0.10.4
    Checking digest v0.10.7
    Checking sha2 v0.10.9
    Checking serde v1.0.228
    Checking toml_datetime v1.1.1+spec-1.1.0
    Checking serde_spanned v1.1.1
    Checking serde_json v1.0.150
    Checking uuid v1.23.2
    Checking toml v1.1.2+spec-1.1.0
    Checking chrono v0.4.44
    Checking mio v1.2.1
    Checking socket2 v0.6.4
    Checking home v0.5.12
    Checking tempfile v3.27.0
    Checking winx v0.36.4
    Checking fs-set-times v0.20.3
    Checking io-extras v0.18.4
    Checking which v6.0.3
    Checking tokio v1.52.3
    Checking wcore-types v0.12.25 (C:\f28h2-repo\crates\wcore-types)
    Checking cap-primitives v3.4.5
    Checking cap-std v3.4.5
    Checking tokio-util v0.7.18
    Checking wcore-sandbox v0.12.25 (C:\f28h2-repo\crates\wcore-sandbox)
warning: unused import: `std::process::Command`
  --> crates\wcore-sandbox\tests\hard_process_containment_windows.rs:34:5
   |
34 | use std::process::Command;
   |     ^^^^^^^^^^^^^^^^^^^^^
   |
   = note: `#[warn(unused_imports)]` (part of `#[warn(unused)]`) on by default

warning: unused imports: `SandboxCommand` and `SandboxManifest`
  --> crates\wcore-sandbox\tests\hard_process_containment_windows.rs:39:21
   |
39 | use wcore_sandbox::{SandboxCommand, SandboxManifest};
   |                     ^^^^^^^^^^^^^^  ^^^^^^^^^^^^^^^

warning: unused imports: `hold_iterations`, `live_descendant_pids`, and `resolve_anchor_pid`
  --> crates\wcore-sandbox\tests\hard_process_containment_windows.rs:43:65
   |
43 |     capture_alive_descendant_pids, cmd_script, descendant_hold, hold_iterations, inline_hold,
   |                                                                 ^^^^^^^^^^^^^^^
44 |     live_descendant_count, live_descendant_pids, manifest, reap_stray_descendants,
   |                            ^^^^^^^^^^^^^^^^^^^^
45 |     require_live_windows, resolve_anchor_pid, surviving_captured_descendant_pids, wait_until,
   |                           ^^^^^^^^^^^^^^^^^^

warning: `wcore-sandbox` (test "hard_process_containment_windows") generated 3 warnings (run 
`cargo clippy --fix --test "hard_process_containment_windows" -p wcore-sandbox -- ` to apply 3 
suggestions)
    Finished `dev` profile [unoptimized + debuginfo] target(s) in 5.28s

CLIPPY_WARNINGS=4;CLIPPY_ERRORS=0
===== LIVE ACCEPTANCE (--lib, --ignored) =====
cargo.exe :    Compiling wcore-sandbox v0.12.25 (C:\f28h2-repo\crates\wcore-sandbox)
At C:\f28h2\final.ps1:29 char:7
+ $o = (& cargo test -p wcore-sandbox --lib -- --ignored --test-threads ...
+       ~~~~~~~~~~~~~~~~~~~~~~~~~~~~~~~~~~~~~~~~~~~~~~~~~~~~~~~~~~~~~~~
    + CategoryInfo          : NotSpecified: (   Compiling wc...\wcore-sandbox):String) [], Remote 
   Exception
    + FullyQualifiedErrorId : NativeCommandError
 
    Finished `test` profile [unoptimized + debuginfo] target(s) in 1.22s
     Running unittests src\lib.rs (C:\f28h2-target\debug\deps\wcore_sandbox-d9612696e1348a08.exe)

running 23 tests
test backends::appcontainer::appcontainer_acl_lease::mutation_lock::tests::global_user_keyed_mutex_serializes_processes ... 
running 1 test
test backends::appcontainer::appcontainer_acl_lease::mutation_lock::tests::mutation_lock_helper_entry ... ok

test result: ok. 1 passed; 0 failed; 0 ignored; 0 measured; 155 filtered out; finished in 2.00s

ok
test backends::appcontainer::appcontainer_acl_lease::storage::tests::atomic_rewrite_is_old_or_new_across_injected_crash_phases ... ok
test backends::appcontainer::appcontainer_acl_lease::storage::tests::equivalent_windows_spellings_resolve_to_one_file_identity ... ok
test backends::appcontainer::appcontainer_acl_lease::storage::tests::lease_root_junction_is_rejected_before_external_mutation ... ok
test backends::appcontainer::appcontainer_acl_lease::storage::tests::lease_symlink_is_rejected_without_following_it ... ok
test backends::appcontainer::appcontainer_acl_lease::storage::tests::opened_lease_cannot_be_swapped_under_validation ... ok
test backends::appcontainer::appcontainer_acl_lease::tests::killed_owner_is_recovered_before_next_execution ... 
running 1 test
ok
test backends::appcontainer::appcontainer_acl_lease::tests::live_owner_is_never_reclaimed ... ok
test backends::appcontainer::appcontainer_acl_lease::tests::malformed_or_unknown_lease_fails_closed ... ok
test backends::appcontainer::appcontainer_acl_lease::tests::real_profile_collision_allocates_a_new_identity ... ok
test backends::appcontainer::appcontainer_acl_lease::tests::setup_failure_after_durable_lease_cleans_up ... ok
test backends::appcontainer::windows_impl::tests::echo_runs_live ... ok
test backends::appcontainer::windows_impl::tests::large_output_survives_live ... ok
test backends::bwrap::tests::allow_hosts_unsupported ... ok
test backends::bwrap::tests::bwrap_denied_directory_is_not_writable ... ok
test backends::bwrap::tests::bwrap_denies_read_of_secret_under_allowed_root ... ok
test backends::bwrap::tests::bwrap_enforces_read_deny_returns_true ... ok
test backends::bwrap::tests::echo_runs_under_bwrap ... ok
test backends::bwrap::tests::missing_bind_source_is_skipped_not_fatal ... ok
test backends::bwrap::tests::relative_path_rejected ... ok
test backends::bwrap::tests::required_live_bwrap_admission ... FAILED
test backends::bwrap::tests::required_live_bwrap_hard_containment_mint_and_drift ... FAILED
test backends::bwrap::tests::required_live_bwrap_retained_cwd_enforcement ... FAILED

failures:

---- backends::bwrap::tests::required_live_bwrap_admission stdout ----

thread 'backends::bwrap::tests::required_live_bwrap_admission' (24400) panicked at crates\wcore-sandbox\src\backends\bwrap.rs:813:9:
required live bwrap must be installed and usable
note: run with `RUST_BACKTRACE=1` environment variable to display a backtrace

---- backends::bwrap::tests::required_live_bwrap_hard_containment_mint_and_drift stdout ----

thread 'backends::bwrap::tests::required_live_bwrap_hard_containment_mint_and_drift' (17748) panicked at crates\wcore-sandbox\src\backends\bwrap.rs:851:9:
required live bwrap must be installed and usable

---- backends::bwrap::tests::required_live_bwrap_retained_cwd_enforcement stdout ----

thread 'backends::bwrap::tests::required_live_bwrap_retained_cwd_enforcement' (30664) panicked at crates\wcore-sandbox\src\backends\bwrap.rs:904:9:
required live bwrap must be installed and usable


failures:
    backends::bwrap::tests::required_live_bwrap_admission
    backends::bwrap::tests::required_live_bwrap_hard_containment_mint_and_drift
    backends::bwrap::tests::required_live_bwrap_retained_cwd_enforcement

test result: FAILED. 20 passed; 3 failed; 0 ignored; 0 measured; 133 filtered out; finished in 5.59s

error: test failed, to rerun pass `-p wcore-sandbox --lib`

LIVE_RESULT=ok;passed=1;failed=0;ignored=0
finished=2026-07-29T00:34:08.5493076+07:00
