   Compiling proc-macro2 v1.0.106
   Compiling quote v1.0.45
   Compiling unicode-ident v1.0.24
   Compiling serde_core v1.0.228
    Checking cfg-if v1.0.4
   Compiling libc v0.2.186
   Compiling serde v1.0.228
    Checking memchr v2.8.1
    Checking itoa v1.0.18
    Checking log v0.4.30
    Checking once_cell v1.21.4
   Compiling libm v0.2.16
   Compiling version_check v0.9.5
   Compiling autocfg v1.5.1
   Compiling parking_lot_core v0.9.12
    Checking typenum v1.20.1
    Checking scopeguard v1.2.0
   Compiling zmij v1.0.21
    Checking pin-project-lite v0.2.17
    Checking lock_api v0.4.14
    Checking bytes v1.11.1
   Compiling thiserror v2.0.18
   Compiling num-traits v0.2.19
   Compiling generic-array v0.14.7
    Checking subtle v2.6.1
   Compiling serde_json v1.0.150
    Checking futures-core v0.3.32
    Checking tracing-core v0.1.36
    Checking futures-sink v0.3.32
    Checking slab v0.4.12
    Checking futures-io v0.3.32
    Checking futures-task v0.3.32
    Checking futures-channel v0.3.32
    Checking iana-time-zone v0.1.65
   Compiling syn v2.0.117
    Checking cpufeatures v0.2.17
   Compiling rustix v1.1.4
    Checking linux-raw-sys v0.12.1
   Compiling getrandom v0.4.2
    Checking rand_core v0.10.1
   Compiling pkg-config v0.3.33
    Checking fastrand v2.4.1
    Checking ipnet v2.12.0
    Checking workspace-hack v0.1.0 (/root/wayland-fix-clippy-gate/workspace-hack)
    Checking winnow v1.0.3
    Checking toml_writer v1.1.1+spec-1.1.0
   Compiling find-msvc-tools v0.1.9
   Compiling shlex v2.0.1
    Checking allocator-api2 v0.2.21
    Checking block-buffer v0.10.4
    Checking equivalent v1.0.2
    Checking toml_parser v1.1.2+spec-1.1.0
    Checking foldhash v0.2.0
   Compiling anyhow v1.0.103
    Checking ryu v1.0.23
    Checking getrandom v0.2.17
    Checking errno v0.3.14
    Checking mio v1.2.1
    Checking socket2 v0.6.4
    Checking hashbrown v0.17.1
    Checking signal-hook-registry v1.4.8
    Checking rand_core v0.6.4
    Checking option-ext v0.2.0
    Checking http v1.4.1
    Checking fnv v1.0.7
    Checking bitflags v2.11.1
    Checking crypto-common v0.1.7
    Checking toml_datetime v1.1.1+spec-1.1.0
    Checking serde_spanned v1.1.1
    Checking dirs-sys v0.5.0
   Compiling zerocopy v0.8.50
    Checking base64 v0.22.1
    Checking digest v0.10.7
    Checking percent-encoding v2.3.2
    Checking dirs v6.0.0
    Checking toml v1.1.2+spec-1.1.0
    Checking indexmap v2.14.0
   Compiling dunce v1.0.5
   Compiling fs_extra v1.3.0
    Checking sha2 v0.10.9
   Compiling jobserver v0.1.34
    Checking aho-corasick v1.1.4
    Checking regex-syntax v0.8.10
   Compiling aws-lc-rs v1.17.0
    Checking http-body v1.0.1
   Compiling cc v1.2.63
    Checking stable_deref_trait v1.2.1
    Checking http-body-util v0.1.3
    Checking untrusted v0.9.0
    Checking untrusted v0.7.1
   Compiling httparse v1.10.1
    Checking tower-service v0.3.3
   Compiling rustls v0.23.40
    Checking form_urlencoded v1.2.2
    Checking httpdate v1.0.3
    Checking try-lock v0.2.5
    Checking atomic-waker v1.1.2
    Checking tower-layer v0.3.3
    Checking writeable v0.6.3
    Checking litemap v0.8.2
    Checking want v0.3.1
    Checking sync_wrapper v1.0.2
   Compiling icu_normalizer_data v2.2.0
   Compiling icu_properties_data v2.2.0
    Checking utf8_iter v1.0.4
    Checking openssl-probe v0.2.1
   Compiling vcpkg v0.2.15
    Checking mime v0.3.17
   Compiling unicase v2.9.0
    Checking sha1_smol v1.0.1
   Compiling ahash v0.8.12
    Checking unsafe-libyaml v0.2.11
   Compiling mime_guess v2.0.5
    Checking base64ct v1.8.3
   Compiling cmake v0.1.58
    Checking uuid v1.23.2
    Checking fallible-iterator v0.3.0
    Checking fallible-streaming-iterator v0.1.9
    Checking block-padding v0.3.3
    Checking glob v0.3.3
    Checking inout v0.1.4
   Compiling libdbus-sys v0.2.7
    Checking universal-hash v0.5.1
    Checking opaque-debug v0.3.1
    Checking password-hash v0.5.0
    Checking blake2 v0.10.6
    Checking aead v0.5.2
    Checking rtoolbox v0.0.5
    Checking regex-automata v0.4.14
    Checking serde_ignored v0.1.14
    Checking poly1305 v0.8.0
    Checking either v1.16.0
    Checking rpassword v7.5.2
   Compiling io-lifetimes v2.0.4
   Compiling aws-lc-sys v0.41.0
   Compiling ring v0.17.14
   Compiling libsqlite3-sys v0.30.1
   Compiling synstructure v0.13.2
    Checking dbus v0.9.11
    Checking argon2 v0.5.3
   Compiling io-extras v0.18.4
    Checking ambient-authority v0.0.2
   Compiling cap-primitives v3.4.5
    Checking maybe-owned v0.3.4
   Compiling cap-std v3.4.5
   Compiling rustix v0.38.44
    Checking linux-raw-sys v0.4.15
   Compiling libseccomp-sys v0.3.0
   Compiling libseccomp v0.4.0
    Checking filetime v0.2.29
    Checking home v0.5.12
   Compiling semver v1.0.28
   Compiling getrandom v0.3.4
   Compiling rustc_version v0.4.1
    Checking tempfile v3.27.0
   Compiling serde_derive v1.0.228
   Compiling thiserror-impl v2.0.18
   Compiling tokio-macros v2.7.0
   Compiling tracing-attributes v0.1.31
   Compiling futures-macro v0.3.32
   Compiling async-trait v0.1.89
   Compiling zeroize_derive v1.4.3
   Compiling zerocopy-derive v0.8.50
   Compiling zerofrom-derive v0.1.7
    Checking zeroize v1.8.2
    Checking futures-util v0.3.32
    Checking rustls-pki-types v1.14.1
   Compiling yoke-derive v0.8.2
   Compiling displaydoc v0.2.6
    Checking tracing v0.1.44
   Compiling zerovec-derive v0.11.3
    Checking regex v1.12.3
    Checking webpki-roots v1.0.7
    Checking rustls-native-certs v0.8.4
    Checking cipher v0.4.4
    Checking dbus-secret-service v4.1.0
    Checking zerofrom v0.1.8
    Checking fd-lock v4.0.4
    Checking fs-set-times v0.20.3
    Checking yoke v0.8.2
    Checking rustix-linux-procfs v0.1.1
    Checking chacha20 v0.9.1
    Checking xattr v1.6.1
    Checking keyring v3.6.3
    Checking zerotrie v0.2.4
    Checking tar v0.4.46
    Checking chacha20poly1305 v0.10.1
    Checking zerovec v0.11.6
    Checking which v6.0.3
   Compiling sqlite-vec v0.1.9
    Checking rand_core v0.9.5
    Checking bytemuck v1.25.0
    Checking tinystr v0.8.3
    Checking potential_utf v0.1.5
    Checking humantime v2.3.0
    Checking icu_collections v2.2.0
    Checking icu_locale_core v2.2.0
    Checking cpufeatures v0.3.0
    Checking futures-executor v0.3.32
   Compiling serial_test_derive v3.5.0
   Compiling rustversion v1.0.22
    Checking futures v0.3.32
   Compiling crossbeam-utils v0.8.21
    Checking smallvec v1.15.1
    Checking chrono v0.4.44
    Checking serde_urlencoded v0.7.1
    Checking serde_yaml v0.9.34+deprecated
    Checking wcore-compact v0.12.25 (/root/wayland-fix-clippy-gate/crates/wcore-compact)
    Checking wcore-safety v0.12.25 (/root/wayland-fix-clippy-gate/crates/wcore-safety)
    Checking icu_provider v2.2.0
    Checking humantime-serde v1.1.1
    Checking parking_lot v0.12.5
    Checking icu_properties v2.2.0
    Checking icu_normalizer v2.2.0
    Checking tokio v1.52.3
    Checking serial_test v3.5.0
    Checking byteorder v1.5.0
   Compiling crc32fast v1.5.0
    Checking wcore-types v0.12.25 (/root/wayland-fix-clippy-gate/crates/wcore-types)
    Checking wcore-budget v0.12.25 (/root/wayland-fix-clippy-gate/crates/wcore-budget)
   Compiling crossbeam-epoch v0.9.20
    Checking same-file v1.0.6
    Checking bumpalo v3.20.3
    Checking walkdir v2.5.0
    Checking nom v8.0.0
    Checking encoding_rs v0.8.35
    Checking idna_adapter v1.2.2
    Checking simd-adler32 v0.3.9
    Checking idna v1.1.0
    Checking crossbeam-deque v0.8.6
    Checking adler2 v2.0.1
    Checking miniz_oxide v0.8.9
    Checking zlib-rs v0.6.6
    Checking url v2.5.8
    Checking tinyvec_macros v0.1.1
    Checking tinyvec v1.11.0
    Checking chacha20 v0.10.0
    Checking ppv-lite86 v0.2.21
    Checking half v2.7.1
    Checking unicode-normalization v0.1.25
    Checking hashbrown v0.14.5
    Checking bstr v1.12.1
    Checking rand_chacha v0.3.1
    Checking rand_chacha v0.9.0
    Checking rand v0.8.6
    Checking unicode-bidi v0.3.18
    Checking rand v0.9.4
    Checking unicode-properties v0.1.4
    Checking hashlink v0.9.1
    Checking flate2 v1.1.9
    Checking globset v0.4.18
    Checking stringprep v0.1.5
    Checking rand v0.10.1
    Checking weezl v0.1.12
    Checking quick-xml v0.41.0
    Checking ignore v0.4.25
    Checking zopfli v0.8.3
    Checking rand_distr v0.5.1
    Checking rusqlite v0.32.1
    Checking quick-error v2.0.1
    Checking pom v1.1.0
    Checking zune-core v0.5.1
    Checking fdeflate v0.3.7
    Checking ecb v0.1.2
    Checking cbc v0.1.2
    Checking aes v0.8.4
    Checking zune-jpeg v0.5.15
    Checking md-5 v0.10.6
    Checking fax v0.2.7
    Checking pxfm v0.1.29
    Checking debug_unsafe v0.1.4
    Checking rangemap v1.7.1
    Checking byteorder-lite v0.1.0
    Checking typed-path v0.12.3
    Checking ttf-parser v0.25.1
    Checking color_quant v1.1.0
   Compiling zip v2.4.2
    Checking wcore-repomap v0.12.25 (/root/wayland-fix-clippy-gate/crates/wcore-repomap)
    Checking png v0.18.1
    Checking atoi_simd v0.18.1
    Checking image-webp v0.2.4
    Checking gif v0.14.2
    Checking type1-encoding-parser v0.1.1
    Checking tokio-util v0.7.18
    Checking tower v0.5.3
    Checking wcore-protocol v0.12.25 (/root/wayland-fix-clippy-gate/crates/wcore-protocol)
    Checking tiff v0.11.3
    Checking adobe-cmap-parser v0.4.1
    Checking codepage v0.1.2
   Compiling hashify v0.2.9
    Checking zip v8.6.0
    Checking tower-http v0.6.11
    Checking euclid v0.20.14
    Checking csv-core v0.1.13
    Checking h2 v0.4.14
    Checking wcore-sandbox v0.12.25 (/root/wayland-fix-clippy-gate/crates/wcore-sandbox)
    Checking cff-parser v0.2.0
    Checking fast-float2 v0.2.3
    Checking mutate_once v0.1.2
    Checking postscript v0.14.1
    Checking kamadak-exif v0.6.1
    Checking csv v1.4.0
    Checking calamine v0.36.1
    Checking lru v0.18.0
    Checking lopdf v0.42.0
    Checking mail-parser v0.11.3
   Compiling heck v0.5.0
    Checking moxcms v0.8.1
   Compiling serde_derive_internals v0.29.1
   Compiling schemars v0.8.22
    Checking dyn-clone v1.0.20
    Checking inventory v0.3.24
    Checking signature v2.2.0
    Checking utf8parse v0.2.2
    Checking anstyle v1.0.14
    Checking anstyle-query v1.1.5
    Checking anstyle-parse v1.0.0
    Checking is_terminal_polyfill v1.70.2
    Checking colorchoice v1.0.5
    Checking clap_lex v1.1.0
    Checking strsim v0.11.1
    Checking anstream v1.0.0
   Compiling schemars_derive v0.8.22
   Compiling clap_derive v4.6.1
   Compiling num-conv v0.2.2
    Checking clap_builder v4.6.0
    Checking powerfmt v0.2.0
   Compiling time-core v0.1.8
   Compiling time-macros v0.2.27
   Compiling wcore-plugin-api v0.12.25 (/root/wayland-fix-clippy-gate/crates/wcore-plugin-api)
    Checking hyper v1.10.1
    Checking deranged v0.5.8
    Checking num_threads v0.1.7
    Checking num-integer v0.1.46
    Checking lazy_static v1.5.0
   Compiling thiserror v1.0.69
   Compiling thiserror-impl v1.0.69
    Checking clap v4.6.1
    Checking pdf-extract v0.12.0
    Checking hex v0.4.3
    Checking hmac v0.12.1
    Checking sha1 v0.10.6
    Checking arrayvec v0.7.6
    Checking image v0.25.10
    Checking unicode-width v0.2.2
    Checking assert-json-diff v2.0.2
    Checking http v0.2.12
    Checking hyper-util v0.1.20
    Checking vsimd v0.8.0
    Checking outref v0.5.2
   Compiling toml_edit v0.25.12+spec-1.1.0
   Compiling rstest_macros v0.26.1
    Checking time v0.3.47
   Compiling curve25519-dalek v4.1.3
    Checking bytes-utils v0.1.4
    Checking base64-simd v0.8.0
    Checking http-body v0.4.6
    Checking pem v3.0.6
    Checking pin-utils v0.1.0
    Checking const-oid v0.9.6
   Compiling proc-macro-crate v3.5.0
   Compiling curve25519-dalek-derive v0.1.1
    Checking inotify-sys v0.1.5
    Checking hybrid-array v0.4.12
   Compiling relative-path v1.9.3
    Checking inotify v0.11.2
    Checking num-bigint v0.4.6
    Checking ed25519 v2.2.3
    Checking aws-smithy-async v1.2.14
   Compiling aws-smithy-runtime-api-macros v1.0.0
    Checking notify-types v2.1.0
    Checking aws-smithy-types v1.4.9
    Checking cmov v0.5.4
    Checking futures-timer v3.0.4
    Checking crypto-common v0.2.2
    Checking block-buffer v0.12.0
    Checking notify v8.2.0
    Checking axum-core v0.4.5
    Checking ctutils v0.4.2
   Compiling axum-macros v0.4.2
    Checking serde_path_to_error v0.1.20
    Checking const-oid v0.10.2
    Checking matchit v0.7.3
    Checking ed25519-dalek v2.2.0
    Checking der v0.6.1
    Checking crypto-bigint v0.4.9
    Checking ff v0.12.1
    Checking num_cpus v1.17.0
    Checking aws-smithy-runtime-api v1.12.3
    Checking simple_asn1 v0.6.4
    Checking digest v0.11.3
    Checking base16ct v0.1.1
    Checking deadpool-runtime v0.1.4
    Checking group v0.12.1
    Checking hmac v0.13.0
    Checking sha2 v0.11.0
    Checking deadpool v0.12.3
    Checking signature v1.6.4
    Checking wcore-agents-pack v0.12.25 (/root/wayland-fix-clippy-gate/crates/wcore-agents-pack)
   Compiling aws-types v1.3.16
    Checking crypto-bigint v0.5.5
    Checking rfc6979 v0.3.1
    Checking wiremock v0.6.5
    Checking spki v0.6.0
    Checking regex-lite v0.1.9
    Checking xmlparser v0.13.6
    Checking wcore-dispatch v0.12.25 (/root/wayland-fix-clippy-gate/crates/wcore-dispatch)
    Checking pkcs8 v0.9.0
    Checking sec1 v0.3.0
    Checking urlencoding v2.1.3
    Checking aws-smithy-xml v0.60.15
    Checking aws-smithy-schema v0.1.0
    Checking aws-smithy-http v0.63.6
    Checking aws-credential-types v1.2.14
    Checking elliptic-curve v0.12.3
    Checking aws-smithy-observability v0.2.6
    Checking aws-smithy-query v0.60.15
   Compiling rayon-core v1.13.0
    Checking is-terminal v0.4.17
    Checking plotters-backend v0.3.7
    Checking ciborium-io v0.2.2
    Checking itertools v0.10.5
    Checking cast v0.3.0
    Checking tinytemplate v1.2.1
    Checking axum v0.7.9
    Checking ciborium-ll v0.2.2
    Checking ecdsa v0.14.8
    Checking aws-smithy-json v0.62.7
    Checking plotters-svg v0.3.7
    Checking anes v0.1.6
    Checking oorandom v11.1.5
    Checking ciborium v0.2.2
    Checking plotters v0.3.7
    Checking static_assertions v1.1.0
    Checking data-encoding v2.11.0
   Compiling cranelift-srcgen v0.123.12
    Checking p256 v0.11.1
    Checking utf-8 v0.7.6
    Checking rayon v1.12.0
   Compiling cranelift-assembler-x64-meta v0.123.12
    Checking webpki-roots v0.26.11
   Compiling openssl-sys v0.9.116
   Compiling pulley-macros v36.0.12
    Checking cranelift-bitset v0.123.12
    Checking itertools v0.14.0
    Checking aws-sigv4 v1.4.3
   Compiling blake3 v1.8.5
   Compiling lexical-core v0.7.6
    Checking criterion-plot v0.5.0
    Checking foldhash v0.1.5
   Compiling cranelift-isle v0.123.12
   Compiling nom v5.1.3
    Checking hashbrown v0.15.5
   Compiling pulley-interpreter v36.0.12
    Checking arrayref v0.3.9
   Compiling target-lexicon v0.13.5
    Checking arrayvec v0.5.2
    Checking bitflags v1.3.2
    Checking foreign-types-shared v0.1.1
    Checking rstest v0.26.1
   Compiling cranelift-codegen-shared v0.123.12
   Compiling openssl v0.10.80
    Checking constant_time_eq v0.4.2
    Checking foreign-types v0.3.2
    Checking cranelift-entity v0.123.12
   Compiling openssl-macros v0.1.1
   Compiling native-tls v0.2.18
   Compiling wasmtime-internal-versioned-export-macros v36.0.12
    Checking gimli v0.32.3
    Checking criterion v0.5.1
    Checking wasmtime-internal-math v36.0.12
    Checking arbitrary v1.4.2
    Checking rustc-hash v2.1.2
   Compiling cranelift-assembler-x64 v0.123.12
    Checking regalloc2 v0.12.2
   Compiling cranelift-codegen-meta v0.123.12
    Checking cranelift-control v0.123.12
    Checking cranelift-bforest v0.123.12
    Checking email-encoding v0.4.1
   Compiling wasmparser v0.236.1
    Checking quoted_printable v0.5.2
    Checking email_address v0.2.9
    Checking bufstream v0.1.4
    Checking imap-proto v0.10.2
    Checking base64 v0.13.1
   Compiling object v0.37.3
    Checking minimal-lexical v0.2.1
   Compiling wasm-encoder v0.236.1
    Checking nom v7.1.3
    Checking cobs v0.3.0
    Checking imap v2.4.1
   Compiling unicode-xid v0.2.6
    Checking leb128fmt v0.1.0
    Checking termcolor v1.4.1
   Compiling id-arena v2.3.0
    Checking postcard v1.1.3
   Compiling wasmtime-internal-fiber v36.0.12
   Compiling wasmtime-internal-unwinder v36.0.12
    Checking cron v0.12.1
   Compiling wasmtime-internal-component-macro v36.0.12
    Checking wasmtime-internal-component-util v36.0.12
    Checking wcore-cron v0.12.25 (/root/wayland-fix-clippy-gate/crates/wcore-cron)
   Compiling wasmtime v36.0.12
    Checking gethostname v1.1.0
    Checking wasmtime-internal-asm-macros v36.0.12
    Checking x11rb-protocol v0.13.2
   Compiling cranelift-codegen v0.123.12
    Checking memfd v0.6.5
    Checking wasmtime-internal-jit-icache-coherence v36.0.12
    Checking wasmtime-internal-slab v36.0.12
   Compiling cap-fs-ext v3.4.5
   Compiling system-interface v0.27.3
    Checking cap-rand v3.4.5
    Checking cap-net-ext v3.4.5
    Checking cap-time-ext v3.4.5
   Compiling signal-hook v0.3.18
   Compiling unicode-segmentation v1.13.3
    Checking wcore-permissions v0.12.25 (/root/wayland-fix-clippy-gate/crates/wcore-permissions)
   Compiling convert_case v0.10.0
   Compiling litrs v1.0.0
   Compiling derive_more-impl v2.1.1
    Checking signal-hook-mio v0.2.5
    Checking md-5 v0.11.0
   Compiling document-features v0.2.12
   Compiling der_derive v0.7.3
    Checking flagset v0.4.7
    Checking siphasher v1.0.3
    Checking fallible-iterator v0.2.0
    Checking phf_shared v0.13.1
    Checking derive_more v2.1.1
    Checking wcore-user-model v0.12.25 (/root/wayland-fix-clippy-gate/crates/wcore-user-model)
    Checking crossterm v0.29.0
    Checking phf v0.13.1
    Checking postgres-protocol v0.6.12
    Checking whoami v2.1.2
    Checking is-docker v0.2.0
    Checking is-wsl v0.4.0
    Checking pathdiff v0.2.3
    Checking psl-types v2.0.11
    Checking postgres-types v0.2.14
    Checking der v0.7.10
    Checking x11rb v0.13.2
    Checking base64 v0.21.7
    Checking psl v2.1.212
    Checking open v5.3.5
    Checking ron v0.8.1
    Checking tokio-postgres v0.7.18
    Checking tokio-stream v0.1.18
    Checking wayland-ijfw v0.12.25 (/root/wayland-fix-clippy-gate/crates/wayland-ijfw)
    Checking wasmprinter v0.236.1
    Checking tokio-test v0.4.5
   Compiling mockall_derive v0.14.0
    Checking spki v0.7.3
    Checking predicates-core v1.0.10
   Compiling mockall v0.14.0
    Checking termtree v0.5.1
    Checking predicates v3.1.4
    Checking x509-cert v0.2.5
    Checking predicates-tree v1.0.13
    Checking fragile v2.1.0
    Checking downcast v0.11.0
   Compiling cfg_aliases v0.1.1
   Compiling vte_generate_state_changes v0.1.2
    Checking filedescriptor v0.8.3
   Compiling nix v0.28.0
    Checking serial2 v0.2.37
    Checking vte v0.11.1
    Checking unicode-width v0.1.14
   Compiling wit-parser v0.236.1
    Checking wasmtime-environ v36.0.12
    Checking downcast-rs v1.2.1
    Checking shell-words v1.1.1
    Checking sharded-slab v0.1.7
    Checking matchers v0.2.0
    Checking vt100 v0.15.2
    Checking tracing-log v0.2.0
    Checking thread_local v1.1.9
    Checking nu-ansi-term v0.50.3
   Compiling ident_case v1.0.1
    Checking tracing-subscriber v0.3.23
    Checking hashbrown v0.16.1
   Compiling darling_core v0.23.0
    Checking portable-pty v0.9.0
   Compiling utoipa-gen v5.5.0
   Compiling strum_macros v0.27.2
    Checking castaway v0.2.4
    Checking similar v2.7.0
   Compiling indoc v2.0.7
   Compiling instability v0.3.12
    Checking colored v3.1.1
    Checking compact_str v0.9.1
    Checking kasuari v0.4.12
    Checking mockito v1.7.2
    Checking lru v0.16.4
    Checking unicode-truncate v2.0.1
    Checking tower-http v0.5.2
    Checking wcore-pluginsrc v0.12.25 (/root/wayland-fix-clippy-gate/crates/wcore-pluginsrc)
    Checking line-clipping v0.3.7
    Checking bit-vec v0.8.0
   Compiling wasmtime-internal-wit-bindgen v36.0.12
    Checking bit-set v0.8.0
   Compiling pulldown-cmark v0.13.4
    Checking fancy-regex v0.16.2
    Checking nucleo-matcher v0.3.1
    Checking wayland-browser v0.12.25 (/root/wayland-fix-clippy-gate/crates/wayland-browser)
    Checking wayland-cua v0.12.25 (/root/wayland-fix-clippy-gate/crates/wayland-cua)
    Checking plist v1.10.0
    Checking getopts v0.2.24
    Checking crossbeam-channel v0.5.15
    Checking strum v0.27.2
    Checking ratatui-core v0.1.0
    Checking bincode v1.3.3
   Compiling wcore-cli v0.12.25 (/root/wayland-fix-clippy-gate/crates/wcore-cli)
    Checking smawk v0.3.2
   Compiling darling_macro v0.23.0
    Checking pulldown-cmark-escape v0.11.0
    Checking symlink v0.1.0
    Checking unicode-linebreak v0.1.5
    Checking tracing-appender v0.2.5
   Compiling darling v0.23.0
    Checking textwrap v0.16.2
    Checking syntect v5.3.0
    Checking nucleo v0.5.0
    Checking self-replace v1.5.0
    Checking sysinfo v0.33.1
   Compiling wasmparser v0.225.0
    Checking yasna v0.6.0
    Checking ratatui-widgets v0.3.0
    Checking ratatui-crossterm v0.1.0
    Checking rcgen v0.14.8
    Checking ratatui-macros v0.7.0
    Checking tui-tree-widget v0.24.0
error: spawned process is not `wait()`ed on in all code paths
   --> crates/wcore-cron/tests/single_owner.rs:505:17
    |
505 |       let child = std::process::Command::new(std::env::current_exe().unwrap())
    |  _________________^
506 | |         .args(["--exact", "cross_process_lease_worker", "--nocapture"])
507 | |         .env(CHILD_DIR_ENV, dir)
508 | |         .env(CHILD_OUT_ENV, out)
...   |
511 | |         .spawn()
512 | |         .expect("re-executing the test binary as a child must succeed");
    | |_______________________________________________________________________^
    |
note: this if expression has a `wait()` call, but it is missing an else block
   --> crates/wcore-cron/tests/single_owner.rs:515:13
    |
515 | /             if text.starts_with("STARTED") {
516 | |                 return child;
517 | |             }
    | |_____________^
note: `wait()` called here
   --> crates/wcore-cron/tests/single_owner.rs:516:24
    |
516 |                 return child;
    |                        ^^^^^
    = help: consider calling `.wait()` in all code paths
    = note: not doing so might leave behind zombie processes
    = note: see https://doc.rust-lang.org/stable/std/process/struct.Child.html#warning
    = help: for further information visit https://rust-lang.github.io/rust-clippy/rust-1.95.0/index.html#zombie_processes
    = note: `-D clippy::zombie-processes` implied by `-D warnings`
    = help: to override `-D warnings` add `#[allow(clippy::zombie_processes)]`

error: this `if` statement can be collapsed
   --> crates/wcore-cron/tests/single_owner.rs:514:9
    |
514 | /         if let Ok(text) = std::fs::read_to_string(out) {
515 | |             if text.starts_with("STARTED") {
516 | |                 return child;
517 | |             }
518 | |         }
    | |_________^
    |
    = help: for further information visit https://rust-lang.github.io/rust-clippy/rust-1.95.0/index.html#collapsible_if
    = note: `-D clippy::collapsible-if` implied by `-D warnings`
    = help: to override `-D warnings` add `#[allow(clippy::collapsible_if)]`
help: collapse nested if block
    |
514 ~         if let Ok(text) = std::fs::read_to_string(out)
515 ~             && text.starts_with("STARTED") {
516 |                 return child;
517 ~             }
    |

    Checking ratatui v0.30.0
error: could not compile `wcore-cron` (test "single_owner") due to 2 previous errors
warning: build failed, waiting for other jobs to finish...
