F23_H1_LIVE_BINARY=wayland-core 0.12.25 binary_sha256_16=97a2602e1ef9a3c4
F23_H1_REACH=1 id=ee1dd1378f2a32 tool_events=7 file_written=yes seed_exit=0 bytes=241652
F23_H1_RUN=1 id=ee1dd1378f2a32 phase=resume status=OK tool_events=7
F23_H1_REACH=2 id=eed352fd4d0e61 tool_events=1 file_written=yes seed_exit=0 bytes=94213
F23_H1_RUN=2 id=eed352fd4d0e61 phase=resume status=OK tool_events=1
F23_H1_REACH=3 id=ee17e57b4076e4 tool_events=6 file_written=yes seed_exit=0 bytes=236771
F23_H1_RUN=3 id=ee17e57b4076e4 phase=resume status=OK tool_events=6
F23_H1_REACH=4 id=ee421e8d6b7810 tool_events=1 file_written=yes seed_exit=0 bytes=98907
F23_H1_RUN=4 id=ee421e8d6b7810 phase=resume status=OK tool_events=1
F23_H1_REACH=5 id=ee1fa8671331d1 tool_events=1 file_written=yes seed_exit=0 bytes=94211
F23_H1_RUN=5 id=ee1fa8671331d1 phase=resume status=OK tool_events=1
F23_H1_REACH=6 id=eee91328522381 tool_events=4 file_written=yes seed_exit=0 bytes=224726
F23_H1_RUN=6 id=eee91328522381 phase=resume status=OK tool_events=4
F23_H1_REACH=7 id=ee90fbc2fdef00 tool_events=1 file_written=yes seed_exit=0 bytes=94207
F23_H1_RUN=7 id=ee90fbc2fdef00 phase=resume status=OK tool_events=1
F23_H1_REACH=8 id=eeec8839395123 tool_events=4 file_written=yes seed_exit=0 bytes=224521
F23_H1_RUN=8 id=eeec8839395123 phase=resume status=OK tool_events=4
F23_H1_REACH=9 id=ee9ac8ae502239 tool_events=1 file_written=yes seed_exit=0 bytes=94223
F23_H1_RUN=9 id=ee9ac8ae502239 phase=resume status=OK tool_events=1
F23_H1_REACH=10 id=ee588d79d21e35 tool_events=4 file_written=yes seed_exit=0 bytes=224699
F23_H1_RUN=10 id=ee588d79d21e35 phase=resume status=OK tool_events=4
F23_H1_LIVE runs=10 tool_runs=10 tool_events=30 no_tool_event=0 resume_ok=10 checksum_mismatch=0 other_journal_failure=0 seed_failure=0
BATCHRC=0
BATCHDONE
