 23:34:33 up 132 days,  8:24, 5408 users,  load average: 8.18, 7.16, 4.68
F23_H1_LIVE_BINARY=wayland-core 0.12.25 binary_sha256_16=97a2602e1ef9a3c4
F23_H1_REACH=1 id=ee4abd0046ea96 tool_events=4 file_written=yes seed_exit=0 bytes=222593
F23_H1_RUN=1 id=ee4abd0046ea96 phase=resume status=OK tool_events=4
F23_H1_REACH=2 id=ee5cd5bebe9857 tool_events=1 file_written=yes seed_exit=0 bytes=94220
F23_H1_RUN=2 id=ee5cd5bebe9857 phase=resume status=OK tool_events=1
F23_H1_REACH=3 id=ee8ade5322cd79 tool_events=1 file_written=yes seed_exit=0 bytes=93781
F23_H1_RUN=3 id=ee8ade5322cd79 phase=resume status=OK tool_events=1
F23_H1_REACH=4 id=ee75403a04ac80 tool_events=1 file_written=yes seed_exit=0 bytes=94210
F23_H1_RUN=4 id=ee75403a04ac80 phase=resume status=OK tool_events=1
F23_H1_REACH=5 id=ee03cfba197e46 tool_events=1 file_written=yes seed_exit=0 bytes=94210
F23_H1_RUN=5 id=ee03cfba197e46 phase=resume status=OK tool_events=1
F23_H1_REACH=6 id=ee14dbdfdd70ed tool_events=1 file_written=yes seed_exit=0 bytes=94220
F23_H1_RUN=6 id=ee14dbdfdd70ed phase=resume status=OK tool_events=1
F23_H1_REACH=7 id=eed4dc43f52c64 tool_events=1 file_written=yes seed_exit=0 bytes=95195
F23_H1_RUN=7 id=eed4dc43f52c64 phase=resume status=OK tool_events=1
F23_H1_REACH=8 id=eec8ceca485c50 tool_events=4 file_written=yes seed_exit=0 bytes=224736
F23_H1_RUN=8 id=eec8ceca485c50 phase=resume status=OK tool_events=4
F23_H1_REACH=9 id=eefcf2c491f5ad tool_events=1 file_written=yes seed_exit=0 bytes=94213
F23_H1_RUN=9 id=eefcf2c491f5ad phase=resume status=OK tool_events=1
F23_H1_REACH=10 id=ee725cd400b74b tool_events=4 file_written=yes seed_exit=0 bytes=224349
F23_H1_RUN=10 id=ee725cd400b74b phase=resume status=OK tool_events=4
F23_H1_REACH=11 id=ee86861ab63747 tool_events=1 file_written=yes seed_exit=0 bytes=94223
F23_H1_RUN=11 id=ee86861ab63747 phase=resume status=OK tool_events=1
F23_H1_REACH=12 id=eed5058f82ca40 tool_events=1 file_written=yes seed_exit=0 bytes=94220
F23_H1_RUN=12 id=eed5058f82ca40 phase=resume status=OK tool_events=1
F23_H1_LIVE runs=12 tool_runs=12 tool_events=21 no_tool_event=0 resume_ok=12 checksum_mismatch=0 other_journal_failure=0 seed_failure=0
BATCHRC=0
 23:35:44 up 132 days,  8:25, 5409 users,  load average: 10.18, 8.19, 5.24
BATCHDONE
