F23_H1_LIVE_BINARY=wayland-core 0.12.25 binary_sha256_16=dc147bdd9db507ed
F23_H1_REACH=1 id=eee6ef7690ab93 tool_events=1 file_written=yes seed_exit=0 bytes=98718
F23_H1_RUN=1 id=eee6ef7690ab93 phase=resume status=OK tool_events=1
F23_H1_REACH=2 id=ee5ae86cf8e7de tool_events=1 file_written=yes seed_exit=0 bytes=94213
F23_H1_RUN=2 id=ee5ae86cf8e7de phase=resume status=OK tool_events=1
F23_H1_REACH=3 id=ee6b610911651e tool_events=1 file_written=yes seed_exit=0 bytes=98897
F23_H1_RUN=3 id=ee6b610911651e phase=resume status=OK tool_events=1
F23_H1_REACH=4 id=eef0c1bcb93e31 tool_events=1 file_written=yes seed_exit=0 bytes=99397
F23_H1_RUN=4 id=eef0c1bcb93e31 phase=resume status=OK tool_events=1
F23_H1_REACH=5 id=eeb61d16a141d9 tool_events=1 file_written=yes seed_exit=0 bytes=94220
F23_H1_RUN=5 id=eeb61d16a141d9 phase=resume status=OK tool_events=1
F23_H1_REACH=6 id=ee28f5a17cc88f tool_events=1 file_written=yes seed_exit=0 bytes=94223
F23_H1_RUN=6 id=ee28f5a17cc88f phase=resume status=OK tool_events=1
F23_H1_REACH=7 id=ee47ea3e0f101c tool_events=1 file_written=yes seed_exit=0 bytes=94217
F23_H1_RUN=7 id=ee47ea3e0f101c phase=resume status=OK tool_events=1
F23_H1_REACH=8 id=eeca1e4bfbd940 tool_events=1 file_written=yes seed_exit=0 bytes=94211
F23_H1_RUN=8 id=eeca1e4bfbd940 phase=resume status=OK tool_events=1
F23_H1_REACH=9 id=ee7923036f5e3b tool_events=1 file_written=yes seed_exit=0 bytes=100241
F23_H1_RUN=9 id=ee7923036f5e3b phase=resume status=OK tool_events=1
F23_H1_REACH=10 id=ee931f401c5317 tool_events=1 file_written=yes seed_exit=0 bytes=99778
F23_H1_RUN=10 id=ee931f401c5317 phase=resume status=OK tool_events=1
F23_H1_REACH=11 id=eecbda5b948fd6 tool_events=1 file_written=yes seed_exit=0 bytes=93754
F23_H1_RUN=11 id=eecbda5b948fd6 phase=resume status=OK tool_events=1
F23_H1_REACH=12 id=ee79cbc01fbcdd tool_events=4 file_written=yes seed_exit=0 bytes=224679
F23_H1_RUN=12 id=ee79cbc01fbcdd phase=resume status=OK tool_events=4
F23_H1_LIVE runs=12 tool_runs=12 tool_events=15 no_tool_event=0 resume_ok=12 checksum_mismatch=0 other_journal_failure=0 seed_failure=0
BATCHRC=0
BATCHDONE
