 23:53:24 up 132 days,  8:42, 5478 users,  load average: 63.11, 35.91, 17.99
F23_H1_LIVE_BINARY=wayland-core 0.12.25 binary_sha256_16=dc147bdd9db507ed
F23_H1_REACH=1 id=ee546439d1efc7 tool_events=1 file_written=yes seed_exit=0 bytes=94410
F23_H1_RUN=1 id=ee546439d1efc7 phase=resume status=OK tool_events=1
F23_H1_REACH=2 id=ee8619bc9a9471 tool_events=1 file_written=yes seed_exit=0 bytes=94211
F23_H1_RUN=2 id=ee8619bc9a9471 phase=resume status=OK tool_events=1
F23_H1_REACH=3 id=eeb0a876ada8e4 tool_events=1 file_written=yes seed_exit=0 bytes=99384
F23_H1_RUN=3 id=eeb0a876ada8e4 phase=resume status=OK tool_events=1
F23_H1_REACH=4 id=eeabe0f76d07bc tool_events=4 file_written=yes seed_exit=0 bytes=224724
F23_H1_RUN=4 id=eeabe0f76d07bc phase=resume status=OK tool_events=4
F23_H1_REACH=5 id=ee92a2fe865810 tool_events=1 file_written=yes seed_exit=0 bytes=94207
F23_H1_RUN=5 id=ee92a2fe865810 phase=resume status=OK tool_events=1
F23_H1_REACH=6 id=ee84cd48f4c92c tool_events=1 file_written=yes seed_exit=0 bytes=99828
F23_H1_RUN=6 id=ee84cd48f4c92c phase=resume status=OK tool_events=1
F23_H1_REACH=7 id=eef840563f9e3c tool_events=4 file_written=yes seed_exit=0 bytes=224718
F23_H1_RUN=7 id=eef840563f9e3c phase=resume status=OK tool_events=4
F23_H1_REACH=8 id=ee69aeed7d38da tool_events=1 file_written=yes seed_exit=0 bytes=94211
F23_H1_RUN=8 id=ee69aeed7d38da phase=resume status=OK tool_events=1
F23_H1_REACH=9 id=ee74b62b4ce01b tool_events=1 file_written=yes seed_exit=0 bytes=94211
F23_H1_RUN=9 id=ee74b62b4ce01b phase=resume status=OK tool_events=1
F23_H1_REACH=10 id=ee7c462c5695d3 tool_events=1 file_written=yes seed_exit=0 bytes=100688
F23_H1_RUN=10 id=ee7c462c5695d3 phase=resume status=OK tool_events=1
F23_H1_REACH=11 id=eee1ff657e8538 tool_events=1 file_written=yes seed_exit=0 bytes=98483
F23_H1_RUN=11 id=eee1ff657e8538 phase=resume status=OK tool_events=1
F23_H1_REACH=12 id=ee9462866d02b3 tool_events=1 file_written=yes seed_exit=0 bytes=98912
F23_H1_RUN=12 id=ee9462866d02b3 phase=resume status=OK tool_events=1
F23_H1_LIVE runs=12 tool_runs=12 tool_events=18 no_tool_event=0 resume_ok=12 checksum_mismatch=0 other_journal_failure=0 seed_failure=0
BATCHRC=0
 23:54:34 up 132 days,  8:44, 5478 users,  load average: 66.15, 42.59, 21.62
BATCHDONE
