 23:58:12 up 132 days,  8:47, 5494 users,  load average: 70.15, 56.70, 31.72
F23_H1_LIVE_BINARY=wayland-core 0.12.25 binary_sha256_16=dc147bdd9db507ed
F23_H1_REACH=1 id=ee2adc139955f0 tool_events=1 file_written=yes seed_exit=0 bytes=95675
F23_H1_RUN=1 id=ee2adc139955f0 phase=resume status=OK tool_events=1
F23_H1_REACH=2 id=ee017c599ae804 tool_events=1 file_written=yes seed_exit=0 bytes=95262
F23_H1_RUN=2 id=ee017c599ae804 phase=resume status=OK tool_events=1
F23_H1_REACH=3 id=ee3e3e35eac573 tool_events=1 file_written=yes seed_exit=0 bytes=95860
F23_H1_RUN=3 id=ee3e3e35eac573 phase=resume status=OK tool_events=1
F23_H1_REACH=4 id=ee02f6f4da6c4a tool_events=1 file_written=yes seed_exit=0 bytes=100535
F23_H1_RUN=4 id=ee02f6f4da6c4a phase=resume status=OK tool_events=1
F23_H1_REACH=5 id=eebf9593511a09 tool_events=1 file_written=yes seed_exit=0 bytes=95436
F23_H1_RUN=5 id=eebf9593511a09 phase=resume status=OK tool_events=1
F23_H1_REACH=6 id=ee5d5977298cb4 tool_events=1 file_written=yes seed_exit=0 bytes=94228
F23_H1_RUN=6 id=ee5d5977298cb4 phase=resume status=OK tool_events=1
F23_H1_REACH=7 id=ee035715f991e1 tool_events=1 file_written=yes seed_exit=0 bytes=94918
F23_H1_RUN=7 id=ee035715f991e1 phase=resume status=OK tool_events=1
F23_H1_REACH=8 id=ee4b9a8accf62f tool_events=1 file_written=yes seed_exit=0 bytes=95303
F23_H1_RUN=8 id=ee4b9a8accf62f phase=resume status=OK tool_events=1
F23_H1_REACH=9 id=ee6f5b5ea8bb80 tool_events=1 file_written=yes seed_exit=0 bytes=95173
F23_H1_RUN=9 id=ee6f5b5ea8bb80 phase=resume status=OK tool_events=1
F23_H1_REACH=10 id=ee0a243e9f6686 tool_events=1 file_written=yes seed_exit=0 bytes=95515
F23_H1_RUN=10 id=ee0a243e9f6686 phase=resume status=OK tool_events=1
F23_H1_REACH=11 id=eea2b0761c678d tool_events=1 file_written=yes seed_exit=0 bytes=95633
F23_H1_RUN=11 id=eea2b0761c678d phase=resume status=OK tool_events=1
F23_H1_REACH=12 id=ee87d214143cfb tool_events=7 file_written=yes seed_exit=0 bytes=250135
F23_H1_RUN=12 id=ee87d214143cfb phase=resume status=OK tool_events=7
F23_H1_LIVE runs=12 tool_runs=12 tool_events=18 no_tool_event=0 resume_ok=12 checksum_mismatch=0 other_journal_failure=0 seed_failure=0
BATCHRC=0
 23:58:41 up 132 days,  8:48, 5494 users,  load average: 87.66, 61.86, 34.08
BATCHDONE
