 00:27:59 up 132 days,  9:17, 5580 users,  load average: 19.62, 11.74, 19.41
nvme0n1       11139.00         0.00   1253804.00         0.00          0    1253804          0
nvme1n1       11139.00         0.00   1253804.00         0.00          0    1253804          0


F23_H1_LIVE_BINARY=wayland-core 0.12.25 binary_sha256_16=dc147bdd9db507ed
F23_H1_REACH=1 id=eea69e59340101 tool_events=1 file_written=yes seed_exit=0 bytes=94506
F23_H1_RUN=1 id=eea69e59340101 phase=resume status=OK tool_events=1
F23_H1_REACH=2 id=ee852b58db274c tool_events=4 file_written=yes seed_exit=0 bytes=228945
F23_H1_RUN=2 id=ee852b58db274c phase=resume status=OK tool_events=4
F23_H1_REACH=3 id=ee616bb7e15933 tool_events=1 file_written=yes seed_exit=0 bytes=100080
F23_H1_RUN=3 id=ee616bb7e15933 phase=resume status=OK tool_events=1
F23_H1_REACH=4 id=ee5e05ab39cd5d tool_events=1 file_written=yes seed_exit=0 bytes=95142
F23_H1_RUN=4 id=ee5e05ab39cd5d phase=resume status=OK tool_events=1
F23_H1_REACH=5 id=ee18cec30fee5a tool_events=1 file_written=yes seed_exit=0 bytes=94932
F23_H1_RUN=5 id=ee18cec30fee5a phase=resume status=OK tool_events=1
F23_H1_REACH=6 id=ee3f79797cb57c tool_events=1 file_written=yes seed_exit=0 bytes=95096
F23_H1_RUN=6 id=ee3f79797cb57c phase=resume status=OK tool_events=1
F23_H1_REACH=7 id=ee08c3f6e0d962 tool_events=1 file_written=yes seed_exit=0 bytes=95210
F23_H1_RUN=7 id=ee08c3f6e0d962 phase=resume status=OK tool_events=1
F23_H1_REACH=8 id=eec490031f12c7 tool_events=6 file_written=yes seed_exit=0 bytes=242221
F23_H1_RUN=8 id=eec490031f12c7 phase=resume status=OK tool_events=6
F23_H1_REACH=9 id=ee1cde096c210b tool_events=1 file_written=yes seed_exit=0 bytes=101990
F23_H1_RUN=9 id=ee1cde096c210b phase=resume status=OK tool_events=1
F23_H1_REACH=10 id=ee20d1e2d91c8c tool_events=1 file_written=yes seed_exit=0 bytes=95238
F23_H1_RUN=10 id=ee20d1e2d91c8c phase=resume status=OK tool_events=1
F23_H1_REACH=11 id=ee52e704ba7fef tool_events=4 file_written=yes seed_exit=0 bytes=229572
F23_H1_RUN=11 id=ee52e704ba7fef phase=resume status=OK tool_events=4
F23_H1_REACH=12 id=ee1be22dfba747 tool_events=1 file_written=yes seed_exit=0 bytes=100516
F23_H1_RUN=12 id=ee1be22dfba747 phase=resume status=OK tool_events=1
F23_H1_LIVE runs=12 tool_runs=12 tool_events=23 no_tool_event=0 resume_ok=12 checksum_mismatch=0 other_journal_failure=0 seed_failure=0
BATCHRC=0
 00:28:24 up 132 days,  9:18, 5580 users,  load average: 19.23, 12.30, 19.39
BATCHDONE
