F23_H1_LIVE_BINARY=wayland-core 0.12.25 binary_sha256_16=8a6e9ee4f434a771
F23_H1_REACH=1 id=eec22182d30e82 tool_events=1 file_written=yes seed_exit=0 bytes=94843
F23_H1_RUN=1 id=eec22182d30e82 phase=resume status=OK tool_events=1
F23_H1_REACH=2 id=eee8938fe1b969 tool_events=1 file_written=yes seed_exit=0 bytes=94223
F23_H1_RUN=2 id=eee8938fe1b969 phase=resume status=OK tool_events=1
F23_H1_REACH=3 id=ee7a819912c2ab tool_events=4 file_written=yes seed_exit=0 bytes=224684
F23_H1_RUN=3 id=ee7a819912c2ab phase=resume status=OK tool_events=4
F23_H1_REACH=4 id=ee7ce565f3ac9d tool_events=1 file_written=yes seed_exit=0 bytes=94220
F23_H1_RUN=4 id=ee7ce565f3ac9d phase=resume status=OK tool_events=1
F23_H1_REACH=5 id=ee28ec0bcf1a33 tool_events=1 file_written=yes seed_exit=0 bytes=99766
F23_H1_RUN=5 id=ee28ec0bcf1a33 phase=resume status=OK tool_events=1
F23_H1_REACH=6 id=ee6541d12f28cd tool_events=1 file_written=yes seed_exit=0 bytes=99353
F23_H1_RUN=6 id=ee6541d12f28cd phase=resume status=OK tool_events=1
F23_H1_REACH=7 id=eeb47dcdb775c5 tool_events=1 file_written=yes seed_exit=0 bytes=94210
F23_H1_RUN=7 id=eeb47dcdb775c5 phase=resume status=OK tool_events=1
F23_H1_REACH=8 id=eeafabe8a5a280 tool_events=1 file_written=yes seed_exit=0 bytes=94210
F23_H1_RUN=8 id=eeafabe8a5a280 phase=resume status=OK tool_events=1
F23_H1_REACH=9 id=ee976dca9c0603 tool_events=1 file_written=yes seed_exit=0 bytes=94223
F23_H1_RUN=9 id=ee976dca9c0603 phase=resume status=OK tool_events=1
F23_H1_REACH=10 id=ee39faa87af52f tool_events=4 file_written=yes seed_exit=0 bytes=224467
F23_H1_RUN=10 id=ee39faa87af52f phase=resume status=OK tool_events=4
F23_H1_REACH=11 id=eeea46fbec5039 tool_events=1 file_written=yes seed_exit=0 bytes=94213
F23_H1_RUN=11 id=eeea46fbec5039 phase=resume status=OK tool_events=1
F23_H1_REACH=12 id=ee6d6fb052a8b0 tool_events=1 file_written=yes seed_exit=0 bytes=94220
F23_H1_RUN=12 id=ee6d6fb052a8b0 phase=resume status=OK tool_events=1
F23_H1_LIVE runs=12 tool_runs=12 tool_events=18 no_tool_event=0 resume_ok=12 checksum_mismatch=0 other_journal_failure=0 seed_failure=0
BATCHRC=0
BATCHDONE
