[base-c3] donor archive: donor.tar.gz
[base-c3] prefilling memory.db to ~300 MiB ...
[base-c3] prefill done in 1.8s, memory.db = 307.7 MiB
[base-c3] waiting for writers: 0/3 started (iter 0, 1785344151)
[base-c3] waiting for writers: 3/3 started (iter 1, 1785344152)
[base-c3] journal modes reported by writers: {'w0': 'wal', 'w1': 'wal', 'w2': 'wal'}
[base-c3] pre-restore committed high-water marks: {'w0': 1894, 'w1': 2006, 'w2': 1861}
[base-c3] restore --replace launched pid=177648
[base-c3] waiting for preserved=true (iter 20, 1.0s, records=1)
[base-c3] preserved=True after 1.01s op_id=1785344151831-177648
[base-c3] post-capture committed high-water marks: {'w0': 4060, 'w1': 4210, 'w2': 3888}
[base-c3] commits during capture window: w0=+2166, w1=+2204, w2=+2027
[base-c3] restore killed, reaped rc=-9
[base-c3] open journal records after kill: 1
[base-c3] backup recover rc=0
recovered_operations: 1
skipped_live_owner: 0
rolled_back: 1785344151831-177648
[base-c3] home entries after rollback: ['config.toml', 'memory.db', 'memory.db-shm', 'memory.db-wal']
---- RESULT ----
ARM: concurrent
WRITERS: 3
CAPTURE-SECONDS: 1.01
PRE-RESTORE-COMMITTED: 5761
RECOVERED-OPERATIONS: 1
ROLLED-BACK-SIDECARS: ['memory.db-shm', 'memory.db-wal']
INTEGRITY-CHECK: *** in database main ***
INTEGRITY-PROBLEM-LINES: 101
MISSING-COMMITTED-ROWS: -107
MISSING-BY-WRITER: {'w0': 0, 'w1': 0, 'w2': -107}
VERDICT: FAIL
