[base-c4] donor archive: donor.tar.gz
[base-c4] prefilling memory.db to ~300 MiB ...
[base-c4] prefill done in 1.7s, memory.db = 307.7 MiB
[base-c4] waiting for writers: 0/3 started (iter 0, 1785344155)
[base-c4] waiting for writers: 3/3 started (iter 1, 1785344156)
[base-c4] journal modes reported by writers: {'w0': 'wal', 'w1': 'wal', 'w2': 'wal'}
[base-c4] pre-restore committed high-water marks: {'w0': 2098, 'w1': 2018, 'w2': 2156}
[base-c4] restore --replace launched pid=180963
[base-c4] waiting for preserved=true (iter 20, 1.0s, records=1)
[base-c4] preserved=True after 1.06s op_id=1785344156138-180963
[base-c4] post-capture committed high-water marks: {'w0': 3473, 'w1': 3475, 'w2': 3576}
[base-c4] commits during capture window: w0=+1375, w1=+1457, w2=+1420
[base-c4] restore killed, reaped rc=-9
[base-c4] open journal records after kill: 1
[base-c4] backup recover rc=0
recovered_operations: 1
skipped_live_owner: 0
rolled_back: 1785344156138-180963
[base-c4] home entries after rollback: ['config.toml', 'memory.db', 'memory.db-shm', 'memory.db-wal']
---- RESULT ----
ARM: concurrent
WRITERS: 3
CAPTURE-SECONDS: 1.06
PRE-RESTORE-COMMITTED: 6272
RECOVERED-OPERATIONS: 1
ROLLED-BACK-SIDECARS: ['memory.db-shm', 'memory.db-wal']
INTEGRITY-CHECK: ok
INTEGRITY-PROBLEM-LINES: 0
MISSING-COMMITTED-ROWS: 0
MISSING-BY-WRITER: {'w0': 0, 'w1': 0, 'w2': 0}
VERDICT: PASS
