[base-r2] donor archive: donor.tar.gz
[base-r2] prefilling memory.db to ~300 MiB ...
[base-r2] prefill done in 2.0s, memory.db = 307.7 MiB
[base-r2] waiting for writers: 0/3 started (iter 0, 1785344407)
[base-r2] waiting for writers: 3/3 started (iter 1, 1785344408)
[base-r2] journal modes reported by writers: {'w0': 'wal', 'w1': 'wal', 'w2': 'wal'}
[base-r2] pre-restore committed high-water marks: {'w0': 2236, 'w1': 2204, 'w2': 2205}
[base-r2] restore --replace launched pid=264170
[base-r2] preserved=True after 0.96s op_id=1785344407987-264170
[base-r2] post-capture committed high-water marks: {'w0': 4125, 'w1': 4104, 'w2': 4165}
[base-r2] commits during capture window: w0=+1889, w1=+1900, w2=+1960
[base-r2] restore killed, reaped rc=-9
[base-r2] open journal records after kill: 1
[base-r2] backup recover rc=0
recovered_operations: 1
skipped_live_owner: 0
rolled_back: 1785344407987-264170
[base-r2] home entries after rollback: ['config.toml', 'memory.db', 'memory.db-shm', 'memory.db-wal']
---- RESULT ----
ARM: concurrent
WRITERS: 3
CAPTURE-SECONDS: 0.96
PRE-RESTORE-COMMITTED: 6645
RECOVERED-OPERATIONS: 1
ROLLED-BACK-SIDECARS: ['memory.db-shm', 'memory.db-wal']
INTEGRITY-CHECK: *** in database main ***
INTEGRITY-PROBLEM-LINES: 101
MISSING-COMMITTED-ROWS: 16
MISSING-BY-WRITER: {'w0': 0, 'w1': 16, 'w2': 0}
IMPOSSIBLE-SURPLUS-ROWS: 0
VERDICT: FAIL
