[fix-f1] donor archive: donor.tar.gz
[fix-f1] prefilling memory.db to ~300 MiB ...
[fix-f1] prefill done in 1.6s, memory.db = 307.7 MiB
[fix-f1] waiting for writers: 0/3 started (iter 0, 1785344715)
[fix-f1] waiting for writers: 3/3 started (iter 1, 1785344716)
[fix-f1] journal modes reported by writers: {'w0': 'wal', 'w1': 'wal', 'w2': 'wal'}
[fix-f1] pre-restore committed high-water marks: {'w0': 2337, 'w1': 2392, 'w2': 2305}
[fix-f1] restore --replace launched pid=344207
[fix-f1] waiting for preserved=true (iter 20, 1.0s, records=0)
[fix-f1] waiting for preserved=true (iter 40, 2.0s, records=1)
[fix-f1] preserved=True after 2.21s op_id=1785344715625-344207
[fix-f1] post-capture committed high-water marks: {'w0': 6128, 'w1': 6304, 'w2': 6041}
[fix-f1] commits during capture window: w0=+3791, w1=+3912, w2=+3736
[fix-f1] restore killed, reaped rc=-9
[fix-f1] open journal records after kill: 1
[fix-f1] backup recover rc=0
recovered_operations: 1
skipped_live_owner: 0
rolled_back: 1785344715625-344207
[fix-f1] home entries after rollback: ['config.toml', 'memory.db']
---- RESULT ----
ARM: concurrent
WRITERS: 3
CAPTURE-SECONDS: 2.21
PRE-RESTORE-COMMITTED: 7034
RECOVERED-OPERATIONS: 1
ROLLED-BACK-SIDECARS: []
INTEGRITY-CHECK: ok
INTEGRITY-PROBLEM-LINES: 0
MISSING-COMMITTED-ROWS: 0
MISSING-BY-WRITER: {'w0': 0, 'w1': 0, 'w2': 0}
IMPOSSIBLE-SURPLUS-ROWS: 0
VERDICT: PASS
