[fix-f3] donor archive: donor.tar.gz
[fix-f3] prefilling memory.db to ~300 MiB ...
[fix-f3] prefill done in 1.7s, memory.db = 307.7 MiB
[fix-f3] waiting for writers: 0/3 started (iter 0, 1785344726)
[fix-f3] waiting for writers: 3/3 started (iter 1, 1785344727)
[fix-f3] journal modes reported by writers: {'w0': 'wal', 'w1': 'wal', 'w2': 'wal'}
[fix-f3] pre-restore committed high-water marks: {'w0': 2263, 'w1': 2296, 'w2': 2191}
[fix-f3] restore --replace launched pid=347289
[fix-f3] waiting for preserved=true (iter 20, 1.0s, records=0)
[fix-f3] waiting for preserved=true (iter 40, 2.0s, records=1)
[fix-f3] preserved=True after 2.32s op_id=1785344726694-347289
[fix-f3] post-capture committed high-water marks: {'w0': 5986, 'w1': 5687, 'w2': 5851}
[fix-f3] commits during capture window: w0=+3723, w1=+3391, w2=+3660
[fix-f3] restore killed, reaped rc=-9
[fix-f3] open journal records after kill: 1
[fix-f3] backup recover rc=0
recovered_operations: 1
skipped_live_owner: 0
rolled_back: 1785344726694-347289
[fix-f3] home entries after rollback: ['config.toml', 'memory.db']
---- RESULT ----
ARM: concurrent
WRITERS: 3
CAPTURE-SECONDS: 2.32
PRE-RESTORE-COMMITTED: 6750
RECOVERED-OPERATIONS: 1
ROLLED-BACK-SIDECARS: []
INTEGRITY-CHECK: ok
INTEGRITY-PROBLEM-LINES: 0
MISSING-COMMITTED-ROWS: 0
MISSING-BY-WRITER: {'w0': 0, 'w1': 0, 'w2': 0}
IMPOSSIBLE-SURPLUS-ROWS: 0
VERDICT: PASS
