[fix-f2] donor archive: donor.tar.gz
[fix-f2] prefilling memory.db to ~300 MiB ...
[fix-f2] prefill done in 1.6s, memory.db = 307.7 MiB
[fix-f2] waiting for writers: 0/3 started (iter 0, 1785344720)
[fix-f2] waiting for writers: 3/3 started (iter 1, 1785344721)
[fix-f2] journal modes reported by writers: {'w0': 'wal', 'w1': 'wal', 'w2': 'wal'}
[fix-f2] pre-restore committed high-water marks: {'w0': 2357, 'w1': 2234, 'w2': 2303}
[fix-f2] restore --replace launched pid=345460
[fix-f2] waiting for preserved=true (iter 20, 1.0s, records=0)
[fix-f2] waiting for preserved=true (iter 40, 2.0s, records=1)
[fix-f2] preserved=True after 2.26s op_id=1785344721071-345460
[fix-f2] post-capture committed high-water marks: {'w0': 6186, 'w1': 6031, 'w2': 6245}
[fix-f2] commits during capture window: w0=+3829, w1=+3797, w2=+3942
[fix-f2] restore killed, reaped rc=-9
[fix-f2] open journal records after kill: 1
[fix-f2] backup recover rc=0
recovered_operations: 1
skipped_live_owner: 0
rolled_back: 1785344721071-345460
[fix-f2] home entries after rollback: ['config.toml', 'memory.db']
---- RESULT ----
ARM: concurrent
WRITERS: 3
CAPTURE-SECONDS: 2.26
PRE-RESTORE-COMMITTED: 6894
RECOVERED-OPERATIONS: 1
ROLLED-BACK-SIDECARS: []
INTEGRITY-CHECK: ok
INTEGRITY-PROBLEM-LINES: 0
MISSING-COMMITTED-ROWS: 0
MISSING-BY-WRITER: {'w0': 0, 'w1': 0, 'w2': 0}
IMPOSSIBLE-SURPLUS-ROWS: 0
VERDICT: PASS
