=== migrate ROLLBACK proof (SC3: exact pre-operation state) ===
BIN: target/release/wayland-core
BIN-SHA256: a242cc99ddc9bdaeb812ba87926706a3f407038661ae8bfdae5c150eff35ee4f
PEER: openclaw
TRIALS-PER-ARM: 9
ITEMS: 220
DATE-UTC: 2026-07-29T17:07:57Z
HOST: Ubuntu-2404-noble-amd64-base
CORPUS-MCP_SERVERS: 24
CORPUS-PROVIDERS: 2
CORPUS-KIND: openclaw
CORPUS-ROOT: /tmp/tmp.NXiIJQQHmv/seed-peer
CORPUS-MCP_SERVERS: 220
CORPUS-PROVIDERS: 2
CORPUS-KIND: openclaw
CORPUS-ROOT: /tmp/tmp.NXiIJQQHmv/main-peer
PID-TARGETING-CONTROL: direct-launch comm='wayland-core' function-launch comm='sh'
TEMPLATE-ENTRIES: 24
TEMPLATE-PROFILES: 3
TEMPLATE-PAYLOAD-FILES: 24
PRE-OPERATION-DIGEST: c226fbd3f925fc5909accf706077bc1b9e1967fc330186a94fa2707dc758d015
COPY-FIDELITY-CONTROL: pass
REFERENCE-DURATION-MS: 188
POST-IMPORT-DIGEST: 4087102fe934ed9e3a621e9508237a4c0e11d4cbd3d35dd54363b049f0ff115c
MUTATION-CONTROL: pass (PRE != POST)
SCOPE-PROBE: armed, reference import rc=0

--- ARM: rollback (kill=yes rollback=yes) ---
TRIAL-TABLE[rollback]: trial delay_ms class recovered digest_equal journal_residue
TRIAL[rollback]: 1 18 pre 0 yes no
TRIAL[rollback]: 2 37 pre 0 yes no
TRIAL[rollback]: 3 56 mid 1 yes no
TRIAL[rollback]: 4 75 mid 1 yes no
TRIAL[rollback]: 5 94 mid 1 yes no
TRIAL[rollback]: 6 112 mid 1 yes no
TRIAL[rollback]: 7 131 mid 1 yes no
TRIAL[rollback]: 8 150 mid 1 yes no
TRIAL[rollback]: 9 169 post 0 no no
ARM-rollback CLASS-MID: 6
ARM-rollback CLASS-PRE: 2
ARM-rollback CLASS-POST: 1
ARM-rollback INTERRUPTED-EQUAL-PRE: 8
ARM-rollback INTERRUPTED-DIFFERS-PRE: 0
ARM-rollback COMPLETED-REVERTED-TO-PRE: 0
ARM-rollback MID-DAMAGED-BEFORE-ROLLBACK: 6
ARM-rollback JOURNAL-RESIDUE: 0
ARM-rollback RECOVERED-OPERATIONS: 6
ARM-rollback BYTE-DIFF-UNEXPLAINED: 0

--- ARM: norollback (kill=yes rollback=no) ---
TRIAL-TABLE[norollback]: trial delay_ms class recovered digest_equal journal_residue
TRIAL[norollback]: 1 18 pre 0 yes no
TRIAL[norollback]: 2 37 pre 0 yes yes
TRIAL[norollback]: 3 56 mid 0 no yes
TRIAL[norollback]: 4 75 mid 0 no yes
TRIAL[norollback]: 5 94 mid 0 no yes
TRIAL[norollback]: 6 112 mid 0 no yes
TRIAL[norollback]: 7 131 mid 0 no yes
TRIAL[norollback]: 8 150 mid 0 no yes
TRIAL[norollback]: 9 169 post 0 no no
ARM-norollback CLASS-MID: 6
ARM-norollback CLASS-PRE: 2
ARM-norollback CLASS-POST: 1
ARM-norollback INTERRUPTED-EQUAL-PRE: 2
ARM-norollback INTERRUPTED-DIFFERS-PRE: 6
ARM-norollback COMPLETED-REVERTED-TO-PRE: 0
ARM-norollback MID-DAMAGED-BEFORE-ROLLBACK: 6
ARM-norollback JOURNAL-RESIDUE: 7
ARM-norollback RECOVERED-OPERATIONS: 0
ARM-norollback BYTE-DIFF-UNEXPLAINED: 6

--- ARM: nokill (kill=no rollback=yes) ---
TRIAL-TABLE[nokill]: trial delay_ms class recovered digest_equal journal_residue
TRIAL[nokill]: 1 18 post 0 no no
TRIAL[nokill]: 2 37 post 0 no no
TRIAL[nokill]: 3 56 post 0 no no
TRIAL[nokill]: 4 75 post 0 no no
TRIAL[nokill]: 5 94 post 0 no no
TRIAL[nokill]: 6 112 post 0 no no
TRIAL[nokill]: 7 131 post 0 no no
TRIAL[nokill]: 8 150 post 0 no no
TRIAL[nokill]: 9 169 post 0 no no
ARM-nokill CLASS-MID: 0
ARM-nokill CLASS-PRE: 0
ARM-nokill CLASS-POST: 9
ARM-nokill INTERRUPTED-EQUAL-PRE: 0
ARM-nokill INTERRUPTED-DIFFERS-PRE: 0
ARM-nokill COMPLETED-REVERTED-TO-PRE: 0
ARM-nokill MID-DAMAGED-BEFORE-ROLLBACK: 0
ARM-nokill JOURNAL-RESIDUE: 0
ARM-nokill RECOVERED-OPERATIONS: 0
ARM-nokill BYTE-DIFF-UNEXPLAINED: 0

=== VERDICT INPUTS ===
ROLLBACK-ARM-MID: 6
ROLLBACK-ARM-INTERRUPTED-EQUAL-PRE: 8
ROLLBACK-ARM-INTERRUPTED-DIFFERS-PRE: 0
ROLLBACK-ARM-COMPLETED-REVERTED: 0
ROLLBACK-ARM-JOURNAL-RESIDUE: 0
ROLLBACK-ARM-RECOVERED: 6
ROLLBACK-ARM-BYTE-DIFF-UNEXPLAINED: 0
NOROLLBACK-ARM-MID: 6
NOROLLBACK-ARM-MID-DAMAGED: 6
NOROLLBACK-ARM-INTERRUPTED-EQUAL-PRE: 2
NOKILL-ARM-MID: 0
NOKILL-ARM-POST: 9
NOKILL-ARM-RECOVERED: 0
NOKILL-ARM-COMPLETED-REVERTED: 0

PROOF: PASS
  6/9 kills landed mid-apply (open journal record observed);
  all 8 interrupted homes came back byte-identical to the pre-operation
  digest c226fbd3f925fc5909accf706077bc1b9e1967fc330186a94fa2707dc758d015, with no journal residue and 6 operations recovered.
  Known-negative arm: 6/6 mid-apply kills left the home DIFFERENT
  from PRE without a rollback, so the comparison can report a difference.
  No-kill arm: 9/9 imports completed, 0 recovered, 0 reverted.
