PEER: hermes
TRIALS: 9
ITEMS: 440
KILL-ENABLED: yes
BINARY: target/release/wayland-core
BUILD-INFO: wayland-core 0.12.25 (source 79087cd4ab8615709b016330bc3a9e3f32935eb3)
SENTINEL-DIGEST-PRE: 080403a916669851499985ac962320f9731d54ba627ce23d5414e8efc6f880d4
CORPUS-PROFILES: 8
CORPUS-SKILLS: 440
CORPUS-KIND: hermes
CORPUS-ROOT: /tmp/tmp.YgP62j0mOR/peer-home
REFERENCE-RC: 0
REFERENCE-DURATION-MS: 433
REFERENCE-FINGERPRINT: b54545ad55e701cc17f9d0473f25c536d6648fddcb2ab68f4990b23e999503db
REFERENCE-ENTRIES: 440
REFERENCE-PROFILES: 9
REFERENCE-PAYLOAD-FILES: 440
DETERMINISM-CONTROL: pass
SENSITIVITY-CONTROL: pass (profile-drop, payload-byte, index-entry all detected)
TRIAL-TABLE: trial delay_ms class index entries payloads orphans cfg redrive_rc recovered
TRIAL: 1 43 mid ok 2 3 1 0 0 yes
TRIAL: 2 86 mid ok 98 99 1 0 0 yes
TRIAL: 3 129 mid ok 173 173 0 0 0 yes
TRIAL: 4 173 mid ok 232 233 1 0 0 yes
TRIAL: 5 216 mid ok 277 277 0 0 0 yes
TRIAL: 6 259 mid ok 320 321 1 0 0 yes
TRIAL: 7 303 mid ok 342 343 1 0 0 yes
TRIAL: 8 346 mid ok 399 399 0 0 0 yes
TRIAL: 9 389 mid ok 436 437 1 0 0 yes
SENTINEL-DIGEST-POST: 080403a916669851499985ac962320f9731d54ba627ce23d5414e8efc6f880d4
SENTINEL-UNCHANGED: yes
CLASS-PRE: 0
CLASS-MID: 9
CLASS-POST: 0
RECOVERED: 9
NOT-RECOVERED: 0
REDRIVE-NONZERO: 0
CORRUPT-INDEX-TRIALS: 0
EMPTY-INDEX-TRIALS: 0
ORPHAN-PAYLOAD-TRIALS: 6
PROOF: PASS peer=hermes trials=9 mid=9 recovered=9
