=== migrate ROLLBACK proof (SC3: exact pre-operation state) ===
BIN: target/release/wayland-core
BIN-SHA256: a242cc99ddc9bdaeb812ba87926706a3f407038661ae8bfdae5c150eff35ee4f
PEER: hermes
TRIALS-PER-ARM: 9
ITEMS: 220
DATE-UTC: 2026-07-29T17:07:40Z
HOST: Ubuntu-2404-noble-amd64-base
CORPUS-PROFILES: 8
CORPUS-SKILLS: 24
CORPUS-KIND: hermes
CORPUS-ROOT: /tmp/tmp.cDrdRhdax8/seed-peer
CORPUS-PROFILES: 8
CORPUS-SKILLS: 220
CORPUS-KIND: hermes
CORPUS-ROOT: /tmp/tmp.cDrdRhdax8/main-peer
PID-TARGETING-CONTROL: direct-launch comm='wayland-core' function-launch comm='sh'
TEMPLATE-ENTRIES: 24
TEMPLATE-PROFILES: 9
TEMPLATE-PAYLOAD-FILES: 24
PRE-OPERATION-DIGEST: dbb120203122c1e63c8319e52158a90dd1c46a7b3a3dbb63d740f0ca62484f7e
COPY-FIDELITY-CONTROL: pass
REFERENCE-DURATION-MS: 951
POST-IMPORT-DIGEST: 7805845a35f7776b98fe00059985815eb9f4d858d9b8d30f00b9ecbc8e82989a
MUTATION-CONTROL: pass (PRE != POST)
SCOPE-PROBE: armed, reference import rc=0

--- ARM: rollback (kill=yes rollback=yes) ---
TRIAL-TABLE[rollback]: trial delay_ms class recovered digest_equal journal_residue
TRIAL[rollback]: 1 95 mid 1 yes no
TRIAL[rollback]: 2 190 post 0 no no
TRIAL[rollback]: 3 285 post 0 no no
TRIAL[rollback]: 4 380 post 0 no no
TRIAL[rollback]: 5 475 post 0 no no
TRIAL[rollback]: 6 570 post 0 no no
TRIAL[rollback]: 7 665 post 0 no no
TRIAL[rollback]: 8 760 post 0 no no
TRIAL[rollback]: 9 855 post 0 no no
ARM-rollback CLASS-MID: 1
ARM-rollback CLASS-PRE: 0
ARM-rollback CLASS-POST: 8
ARM-rollback INTERRUPTED-EQUAL-PRE: 1
ARM-rollback INTERRUPTED-DIFFERS-PRE: 0
ARM-rollback COMPLETED-REVERTED-TO-PRE: 0
ARM-rollback MID-DAMAGED-BEFORE-ROLLBACK: 1
ARM-rollback JOURNAL-RESIDUE: 0
ARM-rollback RECOVERED-OPERATIONS: 1
ARM-rollback BYTE-DIFF-UNEXPLAINED: 0

--- ARM: norollback (kill=yes rollback=no) ---
TRIAL-TABLE[norollback]: trial delay_ms class recovered digest_equal journal_residue
TRIAL[norollback]: 1 95 mid 0 no yes
TRIAL[norollback]: 2 190 post 0 no no
TRIAL[norollback]: 3 285 post 0 no no
TRIAL[norollback]: 4 380 post 0 no no
TRIAL[norollback]: 5 475 post 0 no no
TRIAL[norollback]: 6 570 post 0 no no
TRIAL[norollback]: 7 665 post 0 no no
TRIAL[norollback]: 8 760 post 0 no no
TRIAL[norollback]: 9 855 post 0 no no
ARM-norollback CLASS-MID: 1
ARM-norollback CLASS-PRE: 0
ARM-norollback CLASS-POST: 8
ARM-norollback INTERRUPTED-EQUAL-PRE: 0
ARM-norollback INTERRUPTED-DIFFERS-PRE: 1
ARM-norollback COMPLETED-REVERTED-TO-PRE: 0
ARM-norollback MID-DAMAGED-BEFORE-ROLLBACK: 1
ARM-norollback JOURNAL-RESIDUE: 1
ARM-norollback RECOVERED-OPERATIONS: 0
ARM-norollback BYTE-DIFF-UNEXPLAINED: 1

--- ARM: nokill (kill=no rollback=yes) ---
TRIAL-TABLE[nokill]: trial delay_ms class recovered digest_equal journal_residue
TRIAL[nokill]: 1 95 post 0 no no
TRIAL[nokill]: 2 190 post 0 no no
TRIAL[nokill]: 3 285 post 0 no no
TRIAL[nokill]: 4 380 post 0 no no
TRIAL[nokill]: 5 475 post 0 no no
TRIAL[nokill]: 6 570 post 0 no no
TRIAL[nokill]: 7 665 post 0 no no
TRIAL[nokill]: 8 760 post 0 no no
TRIAL[nokill]: 9 855 post 0 no no
ARM-nokill CLASS-MID: 0
ARM-nokill CLASS-PRE: 0
ARM-nokill CLASS-POST: 9
ARM-nokill INTERRUPTED-EQUAL-PRE: 0
ARM-nokill INTERRUPTED-DIFFERS-PRE: 0
ARM-nokill COMPLETED-REVERTED-TO-PRE: 0
ARM-nokill MID-DAMAGED-BEFORE-ROLLBACK: 0
ARM-nokill JOURNAL-RESIDUE: 0
ARM-nokill RECOVERED-OPERATIONS: 0
ARM-nokill BYTE-DIFF-UNEXPLAINED: 0

=== VERDICT INPUTS ===
ROLLBACK-ARM-MID: 1
ROLLBACK-ARM-INTERRUPTED-EQUAL-PRE: 1
ROLLBACK-ARM-INTERRUPTED-DIFFERS-PRE: 0
ROLLBACK-ARM-COMPLETED-REVERTED: 0
ROLLBACK-ARM-JOURNAL-RESIDUE: 0
ROLLBACK-ARM-RECOVERED: 1
ROLLBACK-ARM-BYTE-DIFF-UNEXPLAINED: 0
NOROLLBACK-ARM-MID: 1
NOROLLBACK-ARM-MID-DAMAGED: 1
NOROLLBACK-ARM-INTERRUPTED-EQUAL-PRE: 0
NOKILL-ARM-MID: 0
NOKILL-ARM-POST: 9
NOKILL-ARM-RECOVERED: 0
NOKILL-ARM-COMPLETED-REVERTED: 0
PROOF: FAIL — only 1 of 9 kills landed mid-apply; the window was not exercised
