=== ARM chc-slack-bogus ===
binary: /root/lanes/channel-health-cred/wt/target/debug/wayland-core
wayland-core 0.12.25
sha256: 83ff14dbe04fc547143af9bde5b8488661682b45f39fc22f1a18cb6ab265fe6d
platform: slack   token mode: bogus
WAYLAND_HOME: /root/wl-authprod-chc-slack-bogus
-- PRECONDITIONS, asserted before any measurement --
handle_in_config=1   (must be 1)
handle_in_store=1   (bogus/real: 1, absent: 0)
owners_of_this_home_BEFORE_start=0   (must be 0)

-- start gateway --
gateway_pid=425939
waiting for health file: iteration 1
waiting for health file: iteration 2
waiting for health file: iteration 3
waiting for health file: iteration 4
health file after 10s: /root/wl-authprod-chc-slack-bogus/channel-health.json
-- PARTICIPANT ASSERTION --
gateway_alive=yes   (must be yes)
owners_of_this_home_DURING=1   (must be exactly 1: mine)

-- gateway log: platform-facing evidence --
count_4004=0
count_invalid_auth=1
count_auth_test_rejected=0
count_mgr_terminal=1
count_gateway_stop=0
[gateway] channels registered=1
2026-08-02T01:52:44.876336Z ERROR slack rejected the bot token at auth.test channel=slack code=invalid_auth
2026-08-02T01:52:44.877997Z ERROR channel credential was rejected by the platform; health is Unauthenticated and polling has stopped. Rotate the credential and run `channel reload` channel=slack
[gateway] started pid=425939 role=Owner profile=default carried=0 (unattempted 0 / unknown-outcome 0) quarantined=0

-- channel health --json (DEFAULT exit status) --
{
  "configured": 1,
  "registered": 1,
  "channels": [
    {
      "channel": "slack",
      "platform": "slack",
      "state": "unauthenticated",
      "reason": "adapter reported auth expired: slack auth.test rejected the bot token: invalid_auth",
      "consecutive_errors": 0,
      "reconnects": 0
    }
  ]
}
HEALTH_RC=0

-- STICKINESS: same query again after 20s (state must not drift) --
      "state": "unauthenticated",
      "reason": "adapter reported auth expired: slack auth.test rejected the bot token: invalid_auth",
HEALTH2_RC=0

-- channel health --require-healthy (the gate), FULL output --
configured: 1   registered: 1
slack (slack)
  state:      Unauthenticated
  reason:     adapter reported auth expired: slack auth.test rejected the bot token: invalid_auth
  errors:     0
  reconnects: 0
wayland-core channel: 1 of 1 channels are not Healthy: slack (Unauthenticated: adapter reported auth expired: slack auth.test rejected the bot token: invalid_auth)
REQUIRE_RC=1

-- teardown BY PID, verified --
teardown=ok pid dead
owners_of_this_home_AFTER=0   (must be 0)
