   Compiling cfg-if v1.0.4
   Compiling memchr v2.8.1
   Compiling itoa v1.0.18
   Compiling typenum v1.20.1
   Compiling subtle v2.6.1
   Compiling smallvec v1.15.1
   Compiling stable_deref_trait v1.2.1
   Compiling bytes v1.11.1
   Compiling getrandom v0.2.17
   Compiling serde_core v1.0.228
   Compiling zeroize v1.8.2
   Compiling zerofrom v0.1.8
   Compiling scopeguard v1.2.0
   Compiling pin-project-lite v0.2.17
   Compiling lock_api v0.4.14
   Compiling yoke v0.8.2
   Compiling futures-core v0.3.32
   Compiling errno v0.3.14
   Compiling socket2 v0.6.4
   Compiling rand_core v0.6.4
   Compiling parking_lot_core v0.9.12
   Compiling mio v1.2.1
   Compiling signal-hook-registry v1.4.8
   Compiling once_cell v1.21.4
   Compiling zerovec v0.11.6
   Compiling rustls-pki-types v1.14.1
   Compiling parking_lot v0.12.5
   Compiling writeable v0.6.3
   Compiling log v0.4.30
   Compiling litemap v0.8.2
   Compiling tokio v1.52.3
   Compiling http v1.4.1
   Compiling zerotrie v0.2.4
   Compiling futures-sink v0.3.32
   Compiling utf8_iter v1.0.4
   Compiling untrusted v0.9.0
   Compiling generic-array v0.14.7
   Compiling cpufeatures v0.2.17
   Compiling slab v0.4.12
   Compiling percent-encoding v2.3.2
   Compiling ring v0.17.14
   Compiling futures-io v0.3.32
   Compiling futures-task v0.3.32
   Compiling bitflags v2.11.1
   Compiling tinystr v0.8.3
   Compiling potential_utf v0.1.5
   Compiling futures-util v0.3.32
   Compiling num-traits v0.2.19
   Compiling icu_properties_data v2.2.0
   Compiling icu_normalizer_data v2.2.0
   Compiling ryu v1.0.23
   Compiling base64 v0.22.1
   Compiling icu_collections v2.2.0
   Compiling icu_locale_core v2.2.0
   Compiling zmij v1.0.21
   Compiling httparse v1.10.1
   Compiling crypto-common v0.1.7
   Compiling block-buffer v0.10.4
   Compiling form_urlencoded v1.2.2
   Compiling http-body v1.0.1
   Compiling digest v0.10.7
   Compiling webpki-roots v1.0.7
   Compiling tower-service v0.3.3
   Compiling try-lock v0.2.5
   Compiling thiserror v2.0.18
   Compiling zerocopy v0.8.50
   Compiling want v0.3.1
   Compiling tracing-core v0.1.36
   Compiling futures-channel v0.3.32
   Compiling atomic-waker v1.1.2
   Compiling aho-corasick v1.1.4
   Compiling sync_wrapper v1.0.2
   Compiling tower-layer v0.3.3
   Compiling ipnet v2.12.0
   Compiling regex-syntax v0.8.10
   Compiling mime v0.3.17
   Compiling iana-time-zone v0.1.65
   Compiling icu_provider v2.2.0
   Compiling tracing v0.1.44
   Compiling libdbus-sys v0.2.7
   Compiling inout v0.1.4
   Compiling rustls-webpki v0.103.13
   Compiling linux-raw-sys v0.12.1
   Compiling winnow v1.0.3
   Compiling cipher v0.4.4
   Compiling icu_normalizer v2.2.0
   Compiling serde v1.0.228
   Compiling icu_properties v2.2.0
   Compiling serde_json v1.0.150
   Compiling rustix v1.1.4
   Compiling rustls v0.23.40
   Compiling toml_parser v1.1.2+spec-1.1.0
   Compiling chrono v0.4.44
   Compiling serde_urlencoded v0.7.1
   Compiling toml_datetime v1.1.1+spec-1.1.0
   Compiling serde_spanned v1.1.1
   Compiling dbus v0.9.11
   Compiling idna_adapter v1.2.2
   Compiling idna v1.1.0
   Compiling regex-automata v0.4.14
   Compiling mime_guess v2.0.5
   Compiling sha2 v0.10.9
   Compiling http-body-util v0.1.3
   Compiling url v2.5.8
   Compiling universal-hash v0.5.1
   Compiling opaque-debug v0.3.1
   Compiling toml_writer v1.1.1+spec-1.1.0
   Compiling hashbrown v0.17.1
   Compiling fastrand v2.4.1
   Compiling option-ext v0.2.0
   Compiling base64ct v1.8.3
   Compiling equivalent v1.0.2
   Compiling workspace-hack v0.1.0 (/root/wayland-slack-live/workspace-hack)
   Compiling dirs-sys v0.5.0
   Compiling toml v1.1.2+spec-1.1.0
   Compiling poly1305 v0.8.0
   Compiling password-hash v0.5.0
   Compiling chacha20 v0.9.1
   Compiling getrandom v0.4.2
   Compiling indexmap v2.14.0
   Compiling blake2 v0.10.6
   Compiling aead v0.5.2
   Compiling rtoolbox v0.0.5
   Compiling unsafe-libyaml v0.2.11
   Compiling chacha20poly1305 v0.10.1
   Compiling rpassword v7.5.2
   Compiling tempfile v3.27.0
   Compiling argon2 v0.5.3
   Compiling dirs v6.0.0
   Compiling anyhow v1.0.103
   Compiling wcore-types v0.12.25 (/root/wayland-slack-live/crates/wcore-types)
   Compiling hyper v1.10.1
   Compiling ppv-lite86 v0.2.21
   Compiling tower v0.5.3
   Compiling tokio-util v0.7.18
   Compiling wcore-budget v0.12.25 (/root/wayland-slack-live/crates/wcore-budget)
   Compiling dbus-secret-service v4.1.0
   Compiling rand_chacha v0.3.1
   Compiling regex v1.12.3
   Compiling tower-http v0.6.11
   Compiling serde_yaml v0.9.34+deprecated
   Compiling hyper-util v0.1.20
   Compiling rand v0.8.6
   Compiling wcore-compact v0.12.25 (/root/wayland-slack-live/crates/wcore-compact)
   Compiling keyring v3.6.3
   Compiling tokio-rustls v0.26.4
   Compiling fd-lock v4.0.4
   Compiling serde_ignored v0.1.14
   Compiling glob v0.3.3
   Compiling bitflags v1.3.2
   Compiling arrayvec v0.5.2
   Compiling powerfmt v0.2.0
   Compiling foreign-types-shared v0.1.1
   Compiling static_assertions v1.1.0
   Compiling openssl-sys v0.9.116
   Compiling foreign-types v0.3.2
   Compiling sha1 v0.10.6
   Compiling num-integer v0.1.46
   Compiling deranged v0.5.8
   Compiling thiserror v1.0.69
   Compiling lexical-core v0.7.6
   Compiling hyper-rustls v0.27.9
   Compiling aws-lc-sys v0.41.0
   Compiling num-bigint v0.4.6
   Compiling reqwest v0.12.28
   Compiling openssl v0.10.80
   Compiling hmac v0.12.1
   Compiling byteorder v1.5.0
   Compiling untrusted v0.7.1
   Compiling openssl-probe v0.2.1
   Compiling utf-8 v0.7.6
   Compiling data-encoding v2.11.0
   Compiling webpki-roots v0.26.11
   Compiling pem v3.0.6
   Compiling email-encoding v0.4.1
   Compiling aws-lc-rs v1.17.0
   Compiling nom v8.0.0
   Compiling lazy_static v1.5.0
   Compiling tungstenite v0.24.0
   Compiling base64 v0.13.1
   Compiling time v0.3.47
   Compiling nom v5.1.3
   Compiling signature v2.2.0
   Compiling email_address v0.2.9
   Compiling hex v0.4.3
   Compiling quoted_printable v0.5.2
   Compiling bufstream v0.1.4
   Compiling httpdate v1.0.3
   Compiling tokio-tungstenite v0.24.0
   Compiling wcore-config v0.12.25 (/root/wayland-slack-live/crates/wcore-config)
   Compiling wcore-egress v0.12.25 (/root/wayland-slack-live/crates/wcore-egress)
   Compiling imap-proto v0.10.2
   Compiling simple_asn1 v0.6.4
   Compiling jsonwebtoken v10.3.0
   Compiling native-tls v0.2.18
   Compiling imap v2.4.1
   Compiling lettre v0.11.22
   Compiling wcore-channels v0.12.25 (/root/wayland-slack-live/crates/wcore-channels)
   Compiling wcore-channel-telegram v0.12.25 (/root/wayland-slack-live/crates/wcore-channel-telegram)
   Compiling wcore-channel-matrix v0.12.25 (/root/wayland-slack-live/crates/wcore-channel-matrix)
   Compiling wcore-channel-signal v0.12.25 (/root/wayland-slack-live/crates/wcore-channel-signal)
   Compiling wcore-channel-discord v0.12.25 (/root/wayland-slack-live/crates/wcore-channel-discord)
   Compiling wcore-channel-msteams v0.12.25 (/root/wayland-slack-live/crates/wcore-channel-msteams)
   Compiling wcore-channel-slack v0.12.25 (/root/wayland-slack-live/crates/wcore-channel-slack)
   Compiling wcore-channel-sms v0.12.25 (/root/wayland-slack-live/crates/wcore-channel-sms)
   Compiling wcore-channel-email v0.12.25 (/root/wayland-slack-live/crates/wcore-channel-email)
   Compiling wcore-channel-whatsapp v0.12.25 (/root/wayland-slack-live/crates/wcore-channel-whatsapp)
   Compiling wcore-channels-registry v0.12.25 (/root/wayland-slack-live/crates/wcore-channels-registry)
    Finished `test` profile [unoptimized + debuginfo] target(s) in 10.96s
warning: the following packages contain code that will be rejected by a future version of Rust: imap-proto v0.10.2
note: to see what the problems were, use the option `--future-incompat-report`, or run `cargo report future-incompatibilities --id 1`
     Running tests/live_slack_actions.rs (target/debug/deps/live_slack_actions-b1d153982d505b3f)

running 1 test
test five_message_actions_against_the_real_slack_api ... 
=== live slack action matrix (run 3200681-1785385433125124131) ===
  PASS  send         sent ts=1785385433.854489 and read it back from history; a fabricated channel was refused with rejected by platform: channel_not_found
  PASS  edit         edited ts=1785385434.912479; history text changed "WL-LIVE-SLACK 3200681-1785385433125124131 edit-before" -> "WL-LIVE-SLACK 3200681-1785385433125124131 edit-after"; a fabricated ts was refused with rejected by platform: message_not_found
  PASS  delete       deleted ts=1785385436.335589 and confirmed its absence from history; the second delete was refused with rejected by platform: message_not_found
  PASS  receive      read ts=1785385437.708659 back from conversations.history; the real record, independently signed and replayed through ingest_webhook, surfaced as MessageReceived; a corrupted signature was rejected and enqueued nothing
  FAIL  idempotency  the adapter declares supports_outbound_idempotency() == true, which means a replayed key must produce 1 message(s) at the destination. It produced 2. First send ts=1785385438.299299, replay ts=1785385438.564099. If 2 is the truth, the declaration is wrong and the gateway will duplicate every outcome-unknown Slack delivery it retries.
  clean channel: no marker messages remain
  4/5 legs passed


thread 'five_message_actions_against_the_real_slack_api' (3200682) panicked at crates/wcore-channels-registry/tests/live_slack_actions.rs:865:5:
1 of 5 live legs failed:
  idempotency: the adapter declares supports_outbound_idempotency() == true, which means a replayed key must produce 1 message(s) at the destination. It produced 2. First send ts=1785385438.299299, replay ts=1785385438.564099. If 2 is the truth, the declaration is wrong and the gateway will duplicate every outcome-unknown Slack delivery it retries.
note: run with `RUST_BACKTRACE=1` environment variable to display a backtrace
FAILED

failures:

failures:
    five_message_actions_against_the_real_slack_api

test result: FAILED. 0 passed; 1 failed; 0 ignored; 0 measured; 0 filtered out; finished in 7.92s

error: test failed, to rerun pass `-p wcore-channels-registry --test live_slack_actions`
