F28_SOAK_START 2026-07-28T10:23:24.0117795+07:00
F28_SOAK_WHOAMI SYSTEM
F28_SOAK_CWD C:\wl-winrequeue
F28_SOAK_PID 44272
F28_SOAK_BINARY_SHA256 54b12e8e5576ee54e88a93975c360e6c624202059f449d80574b71adf00c631e
F28_SOAK_LEDGER_SHA256 54b12e8e5576ee54e88a93975c360e6c624202059f449d80574b71adf00c631e
F28_SOAK_DIGEST_BOUND yes
F28_SOAK_WAIT t=2026-07-28T10:23:24.2328483+07:00 busy=4 consecutive_clear=0
F28_SOAK_WAIT t=2026-07-28T10:23:47.4775117+07:00 busy=30 consecutive_clear=0
F28_SOAK_WAIT t=2026-07-28T10:24:07.9853554+07:00 busy=15 consecutive_clear=0
F28_SOAK_WAIT t=2026-07-28T10:24:27.9928203+07:00 busy=16 consecutive_clear=0
F28_SOAK_WAIT t=2026-07-28T10:24:48.0088474+07:00 busy=10 consecutive_clear=0
F28_SOAK_WAIT t=2026-07-28T10:25:08.0192332+07:00 busy=6 consecutive_clear=0
F28_SOAK_WAIT t=2026-07-28T10:25:28.0421453+07:00 busy=6 consecutive_clear=0
F28_SOAK_WAIT t=2026-07-28T10:25:48.0634512+07:00 busy=11 consecutive_clear=0
F28_SOAK_WAIT t=2026-07-28T10:26:08.0860274+07:00 busy=3 consecutive_clear=0
F28_SOAK_WAIT t=2026-07-28T10:26:28.1007445+07:00 busy=3 consecutive_clear=0
F28_SOAK_WAIT t=2026-07-28T10:26:48.1151146+07:00 busy=3 consecutive_clear=0
F28_SOAK_WAIT t=2026-07-28T10:27:08.1384134+07:00 busy=3 consecutive_clear=0
F28_SOAK_WAIT t=2026-07-28T10:27:28.1530937+07:00 busy=3 consecutive_clear=0
F28_SOAK_WAIT t=2026-07-28T10:27:48.1627616+07:00 busy=3 consecutive_clear=0
F28_SOAK_WAIT t=2026-07-28T10:28:08.3742978+07:00 busy=27 consecutive_clear=0
F28_SOAK_WAIT t=2026-07-28T10:28:28.3887935+07:00 busy=12 consecutive_clear=0
F28_SOAK_WAIT t=2026-07-28T10:28:48.4130403+07:00 busy=4 consecutive_clear=0
F28_SOAK_WAIT t=2026-07-28T10:29:08.4333206+07:00 busy=4 consecutive_clear=0
F28_SOAK_WAIT t=2026-07-28T10:29:28.4537220+07:00 busy=4 consecutive_clear=0
F28_SOAK_WAIT t=2026-07-28T10:29:48.4739555+07:00 busy=5 consecutive_clear=0
F28_SOAK_WAIT t=2026-07-28T10:30:08.5681079+07:00 busy=34 consecutive_clear=0
F28_SOAK_WAIT t=2026-07-28T10:30:29.3422001+07:00 busy=21 consecutive_clear=0
F28_SOAK_WAIT t=2026-07-28T10:30:49.3444920+07:00 busy=17 consecutive_clear=0
F28_SOAK_WAIT t=2026-07-28T10:31:09.3552928+07:00 busy=10 consecutive_clear=0
F28_SOAK_WAIT t=2026-07-28T10:31:45.2125339+07:00 busy=8 consecutive_clear=0
F28_SOAK_WAIT t=2026-07-28T10:32:07.6167114+07:00 busy=5 consecutive_clear=0
F28_SOAK_WAIT t=2026-07-28T10:32:27.6540978+07:00 busy=6 consecutive_clear=0
F28_SOAK_WAIT t=2026-07-28T10:32:47.6772294+07:00 busy=5 consecutive_clear=0
F28_SOAK_WAIT t=2026-07-28T10:33:07.6841530+07:00 busy=5 consecutive_clear=0
F28_SOAK_WAIT t=2026-07-28T10:33:27.6951490+07:00 busy=5 consecutive_clear=0
F28_SOAK_WAIT t=2026-07-28T10:33:47.7083283+07:00 busy=5 consecutive_clear=0
F28_SOAK_WAIT t=2026-07-28T10:34:07.7383861+07:00 busy=5 consecutive_clear=0
F28_SOAK_WAIT t=2026-07-28T10:34:27.7608056+07:00 busy=5 consecutive_clear=0
F28_SOAK_WAIT t=2026-07-28T10:34:47.7784754+07:00 busy=5 consecutive_clear=0
F28_SOAK_WAIT t=2026-07-28T10:35:07.8096013+07:00 busy=5 consecutive_clear=0
F28_SOAK_WAIT t=2026-07-28T10:35:28.1311059+07:00 busy=36 consecutive_clear=0
F28_SOAK_WAIT t=2026-07-28T10:35:48.1701141+07:00 busy=5 consecutive_clear=0
F28_SOAK_WAIT t=2026-07-28T10:36:08.1783598+07:00 busy=2 consecutive_clear=0
F28_SOAK_WAIT t=2026-07-28T10:36:28.2026510+07:00 busy=2 consecutive_clear=0
F28_SOAK_WAIT t=2026-07-28T10:36:48.2254817+07:00 busy=29 consecutive_clear=0
F28_SOAK_WAIT t=2026-07-28T10:37:08.2414843+07:00 busy=6 consecutive_clear=0
F28_SOAK_WAIT t=2026-07-28T10:37:28.2565636+07:00 busy=4 consecutive_clear=0
F28_SOAK_WAIT t=2026-07-28T10:37:48.2718010+07:00 busy=4 consecutive_clear=0
F28_SOAK_WAIT t=2026-07-28T10:38:26.2979708+07:00 busy=4 consecutive_clear=0
F28_SOAK_WAIT t=2026-07-28T10:38:51.0106816+07:00 busy=33 consecutive_clear=0
F28_SOAK_WAIT t=2026-07-28T10:39:25.8339757+07:00 busy=35 consecutive_clear=0
F28_SOAK_WAIT t=2026-07-28T10:39:47.0641662+07:00 busy=15 consecutive_clear=0
F28_SOAK_WAIT t=2026-07-28T10:40:07.1405079+07:00 busy=10 consecutive_clear=0
F28_SOAK_WAIT t=2026-07-28T10:40:27.1554333+07:00 busy=6 consecutive_clear=0
F28_SOAK_WAIT t=2026-07-28T10:40:47.1836908+07:00 busy=5 consecutive_clear=0
F28_SOAK_WAIT t=2026-07-28T10:41:07.1957687+07:00 busy=6 consecutive_clear=0
F28_SOAK_WAIT t=2026-07-28T10:41:27.2217201+07:00 busy=5 consecutive_clear=0
F28_SOAK_WAIT t=2026-07-28T10:41:47.2336938+07:00 busy=5 consecutive_clear=0
F28_SOAK_WAIT t=2026-07-28T10:42:07.2369028+07:00 busy=5 consecutive_clear=0
F28_SOAK_WAIT t=2026-07-28T10:42:27.2683377+07:00 busy=5 consecutive_clear=0
F28_SOAK_WAIT t=2026-07-28T10:42:47.2850532+07:00 busy=15 consecutive_clear=0
F28_SOAK_WAIT t=2026-07-28T10:43:07.2960364+07:00 busy=3 consecutive_clear=0
F28_SOAK_WAIT t=2026-07-28T10:43:27.3080636+07:00 busy=3 consecutive_clear=0
F28_SOAK_WAIT t=2026-07-28T10:43:47.3168947+07:00 busy=3 consecutive_clear=0
F28_SOAK_WAIT t=2026-07-28T10:44:07.3284600+07:00 busy=2 consecutive_clear=0
F28_SOAK_WAIT t=2026-07-28T10:44:27.3440627+07:00 busy=2 consecutive_clear=0
F28_SOAK_WAIT t=2026-07-28T10:44:47.3502435+07:00 busy=2 consecutive_clear=0
F28_SOAK_WAIT t=2026-07-28T10:45:07.3696128+07:00 busy=2 consecutive_clear=0
F28_SOAK_WAIT t=2026-07-28T10:45:27.3802141+07:00 busy=2 consecutive_clear=0
F28_SOAK_WAIT t=2026-07-28T10:45:47.3983080+07:00 busy=2 consecutive_clear=0
F28_SOAK_WAIT t=2026-07-28T10:46:07.4205811+07:00 busy=2 consecutive_clear=0
F28_SOAK_WAIT t=2026-07-28T10:46:34.1211752+07:00 busy=2 consecutive_clear=0
F28_SOAK_WAIT t=2026-07-28T10:46:54.1516750+07:00 busy=2 consecutive_clear=0
F28_SOAK_WAIT t=2026-07-28T10:47:14.1623010+07:00 busy=2 consecutive_clear=0
F28_SOAK_WAIT t=2026-07-28T10:47:34.1823004+07:00 busy=2 consecutive_clear=0
F28_SOAK_WAIT t=2026-07-28T10:47:54.2204595+07:00 busy=2 consecutive_clear=0
F28_SOAK_WAIT t=2026-07-28T10:48:14.2333050+07:00 busy=2 consecutive_clear=0
F28_SOAK_WAIT t=2026-07-28T10:48:34.2736136+07:00 busy=2 consecutive_clear=0
F28_SOAK_WAIT t=2026-07-28T10:48:54.3396107+07:00 busy=2 consecutive_clear=0
F28_SOAK_WAIT t=2026-07-28T10:49:14.3531382+07:00 busy=2 consecutive_clear=0
F28_SOAK_WAIT t=2026-07-28T10:49:34.3799208+07:00 busy=9 consecutive_clear=0
F28_SOAK_WAIT t=2026-07-28T10:49:54.4029977+07:00 busy=24 consecutive_clear=0
F28_SOAK_WAIT t=2026-07-28T10:50:14.4159485+07:00 busy=5 consecutive_clear=0
F28_SOAK_WAIT t=2026-07-28T10:50:34.4559538+07:00 busy=3 consecutive_clear=0
F28_SOAK_WAIT t=2026-07-28T10:50:54.4854137+07:00 busy=6 consecutive_clear=0
F28_SOAK_WAIT t=2026-07-28T10:51:14.4990659+07:00 busy=2 consecutive_clear=0
F28_SOAK_WAIT t=2026-07-28T10:51:34.8241121+07:00 busy=23 consecutive_clear=0
F28_SOAK_WAIT t=2026-07-28T10:52:10.4851135+07:00 busy=39 consecutive_clear=0
F28_SOAK_WAIT t=2026-07-28T10:52:32.9965467+07:00 busy=15 consecutive_clear=0
F28_SOAK_WAIT t=2026-07-28T10:52:53.0553392+07:00 busy=18 consecutive_clear=0
F28_SOAK_WAIT t=2026-07-28T10:53:13.0677925+07:00 busy=10 consecutive_clear=0
F28_SOAK_WAIT t=2026-07-28T10:53:33.0779885+07:00 busy=6 consecutive_clear=0
F28_SOAK_WAIT t=2026-07-28T10:53:53.0987393+07:00 busy=6 consecutive_clear=0
F28_SOAK_WAIT t=2026-07-28T10:54:13.3062269+07:00 busy=32 consecutive_clear=0
F28_SOAK_WAIT t=2026-07-28T10:54:33.4442017+07:00 busy=35 consecutive_clear=0
F28_SOAK_WAIT t=2026-07-28T10:54:53.4716627+07:00 busy=20 consecutive_clear=0
F28_SOAK_WAIT t=2026-07-28T10:55:13.4852148+07:00 busy=20 consecutive_clear=0
F28_SOAK_WAIT t=2026-07-28T10:55:33.4974106+07:00 busy=10 consecutive_clear=0
F28_SOAK_WAIT t=2026-07-28T10:55:53.4991832+07:00 busy=7 consecutive_clear=0
F28_SOAK_WAIT t=2026-07-28T10:56:13.5201452+07:00 busy=7 consecutive_clear=0
F28_SOAK_WAIT t=2026-07-28T10:56:33.5314265+07:00 busy=6 consecutive_clear=0
F28_SOAK_WAIT t=2026-07-28T10:56:53.5417043+07:00 busy=6 consecutive_clear=0
F28_SOAK_WAIT t=2026-07-28T10:57:13.5658903+07:00 busy=6 consecutive_clear=0
F28_SOAK_WAIT t=2026-07-28T10:57:33.5821458+07:00 busy=5 consecutive_clear=0
F28_SOAK_WAIT t=2026-07-28T10:57:53.6018070+07:00 busy=5 consecutive_clear=0
F28_SOAK_WAIT t=2026-07-28T10:58:13.6388247+07:00 busy=5 consecutive_clear=0
F28_SOAK_WAIT t=2026-07-28T10:58:33.6490319+07:00 busy=5 consecutive_clear=0
F28_SOAK_WAIT t=2026-07-28T10:58:53.6689163+07:00 busy=5 consecutive_clear=0
F28_SOAK_WAIT t=2026-07-28T10:59:13.7124935+07:00 busy=4 consecutive_clear=0
F28_SOAK_WAIT t=2026-07-28T10:59:42.3945796+07:00 busy=4 consecutive_clear=0
F28_SOAK_WAIT t=2026-07-28T11:00:02.4244922+07:00 busy=4 consecutive_clear=0
F28_SOAK_WAIT t=2026-07-28T11:00:22.4552918+07:00 busy=4 consecutive_clear=0
F28_SOAK_WAIT t=2026-07-28T11:00:42.4701264+07:00 busy=4 consecutive_clear=0
F28_SOAK_WAIT t=2026-07-28T11:01:02.4859337+07:00 busy=4 consecutive_clear=0
F28_SOAK_WAIT t=2026-07-28T11:01:22.5261244+07:00 busy=4 consecutive_clear=0
F28_SOAK_WAIT t=2026-07-28T11:01:42.5360049+07:00 busy=4 consecutive_clear=0
F28_SOAK_WAIT t=2026-07-28T11:02:21.0370901+07:00 busy=4 consecutive_clear=0
F28_SOAK_WAIT t=2026-07-28T11:02:41.2076085+07:00 busy=4 consecutive_clear=0
F28_SOAK_WAIT t=2026-07-28T11:03:01.3167338+07:00 busy=4 consecutive_clear=0
F28_SOAK_WAIT t=2026-07-28T11:03:21.3258710+07:00 busy=4 consecutive_clear=0
F28_SOAK_WAIT t=2026-07-28T11:03:41.3574783+07:00 busy=4 consecutive_clear=0
F28_SOAK_WAIT t=2026-07-28T11:04:01.3887228+07:00 busy=4 consecutive_clear=0
F28_SOAK_WAIT t=2026-07-28T11:04:21.4719560+07:00 busy=35 consecutive_clear=0
F28_SOAK_WAIT t=2026-07-28T11:04:41.7730546+07:00 busy=5 consecutive_clear=0
F28_SOAK_WAIT t=2026-07-28T11:05:01.7886487+07:00 busy=2 consecutive_clear=0
F28_SOAK_WAIT t=2026-07-28T11:05:21.8095881+07:00 busy=2 consecutive_clear=0
F28_SOAK_WAIT t=2026-07-28T11:05:41.8302223+07:00 busy=2 consecutive_clear=0
F28_SOAK_WAIT t=2026-07-28T11:06:01.8426410+07:00 busy=2 consecutive_clear=0
F28_SOAK_WAIT t=2026-07-28T11:06:22.1639732+07:00 busy=34 consecutive_clear=0
F28_SOAK_WAIT t=2026-07-28T11:06:42.1857483+07:00 busy=0 consecutive_clear=1
F28_SOAK_WAIT t=2026-07-28T11:07:02.1920272+07:00 busy=0 consecutive_clear=2
F28_SOAK_WAIT t=2026-07-28T11:07:22.2122761+07:00 busy=25 consecutive_clear=0
F28_SOAK_WAIT t=2026-07-28T11:07:42.2171541+07:00 busy=4 consecutive_clear=0
F28_SOAK_WAIT t=2026-07-28T11:08:02.2404072+07:00 busy=2 consecutive_clear=0
F28_SOAK_WAIT t=2026-07-28T11:08:22.2531233+07:00 busy=2 consecutive_clear=0
F28_SOAK_WAIT t=2026-07-28T11:08:42.2931822+07:00 busy=2 consecutive_clear=0
F28_SOAK_WAIT t=2026-07-28T11:09:02.9372649+07:00 busy=33 consecutive_clear=0
F28_SOAK_WAIT t=2026-07-28T11:09:29.1605420+07:00 busy=24 consecutive_clear=0
F28_SOAK_WAIT t=2026-07-28T11:09:49.3847447+07:00 busy=16 consecutive_clear=0
F28_SOAK_WAIT t=2026-07-28T11:10:09.4149151+07:00 busy=8 consecutive_clear=0
F28_SOAK_WAIT t=2026-07-28T11:10:29.4248967+07:00 busy=4 consecutive_clear=0
F28_SOAK_WAIT t=2026-07-28T11:10:49.4455529+07:00 busy=4 consecutive_clear=0
F28_SOAK_WAIT t=2026-07-28T11:11:09.4699698+07:00 busy=3 consecutive_clear=0
F28_SOAK_WAIT t=2026-07-28T11:11:29.4860497+07:00 busy=3 consecutive_clear=0
F28_SOAK_WAIT t=2026-07-28T11:11:49.4967318+07:00 busy=3 consecutive_clear=0
F28_SOAK_WAIT t=2026-07-28T11:12:09.4988144+07:00 busy=3 consecutive_clear=0
F28_SOAK_WAIT t=2026-07-28T11:12:29.5073540+07:00 busy=3 consecutive_clear=0
F28_SOAK_WAIT t=2026-07-28T11:12:49.5271072+07:00 busy=3 consecutive_clear=0
F28_SOAK_WAIT t=2026-07-28T11:13:09.5527364+07:00 busy=3 consecutive_clear=0
F28_SOAK_WAIT t=2026-07-28T11:13:29.5644162+07:00 busy=3 consecutive_clear=0
F28_SOAK_WAIT t=2026-07-28T11:13:49.5981604+07:00 busy=2 consecutive_clear=0
F28_SOAK_WAIT t=2026-07-28T11:14:09.6062131+07:00 busy=2 consecutive_clear=0
F28_SOAK_WAIT t=2026-07-28T11:14:29.9542991+07:00 busy=32 consecutive_clear=0
F28_SOAK_WAIT t=2026-07-28T11:14:49.9791624+07:00 busy=7 consecutive_clear=0
F28_SOAK_WAIT t=2026-07-28T11:15:10.0119891+07:00 busy=6 consecutive_clear=0
F28_SOAK_WAIT t=2026-07-28T11:15:30.0183337+07:00 busy=4 consecutive_clear=0
F28_SOAK_WAIT t=2026-07-28T11:15:50.0506631+07:00 busy=4 consecutive_clear=0
F28_SOAK_WAIT t=2026-07-28T11:16:21.9079651+07:00 busy=4 consecutive_clear=0
F28_SOAK_WAIT t=2026-07-28T11:16:59.2142974+07:00 busy=33 consecutive_clear=0
F28_SOAK_WAIT t=2026-07-28T11:17:23.9887938+07:00 busy=17 consecutive_clear=0
F28_SOAK_WAIT t=2026-07-28T11:17:44.0066204+07:00 busy=17 consecutive_clear=0
F28_SOAK_WAIT t=2026-07-28T11:18:04.0204790+07:00 busy=10 consecutive_clear=0
F28_SOAK_WAIT t=2026-07-28T11:18:24.0429619+07:00 busy=6 consecutive_clear=0
F28_SOAK_WAIT t=2026-07-28T11:18:44.0534787+07:00 busy=5 consecutive_clear=0
F28_SOAK_WAIT t=2026-07-28T11:19:04.1048261+07:00 busy=6 consecutive_clear=0
F28_SOAK_WAIT t=2026-07-28T11:19:24.1141945+07:00 busy=5 consecutive_clear=0
F28_SOAK_WAIT t=2026-07-28T11:19:44.1180318+07:00 busy=5 consecutive_clear=0
F28_SOAK_WAIT t=2026-07-28T11:20:04.1345061+07:00 busy=5 consecutive_clear=0
F28_SOAK_WAIT t=2026-07-28T11:20:24.1377617+07:00 busy=5 consecutive_clear=0
F28_SOAK_WAIT t=2026-07-28T11:20:44.2785135+07:00 busy=36 consecutive_clear=0
F28_SOAK_WAIT t=2026-07-28T11:21:04.2882352+07:00 busy=3 consecutive_clear=0
F28_SOAK_WAIT t=2026-07-28T11:21:24.2994489+07:00 busy=3 consecutive_clear=0
F28_SOAK_WAIT t=2026-07-28T11:21:44.3071768+07:00 busy=3 consecutive_clear=0
F28_SOAK_WAIT t=2026-07-28T11:22:04.3242423+07:00 busy=2 consecutive_clear=0
F28_SOAK_WAIT t=2026-07-28T11:22:24.3478682+07:00 busy=2 consecutive_clear=0
F28_SOAK_WAIT t=2026-07-28T11:22:44.3565265+07:00 busy=2 consecutive_clear=0
F28_SOAK_WAIT t=2026-07-28T11:23:04.3887888+07:00 busy=2 consecutive_clear=0
F28_SOAK_WAIT t=2026-07-28T11:23:24.4151411+07:00 busy=2 consecutive_clear=0
F28_SOAK_WAIT t=2026-07-28T11:23:44.4297724+07:00 busy=2 consecutive_clear=0
F28_SOAK_WAIT t=2026-07-28T11:24:04.4400684+07:00 busy=2 consecutive_clear=0
F28_SOAK_WAIT t=2026-07-28T11:24:30.6411984+07:00 busy=2 consecutive_clear=0
F28_SOAK_WAIT t=2026-07-28T11:24:50.6915876+07:00 busy=2 consecutive_clear=0
F28_SOAK_WAIT t=2026-07-28T11:25:10.7235699+07:00 busy=2 consecutive_clear=0
F28_SOAK_WAIT t=2026-07-28T11:25:30.7321156+07:00 busy=2 consecutive_clear=0
F28_SOAK_WAIT t=2026-07-28T11:25:50.7727037+07:00 busy=2 consecutive_clear=0
F28_SOAK_WAIT t=2026-07-28T11:26:10.8331980+07:00 busy=2 consecutive_clear=0
F28_SOAK_WAIT t=2026-07-28T11:26:30.8734625+07:00 busy=2 consecutive_clear=0
