  · homeserver fixture http://127.0.0.1:34521; binary will talk to the KILL PROXY at http://127.0.0.1:35807
  · proxy forwards: reached the homeserver report through it (sync_total=0)
  · preflight correlation: echoed=true wrong-shape-echoed=false (must be false)
  · adapter syncing: sync_total=3 proxy={"up":true,"accepted":2,"refused":0,"killed":0,"bytesToUpstream":652,"bytesToClient":1031,"live":1}
  · submitted f24c3-rc-70fb19-before-1 (phase=before expect=reply) to the homeserver
  · submitted f24c3-rc-70fb19-before-2 (phase=before expect=reply) to the homeserver
  · pre-drop control: 2/2 after ~1500ms
PASS pre-drop-control — 2/2 produced a turn. KNOWN-POSITIVE: if this is not full, no zero elsewhere is readable.
  · upstream KILLED: destroyed 2 live connection(s); new connections will be refused
  · submitted f24c3-rc-70fb19-during-3 (phase=during expect=reply) to the homeserver
  · submitted f24c3-rc-70fb19-during-4 (phase=during expect=reply) to the homeserver
  · submitted f24c3-rc-70fb19-during-decoy-5 (phase=during-decoy expect=silence) to the homeserver
PASS upstream-drop-really-happened — destroyed 2 connection(s); proxy refused 3 reconnect attempt(s) during a 12000ms outage; homeserver sync_total FROZE at 4 -> 4 (the adapter really could not reach it). The refusal count is what proves the adapter kept TRYING rather than having quietly died.
  · CONTROL MODE: the upstream is NOT restored — the gap must be reported LOST
  awaiting post-outage syncs: sync_total=4
  awaiting post-outage syncs: sync_total=4
  awaiting post-outage syncs: sync_total=4
  awaiting post-outage syncs: sync_total=4
  awaiting post-outage syncs: sync_total=4
  awaiting post-outage syncs: sync_total=4
  awaiting post-outage syncs: sync_total=4
  awaiting post-outage syncs: sync_total=4
  awaiting post-outage syncs: sync_total=4
  awaiting post-outage syncs: sync_total=4
  awaiting post-outage syncs: sync_total=4
PASS adapter-reconnected — homeserver sync_total 4 -> 4; proxy {"up":false,"accepted":3,"refused":8,"killed":2,"bytesToUpstream":1539,"bytesToClient":2130,"live":0}. CONTROL MODE: expected NO recovery.
  awaiting gap messages: 0/2
  awaiting gap messages: 0/2
  awaiting gap messages: 0/2
  awaiting gap messages: 0/2
  awaiting gap messages: 0/2
  awaiting gap messages: 0/2
  awaiting gap messages: 0/2
  awaiting gap messages: 0/2
  · gap messages: 0/2 — BUDGET EXPIRED after 40000ms
  · submitted f24c3-rc-70fb19-after-6 (phase=after expect=reply) to the homeserver
  awaiting post-recovery control: 0/1
  awaiting post-recovery control: 0/1
  awaiting post-recovery control: 0/1
  awaiting post-recovery control: 0/1
  awaiting post-recovery control: 0/1
  awaiting post-recovery control: 0/1
  awaiting post-recovery control: 0/1
  awaiting post-recovery control: 0/1
  · post-recovery control: 0/1 — BUDGET EXPIRED after 40000ms
PASS post-reconnect-control — 0/1 produced a turn. CONTROL MODE: expected zero, because the link was never restored.
PASS gap-messages-survive-the-upstream-drop — 0/2 of the messages the HOMESERVER received while our link was dead produced a turn. lost=[f24c3-rc-70fb19-during-3,f24c3-rc-70fb19-during-4,f24c3-rc-70fb19-after-6]. CONTROL MODE: a loss here is the REQUIRED result.
PASS no-duplicate-turns-around-the-window — duplicated=[] over 5 expected-reply tokens. Matrix re-serves an event under the SAME event_id in a later batch, so a cursor that rewinds too far shows here.
PASS decoy-and-phantom-score-zero — decoy (denied mxid, submitted INSIDE the window) and phantom (never submitted) both scored zero: leaked=[].

F24RECONNECT-POLL(matrix) PASS legs=7/7 lost=3 duplicated=0 leaked=0 mode=CONTROL-no-recovery
