2026-07-29T02:50:31.899464Z  INFO channel auto-registered channel=f24finone platform=slack
2026-07-29T02:50:31.899542Z  INFO channel auto-registered channel=f24fintwo platform=slack
[gateway] channels registered=2
[gateway] inbound: subscriber spawned, webhook host listening bind=127.0.0.1:18899 policies=2
[gateway] started pid=612388 role=Owner profile=default carried=0 (unattempted 0 / unknown-outcome 0) quarantined=0
2026-07-29T02:50:32.862062Z DEBUG channel turn dispatch channel=f24finone posture=Conversational
2026-07-29T02:50:32.877513Z  INFO W7 Pre-0: skills_lifecycle ON — real Memory wired (session-scope id='boot'; rebind on init_session)
2026-07-29T02:50:32.877521Z  INFO M3.2: memory.enabled ON — decay scheduler spawned interval_secs=3600
2026-07-29T02:50:32.879500Z  INFO user-model: using local backend (set HONCHO_API_KEY or WAYLAND_USER_MODEL_BACKEND=honcho for deeper Honcho dialectic user modeling)
2026-07-29T02:50:32.880166Z  INFO channel engine tool posture applied posture=Conversational sandbox_enforces_read_deny=true
2026-07-29T02:50:32.973606Z  INFO another process owns the schedule; this session observes and will not fire dir=/root/f24h5-ev/reload/home/cron
2026-07-29T02:50:41.323678Z  INFO channel auto-registered channel=f24finone platform=slack
2026-07-29T02:50:41.323755Z  INFO channel auto-registered channel=f24finthree platform=slack
2026-07-29T02:50:41.323805Z  INFO channel auto-registered channel=f24fintwo platform=slack
[gateway] channel reload: added=["f24finthree"] replaced=["f24finone", "f24fintwo"] removed=[] unchanged=[] policies=3
2026-07-29T02:50:53.134973Z DEBUG channel turn dispatch channel=f24finthree posture=Workspace
2026-07-29T02:50:53.138729Z  INFO W7 Pre-0: skills_lifecycle ON — real Memory wired (session-scope id='boot'; rebind on init_session)
2026-07-29T02:50:53.138749Z  INFO M3.2: memory.enabled ON — decay scheduler spawned interval_secs=3600
2026-07-29T02:50:53.140813Z  INFO user-model: using local backend (set HONCHO_API_KEY or WAYLAND_USER_MODEL_BACKEND=honcho for deeper Honcho dialectic user modeling)
2026-07-29T02:50:53.141950Z  INFO channel engine tool posture applied posture=Workspace sandbox_enforces_read_deny=true
2026-07-29T02:50:53.142314Z  INFO another process owns the schedule; this session observes and will not fire dir=/root/f24h5-ev/reload/home/cron
2026-07-29T02:50:56.135704Z  INFO inbound denied channel=f24finthree reason=sender not in dm allowlist
2026-07-29T02:51:11.173620Z DEBUG channel turn dispatch channel=f24finone posture=Conversational
