### host: Ubuntu-2404-noble-amd64-base  date: 2026-07-26T15:08:47Z
### HEAD: 1058965e5717facc1af2b4e25179d80818ec0f58
### git status --short:
### cargo: cargo 1.95.0 (f2d3ce0bd 2026-03-21)
=== DIGEST ===
fixture_digest=sha256:0704cd43a86e52da86af093f9f90c0877328e53c154bec9fddf93d24fd3d7209
schema_digest=sha256:e5d1744aa6cadc46d2707a1fa190ac80ee74f13477d685bb9146a71b3fff2e54
source_inputs_digest=sha256:9d5928b47f0cf9430e57786af498f9c297a36ace1572bc964776f25a0be0f5f5
generator=wcore-desktop-contract-gen/11
EXIT=0
=== CHECK ===
Desktop contract corpus is current (wcore-desktop-contract-gen/11)
EXIT=0
=== TOOLCHAIN-FREE CORPUS TREE DIGEST ===
file count: 156
4cca2b6fc915b7cbd5537c5db33a2a3cb1ae27a950bd6e18a0743e8d99970c44  -
=== NEXTEST (head+tail) ===
host    : hetzner-dsm:/root/wayland-p21
HEAD    : 1058965e5717facc1af2b4e25179d80818ec0f58
worktree: 0
(lines)
command : cargo nextest run -p wcore-protocol --no-fail-fast
   Compiling aho-corasick v1.1.4
...
        PASS [   0.402s] (300/302) wcore-protocol reader::tests::line_at_cap_with_newline_is_not_treated_as_overflow
        PASS [   0.489s] (301/302) wcore-protocol::desktop_contract_corpus manifest_ready_and_schema_titles_share_one_contract_identity
        PASS [   1.664s] (302/302) wcore-protocol::desktop_contract_corpus generated_schemas_reject_malformed_authority_types_and_enums
────────────
     Summary [   1.685s] 302 tests run: 302 passed, 0 skipped
EXIT=0

=== NOTE on the two whole-corpus tree values ===
The 4cca2b6f... above hashes REPO-ROOT-relative paths (crates/wcore-protocol/...).
D1 3.3 pins the CORPUS-relative construction instead. Both hosts, same value:

  cd crates/wcore-protocol/contracts/desktop/v1
  find . -type f | sed 's|^\./||' | LC_ALL=C sort | xargs shasum -a 256 | shasum -a 256

  linux (sha256sum): dcaef42c8e03ad902341ed69c2cc48bd057a2747340c1ae4925c700bb908b4e5  -
  macos (shasum -a 256): dcaef42c8e03ad902341ed69c2cc48bd057a2747340c1ae4925c700bb908b4e5  -
