{"index": 0, "concurrency": 8, "fast_pass": 4, "fast_rows": 4, "stage1": 0, "stage2": 0, "rows_pass": 8, "quiescent_rss_bytes": 74813440, "rss_peak_bytes": 1240031232}
{"index": 1, "concurrency": 8, "fast_pass": 4, "fast_rows": 4, "stage1": 0, "stage2": 0, "rows_pass": 8, "quiescent_rss_bytes": 77017088, "rss_peak_bytes": 1322885120}
{"index": 2, "concurrency": 32, "fast_pass": 16, "fast_rows": 16, "stage1": 0, "stage2": 0, "rows_pass": 32, "quiescent_rss_bytes": 102318080, "rss_peak_bytes": 4503220224}
{"index": 3, "concurrency": 8, "fast_pass": 4, "fast_rows": 4, "stage1": 0, "stage2": 0, "rows_pass": 8, "quiescent_rss_bytes": 102977536, "rss_peak_bytes": 1678671872}
{"index": 4, "concurrency": 8, "fast_pass": 4, "fast_rows": 4, "stage1": 0, "stage2": 0, "rows_pass": 8, "quiescent_rss_bytes": 103211008, "rss_peak_bytes": 1789964288}
{"index": 5, "concurrency": 8, "fast_pass": 4, "fast_rows": 4, "stage1": 0, "stage2": 0, "rows_pass": 8, "quiescent_rss_bytes": 103448576, "rss_peak_bytes": 1760681984}
{"index": 6, "concurrency": 32, "fast_pass": 16, "fast_rows": 16, "stage1": 0, "stage2": 0, "rows_pass": 32, "quiescent_rss_bytes": 110641152, "rss_peak_bytes": 4477267968}
{"index": 7, "concurrency": 8, "fast_pass": 4, "fast_rows": 4, "stage1": 0, "stage2": 0, "rows_pass": 8, "quiescent_rss_bytes": 109813760, "rss_peak_bytes": 1741283328}
{"index": 8, "concurrency": 8, "fast_pass": 4, "fast_rows": 4, "stage1": 0, "stage2": 0, "rows_pass": 8, "quiescent_rss_bytes": 108875776, "rss_peak_bytes": 1693335552}
{"index": 9, "concurrency": 8, "fast_pass": 4, "fast_rows": 4, "stage1": 0, "stage2": 0, "rows_pass": 8, "quiescent_rss_bytes": 116445184, "rss_peak_bytes": 1702981632}
{
  "receipt": "/root/w15-relay1352/c2-rerun1/base-release/receipt.json",
  "completed": true,
  "error": null,
  "summary": {
    "by_concurrency": {
      "8": {
        "fast_rows": 32,
        "fast_pass": 32,
        "stage1_relay_overloaded": 0,
        "stage2_delivery_overloaded": 0,
        "other_fast_failures": 0,
        "fast_turn_ms_median": 3576.194168999791,
        "slow_disconnected_rows": 32,
        "slow_disconnected_pass": 32
      },
      "32": {
        "fast_rows": 32,
        "fast_pass": 32,
        "stage1_relay_overloaded": 0,
        "stage2_delivery_overloaded": 0,
        "other_fast_failures": 0,
        "fast_turn_ms_median": 5976.6397420316935,
        "slow_disconnected_rows": 32,
        "slow_disconnected_pass": 32
      }
    },
    "rss_peak_bytes": 4503220224,
    "quiescent_rss_first": 74813440,
    "quiescent_rss_last": 116445184,
    "quiescent_rss_max": 116445184,
    "all_sessions_quiesced": true
  }
}
