PEER: hermes
TRIALS: 6
ITEMS: 440
KILL-ENABLED: no
BINARY: /root/f26-import/wayland-core-HEAD
BUILD-INFO: wayland-core 0.12.25 (source 3d0964843459d66a07f7ddbe52d69e77666665b5)
SENTINEL-DIGEST-PRE: 080403a916669851499985ac962320f9731d54ba627ce23d5414e8efc6f880d4
CORPUS-PROFILES: 8
CORPUS-SKILLS: 440
CORPUS-KIND: hermes
CORPUS-ROOT: /tmp/tmp.XdUw7VMh4p/peer-home
REFERENCE-RC: 0
REFERENCE-DURATION-MS: 408
REFERENCE-FINGERPRINT: 8866f55475f1954c8840f58c6f5e4f9a7ddb40347a932cd8dff9ac976d8a5849
REFERENCE-ENTRIES: 440
REFERENCE-PROFILES: 9
REFERENCE-PAYLOAD-FILES: 440
DETERMINISM-CONTROL: pass
SENSITIVITY-CONTROL: pass (profile-drop, payload-byte, index-entry all detected)
TRIAL-TABLE: trial delay_ms class index entries payloads orphans cfg redrive_rc recovered
TRIAL: 1 58 post ok 440 440 0 9 0 yes
TRIAL: 2 116 post ok 440 440 0 9 0 yes
TRIAL: 3 174 post ok 440 440 0 9 0 yes
TRIAL: 4 233 post ok 440 440 0 9 0 yes
TRIAL: 5 291 post ok 440 440 0 9 0 yes
TRIAL: 6 349 post ok 440 440 0 9 0 yes
SENTINEL-DIGEST-POST: 080403a916669851499985ac962320f9731d54ba627ce23d5414e8efc6f880d4
SENTINEL-UNCHANGED: yes
CLASS-PRE: 0
CLASS-MID: 0
CLASS-POST: 6
RECOVERED: 6
NOT-RECOVERED: 0
REDRIVE-NONZERO: 0
CORRUPT-INDEX-TRIALS: 0
EMPTY-INDEX-TRIALS: 0
ORPHAN-PAYLOAD-TRIALS: 0
PROOF: PASS peer=hermes trials=6 mid=0 recovered=6
