PEER: openclaw
TRIALS: 21
ITEMS: 440
KILL-ENABLED: yes
BINARY: /root/f26-import/wayland-core-HEAD
BUILD-INFO: wayland-core 0.12.25 (source 3d0964843459d66a07f7ddbe52d69e77666665b5)
SENTINEL-DIGEST-PRE: 080403a916669851499985ac962320f9731d54ba627ce23d5414e8efc6f880d4
CORPUS-MCP_SERVERS: 440
CORPUS-PROVIDERS: 2
CORPUS-KIND: openclaw
CORPUS-ROOT: /tmp/tmp.SqKdUq2n0b/peer-home
REFERENCE-RC: 0
REFERENCE-DURATION-MS: 365
REFERENCE-FINGERPRINT: 1b228157a3048cd4e9e5bc0d99ef75b942e18fc57eb0b858c4bbbb5e8546a07d
REFERENCE-ENTRIES: 440
REFERENCE-PROFILES: 3
REFERENCE-PAYLOAD-FILES: 440
DETERMINISM-CONTROL: pass
SENSITIVITY-CONTROL: pass (profile-drop, payload-byte, index-entry all detected)
TRIAL-TABLE: trial delay_ms class index entries payloads orphans cfg redrive_rc recovered
TRIAL: 1 16 pre absent 0 0 0 0 0 yes
TRIAL: 2 33 mid absent 0 1 1 0 0 yes
TRIAL: 3 49 mid ok 41 42 1 0 0 yes
TRIAL: 4 66 mid ok 92 92 0 0 0 yes
TRIAL: 5 82 mid ok 132 133 1 0 0 yes
TRIAL: 6 99 mid ok 164 164 0 0 0 yes
TRIAL: 7 116 mid ok 172 173 1 0 0 yes
TRIAL: 8 132 mid ok 204 205 1 0 0 yes
TRIAL: 9 149 mid ok 230 230 0 0 0 yes
TRIAL: 10 165 mid ok 255 255 0 0 0 yes
TRIAL: 11 182 mid ok 278 279 1 0 0 yes
TRIAL: 12 199 mid ok 294 294 0 0 0 yes
TRIAL: 13 215 mid ok 317 317 0 0 0 yes
TRIAL: 14 232 mid ok 337 337 0 0 0 yes
TRIAL: 15 248 mid ok 350 350 0 0 0 yes
TRIAL: 16 265 mid ok 372 373 1 0 0 yes
TRIAL: 17 282 mid ok 387 388 1 0 0 yes
TRIAL: 18 298 mid ok 412 412 0 0 0 yes
TRIAL: 19 315 mid ok 415 416 1 0 0 yes
TRIAL: 20 331 mid ok 424 424 0 0 0 yes
TRIAL: 21 348 post ok 440 440 0 3 0 yes
SENTINEL-DIGEST-POST: 080403a916669851499985ac962320f9731d54ba627ce23d5414e8efc6f880d4
SENTINEL-UNCHANGED: yes
CLASS-PRE: 1
CLASS-MID: 19
CLASS-POST: 1
RECOVERED: 21
NOT-RECOVERED: 0
REDRIVE-NONZERO: 0
CORRUPT-INDEX-TRIALS: 0
EMPTY-INDEX-TRIALS: 0
ORPHAN-PAYLOAD-TRIALS: 9
PROOF: PASS peer=openclaw trials=21 mid=19 recovered=21
