PEER: hermes
TRIALS: 21
ITEMS: 440
KILL-ENABLED: yes
BINARY: /root/f26-import/wayland-core-HEAD
BUILD-INFO: wayland-core 0.12.25 (source 3d0964843459d66a07f7ddbe52d69e77666665b5)
SENTINEL-DIGEST-PRE: 080403a916669851499985ac962320f9731d54ba627ce23d5414e8efc6f880d4
CORPUS-PROFILES: 8
CORPUS-SKILLS: 440
CORPUS-KIND: hermes
CORPUS-ROOT: /tmp/tmp.SZWmaRAVvK/peer-home
REFERENCE-RC: 0
REFERENCE-DURATION-MS: 404
REFERENCE-FINGERPRINT: 8866f55475f1954c8840f58c6f5e4f9a7ddb40347a932cd8dff9ac976d8a5849
REFERENCE-ENTRIES: 440
REFERENCE-PROFILES: 9
REFERENCE-PAYLOAD-FILES: 440
DETERMINISM-CONTROL: pass
SENSITIVITY-CONTROL: pass (profile-drop, payload-byte, index-entry all detected)
TRIAL-TABLE: trial delay_ms class index entries payloads orphans cfg redrive_rc recovered
TRIAL: 1 18 pre absent 0 0 0 0 0 yes
TRIAL: 2 36 mid absent 0 1 1 0 0 yes
TRIAL: 3 55 mid ok 44 44 0 0 0 yes
TRIAL: 4 73 mid ok 80 80 0 0 0 yes
TRIAL: 5 91 mid ok 124 124 0 0 0 yes
TRIAL: 6 110 mid ok 143 143 0 0 0 yes
TRIAL: 7 128 mid ok 179 179 0 0 0 yes
TRIAL: 8 146 mid ok 211 212 1 0 0 yes
TRIAL: 9 165 mid ok 245 245 0 0 0 yes
TRIAL: 10 183 mid ok 256 257 1 0 0 yes
TRIAL: 11 202 mid ok 288 289 1 0 0 yes
TRIAL: 12 220 mid ok 302 302 0 0 0 yes
TRIAL: 13 238 mid ok 315 316 1 0 0 yes
TRIAL: 14 257 mid ok 351 351 0 0 0 yes
TRIAL: 15 275 mid ok 368 368 0 0 0 yes
TRIAL: 16 293 mid ok 381 382 1 0 0 yes
TRIAL: 17 312 mid ok 401 402 1 0 0 yes
TRIAL: 18 330 mid ok 399 399 0 0 0 yes
TRIAL: 19 348 mid ok 414 415 1 0 0 yes
TRIAL: 20 367 post ok 440 440 0 9 0 yes
TRIAL: 21 385 post ok 440 440 0 9 0 yes
SENTINEL-DIGEST-POST: 080403a916669851499985ac962320f9731d54ba627ce23d5414e8efc6f880d4
SENTINEL-UNCHANGED: yes
CLASS-PRE: 1
CLASS-MID: 18
CLASS-POST: 2
RECOVERED: 21
NOT-RECOVERED: 0
REDRIVE-NONZERO: 0
CORRUPT-INDEX-TRIALS: 0
EMPTY-INDEX-TRIALS: 0
ORPHAN-PAYLOAD-TRIALS: 8
PROOF: PASS peer=hermes trials=21 mid=18 recovered=21
