   Compiling wcore-cua v0.12.25 (/root/wayland-27c2c/crates/wcore-cua)
    Finished `test` profile [unoptimized + debuginfo] target(s) in 2.30s
     Running tests/approval_gate_baseline_test.rs (target/debug/deps/approval_gate_baseline_test-1c4dec644a397f7c)

running 2 tests
EV2A: arm=withheld outcome=PolicySuspended backend_dispatches=0
EV2A: arm=granted outcome=Ok backend_dispatches=1
EV2A: arm=first_time_before outcome=PolicySuspended backend_dispatches=0 arm=first_time_after outcome=Ok backend_dispatches=1
EV2A-SUMMARY: arms=4 withheld_suspended=2 withheld_backend_dispatches=0 granted_ok=2 granted_backend_dispatches=2 discrimination=PASS
test baseline_approval_gate_blocks_dispatch ... ok

thread 'baseline_approval_gate_observed_on_real_x11' (4017151) panicked at crates/wcore-cua/tests/approval_gate_baseline_test.rs:267:5:
assertion `left == right` failed: STEP 1 (instrument liveness): XTest+QueryPointer must observe the pointer at the requested coordinate. Got (640, 512). Without this the test proves nothing.
  left: (640, 512)
 right: (100, 100)
note: run with `RUST_BACKTRACE=1` environment variable to display a backtrace
test baseline_approval_gate_observed_on_real_x11 ... FAILED

failures:

failures:
    baseline_approval_gate_observed_on_real_x11

test result: FAILED. 1 passed; 1 failed; 0 ignored; 0 measured; 0 filtered out; finished in 0.02s

error: test failed, to rerun pass `-p wcore-cua --test approval_gate_baseline_test`
