   Compiling syn v2.0.117
   Compiling indexmap v2.14.0
   Compiling toml_datetime v1.1.1+spec-1.1.0
   Compiling getrandom v0.4.2
   Compiling rustix v1.1.4
   Compiling linux-raw-sys v0.12.1
   Compiling slab v0.4.12
   Compiling futures-core v0.3.32
   Compiling toml_edit v0.25.12+spec-1.1.0
   Compiling proc-macro-crate v3.5.0
   Compiling tempfile v3.27.0
   Compiling serde_derive v1.0.228
   Compiling thiserror-impl v2.0.18
   Compiling tracing-attributes v0.1.31
   Compiling async-trait v0.1.89
   Compiling tokio-macros v2.7.0
   Compiling futures-macro v0.3.32
   Compiling rstest_macros v0.26.1
   Compiling tokio v1.52.3
   Compiling futures-util v0.3.32
   Compiling tracing v0.1.44
   Compiling thiserror v2.0.18
   Compiling serde v1.0.228
   Compiling rstest v0.26.1
   Compiling chrono v0.4.44
   Compiling wcore-types v0.13.11 (/root/w-f13/integ/crates/wcore-types)
   Compiling wcore-protocol v0.13.11 (/root/w-f13/integ/crates/wcore-protocol)
    Finished `test` profile [unoptimized + debuginfo] target(s) in 9.13s
────────────
 Nextest run ID 91872bbb-6eaa-483e-b4cd-e99ebfc924c8 with nextest profile: ci
    Starting 2 tests across 31 binaries (428 tests skipped)
────────────
     Summary [   0.336s] 2 tests run: 2 passed, 428 skipped
        PASS [   0.167s] (1/2) wcore-protocol::quiescence_contract the_published_corpus_is_current
        PASS [   0.334s] (2/2) wcore-protocol::desktop_contract_corpus checked_corpus_matches_real_serializers_byte_for_byte
        SKIP [         ] (───) wcore-protocol anvil::tests::altered_invalidation_body_fails_closed
        SKIP [         ] (───) wcore-protocol anvil::tests::altered_verdict_body_fails_closed
        SKIP [         ] (───) wcore-protocol anvil::tests::exact_replay_is_idempotent_and_conflicting_duplicate_fails_closed
        SKIP [         ] (───) wcore-protocol anvil::tests::legacy_receipt_shape_is_non_authoritative
        SKIP [         ] (───) wcore-protocol anvil::tests::malformed_version_mismatch_and_nested_forgery_are_rejected_or_inert
        SKIP [         ] (───) wcore-protocol anvil::tests::mutation_invalidates_and_replay_cannot_resurrect_receipt
        SKIP [         ] (───) wcore-protocol anvil::tests::sequence_gap_and_out_of_order_events_fail_closed
        SKIP [         ] (───) wcore-protocol anvil::tests::unknown_noncritical_fields_remain_forward_additive
        SKIP [         ] (───) wcore-protocol commands::tests::add_mcp_server_allowed_tools_distinguishes_absent_empty_and_named
        SKIP [         ] (───) wcore-protocol commands::tests::add_mcp_server_replace_is_opt_in_and_absent_by_default
        SKIP [         ] (───) wcore-protocol commands::tests::add_mcp_server_sse_deserialize
        SKIP [         ] (───) wcore-protocol commands::tests::add_mcp_server_stdio_deserialize
        SKIP [         ] (───) wcore-protocol commands::tests::approval_resume_deserialize
        SKIP [         ] (───) wcore-protocol commands::tests::approval_resume_deserialize_with_modifications
        SKIP [         ] (───) wcore-protocol commands::tests::approval_scope_always_path_wire_format
        SKIP [         ] (───) wcore-protocol commands::tests::approval_scope_wire_format_is_backward_compatible
        SKIP [         ] (───) wcore-protocol commands::tests::continue_with_budget_accepts_cost_only_grants
        SKIP [         ] (───) wcore-protocol commands::tests::continue_with_budget_is_typed_and_defaults_missing_axes_to_zero
        SKIP [         ] (───) wcore-protocol commands::tests::continue_with_budget_rejects_structurally_invalid_grants
        SKIP [         ] (───) wcore-protocol commands::tests::host_send_message_result_err_and_minimal_deserialize
        SKIP [         ] (───) wcore-protocol commands::tests::host_send_message_result_ok_deserialize
        SKIP [         ] (───) wcore-protocol commands::tests::ping_deserialize
        SKIP [         ] (───) wcore-protocol commands::tests::remove_mcp_server_is_closed_and_versioned
        SKIP [         ] (───) wcore-protocol commands::tests::set_config_all_none_fields
        SKIP [         ] (───) wcore-protocol commands::tests::set_config_compaction_none_by_default
        SKIP [         ] (───) wcore-protocol commands::tests::set_config_debug_format
        SKIP [         ] (───) wcore-protocol commands::tests::set_config_equality
        SKIP [         ] (───) wcore-protocol commands::tests::set_config_with_all_fields_equality
        SKIP [         ] (───) wcore-protocol commands::tests::set_config_with_compaction
        SKIP [         ] (───) wcore-protocol commands::tests::set_mode_force_alias_dangerously_skip_permissions
        SKIP [         ] (───) wcore-protocol commands::tests::set_mode_force_alias_dangerously_skip_permissions_kebab
        SKIP [         ] (───) wcore-protocol commands::tests::set_mode_force_alias_yolo
        SKIP [         ] (───) wcore-protocol commands::tests::set_mode_force_canonical
        SKIP [         ] (───) wcore-protocol commands::tests::set_mode_rejects_untrusted_sandbox_bypass_vocabulary
        SKIP [         ] (───) wcore-protocol commands::tests::tool_approve_new_shape_deserializes
        SKIP [         ] (───) wcore-protocol commands::tests::tool_approve_old_shape_backwards_compatible
        SKIP [         ] (───) wcore-protocol commands::tests::workspace_capability_grant_deserializes_without_authority_claims
        SKIP [         ] (───) wcore-protocol contract::check::tests::a_moved_schema_digest_refuses_to_offer_regeneration_as_the_remedy
        SKIP [         ] (───) wcore-protocol contract::check::tests::an_identical_manifest_points_at_the_corpus_files_instead
        SKIP [         ] (───) wcore-protocol contract::check::tests::an_unchanged_schema_digest_reports_a_source_hash_rebase
        SKIP [         ] (───) wcore-protocol contract::check::tests::an_unreadable_manifest_is_unknown_not_reassuring
        SKIP [         ] (───) wcore-protocol contract::check::tests::the_drift_error_carries_the_rebase_verdict
        SKIP [         ] (───) wcore-protocol contract::check::tests::the_drift_error_carries_the_schema_moved_verdict
        SKIP [         ] (───) wcore-protocol contract::generate::tests::a_corpus_publishing_no_wire_shapes_is_refused_unless_bootstrapping
        SKIP [         ] (───) wcore-protocol contract::generate::tests::a_moved_wire_shape_is_refused_while_the_version_stands_still
        SKIP [         ] (───) wcore-protocol contract::generate::tests::a_moved_wire_shape_regenerates_once_the_version_moves_forward
        SKIP [         ] (───) wcore-protocol contract::generate::tests::adding_or_dropping_a_wire_type_is_also_a_version_decision
        SKIP [         ] (───) wcore-protocol contract::generate::tests::an_added_only_refusal_does_not_claim_broken_correlation
        SKIP [         ] (───) wcore-protocol contract::generate::tests::an_altered_or_removed_refusal_keeps_the_correlation_justification
        SKIP [         ] (───) wcore-protocol contract::generate::tests::an_unmoved_wire_shape_regenerates_under_the_standing_version
        SKIP [         ] (───) wcore-protocol contract::generate::tests::bootstrapping_still_compares_a_baseline_that_does_exist
        SKIP [         ] (───) wcore-protocol contract::generate::tests::every_generated_wire_type_publishes_exactly_one_shape_digest
        SKIP [         ] (───) wcore-protocol contract::generate::tests::generated_negotiation_fixtures_replay_without_digest_recursion
        SKIP [         ] (───) wcore-protocol contract::generate::tests::the_decision_log_explains_the_contract_minor_it_sits_above
        SKIP [         ] (───) wcore-protocol contract::generate::tests::the_gate_refuses_a_moved_shape_against_the_real_published_baseline
        SKIP [         ] (───) wcore-protocol contract::generate::tests::the_mcp_ready_skip_annotation_is_named_in_the_manifest
        SKIP [         ] (───) wcore-protocol contract::observation::tests::ready_inconsistent_capabilities_and_policy_fail_before_negotiation
        SKIP [         ] (───) wcore-protocol contract::observation::tests::ready_malformed_required_shapes_fail_before_negotiation
        SKIP [         ] (───) wcore-protocol contract::observation::tests::ready_missing_each_required_field_fails_before_negotiation
        SKIP [         ] (───) wcore-protocol contract::observation::tests::serialized_ready_must_match_the_pinned_descriptor
        SKIP [         ] (───) wcore-protocol contract::observation::tests::unknown_events_require_explicit_noncritical_classification
        SKIP [         ] (───) wcore-protocol contract::observation::tests::unsupported_major_fails_before_negotiation
        SKIP [         ] (───) wcore-protocol contract::preflight::tests::a_change_that_repins_the_corpus_is_silent
        SKIP [         ] (───) wcore-protocol contract::preflight::tests::a_change_touching_no_source_input_is_silent
        SKIP [         ] (───) wcore-protocol contract::preflight::tests::a_source_input_edit_without_a_repin_is_flagged_with_the_safe_procedure
        SKIP [         ] (───) wcore-protocol contract::preflight::tests::a_windows_spelled_file_list_is_understood_on_both_arms
        SKIP [         ] (───) wcore-protocol contract::preflight::tests::blank_lines_in_a_piped_file_list_are_ignored
        SKIP [         ] (───) wcore-protocol contract::preflight::tests::the_contract_dir_is_where_the_corpus_actually_lives
        SKIP [         ] (───) wcore-protocol diagnostics::tests::diagnostics_request_id_must_be_non_empty_and_bounded
        SKIP [         ] (───) wcore-protocol events::tests::a_worst_case_escaped_render_frame_fits_the_output_pump
        SKIP [         ] (───) wcore-protocol events::tests::capabilities_default_has_all_w0_flags_false_and_v0_1_21_baseline
        SKIP [         ] (───) wcore-protocol events::tests::capabilities_default_off_serialization_deserializes_with_w0_flags_false
        SKIP [         ] (───) wcore-protocol events::tests::capabilities_default_off_serializes_without_new_flag_keys
        SKIP [         ] (───) wcore-protocol events::tests::capabilities_flag_on_serializes_with_key_present
        SKIP [         ] (───) wcore-protocol events::tests::capabilities_memory_enabled_emits_when_on_and_omits_when_off
        SKIP [         ] (───) wcore-protocol events::tests::capabilities_round_trips_through_deserialize
        SKIP [         ] (───) wcore-protocol events::tests::capability_activation_requires_reason_only_when_unavailable
        SKIP [         ] (───) wcore-protocol events::tests::capability_activation_serializes_as_a_flat_additive_event
        SKIP [         ] (───) wcore-protocol events::tests::capability_activation_transition_cycle_is_explicit
        SKIP [         ] (───) wcore-protocol events::tests::every_ready_posture_is_distinguishable_from_the_others_on_the_wire
        SKIP [         ] (───) wcore-protocol events::tests::execution_policy_event_is_typed_and_additive
        SKIP [         ] (───) wcore-protocol events::tests::legacy_turn_cost_defaults_to_unpriced
        SKIP [         ] (───) wcore-protocol events::tests::mcp_ready_annotates_an_already_connected_skip
        SKIP [         ] (───) wcore-protocol events::tests::midflight_monitor_decision_serializes_typed_control_flow
        SKIP [         ] (───) wcore-protocol events::tests::provider_failover_receipt_preserves_opaque_replay_shape
        SKIP [         ] (───) wcore-protocol events::tests::ready_can_expose_the_initial_effective_policy_snapshot
        SKIP [         ] (───) wcore-protocol events::tests::render_artifact_serializes_with_an_explicit_noncritical_classification
        SKIP [         ] (───) wcore-protocol events::tests::render_content_at_the_cap_is_untouched
        SKIP [         ] (───) wcore-protocol events::tests::render_content_over_the_cap_is_truncated_not_dropped
        SKIP [         ] (───) wcore-protocol events::tests::render_mime_vocabulary_is_closed
        SKIP [         ] (───) wcore-protocol events::tests::route_info_locality_separates_local_from_cloud_on_one_provider_id
        SKIP [         ] (───) wcore-protocol events::tests::route_info_never_serializes_a_credential_bearing_base_url
        SKIP [         ] (───) wcore-protocol events::tests::route_info_without_an_endpoint_is_absent_not_local
        SKIP [         ] (───) wcore-protocol events::tests::test_config_changed_event_serialization
        SKIP [         ] (───) wcore-protocol events::tests::test_error_event_serialization
        SKIP [         ] (───) wcore-protocol events::tests::test_host_send_message_request_full_serialization
        SKIP [         ] (───) wcore-protocol events::tests::test_host_send_message_request_omits_absent_optionals
        SKIP [         ] (───) wcore-protocol events::tests::test_mcp_ready_event_serialization
        SKIP [         ] (───) wcore-protocol events::tests::test_pong_event_serialization
        SKIP [         ] (───) wcore-protocol events::tests::test_ready_event_serialization
        SKIP [         ] (───) wcore-protocol events::tests::test_ready_event_with_expanded_capabilities
        SKIP [         ] (───) wcore-protocol events::tests::test_stream_end_finish_reason_required_in_output
        SKIP [         ] (───) wcore-protocol events::tests::test_stream_end_finish_reason_serialization
        SKIP [         ] (───) wcore-protocol events::tests::test_stream_end_usage_delta_is_sibling_with_same_field_names
        SKIP [         ] (───) wcore-protocol events::tests::test_stream_end_with_usage
        SKIP [         ] (───) wcore-protocol events::tests::test_text_delta_event_serialization
        SKIP [         ] (───) wcore-protocol events::tests::test_thinking_event_with_subject_serializes_subject
        SKIP [         ] (───) wcore-protocol events::tests::test_thinking_event_without_subject_omits_key
        SKIP [         ] (───) wcore-protocol events::tests::test_tool_category_display
        SKIP [         ] (───) wcore-protocol events::tests::test_tool_request_event_serialization
        SKIP [         ] (───) wcore-protocol events::tests::test_tool_result_event_serialization
        SKIP [         ] (───) wcore-protocol events::tests::workspace_policy_receipt_serializes_as_output_only_effective_authority
        SKIP [         ] (───) wcore-protocol execution_policy::tests::duplicate_is_idempotent_but_conflict_fails_closed
        SKIP [         ] (───) wcore-protocol execution_policy::tests::out_of_order_and_version_mismatch_fail_closed
        SKIP [         ] (───) wcore-protocol execution_policy::tests::resume_snapshot_is_explicit_and_critical
        SKIP [         ] (───) wcore-protocol execution_policy::tests::revisions_advance_only_for_effective_changes
        SKIP [         ] (───) wcore-protocol goal::tests::a_manual_loop_renders_no_ceiling_rather_than_an_unbounded_one
        SKIP [         ] (───) wcore-protocol goal::tests::every_kernel_goal_transition_has_exactly_one_wire_kind
        SKIP [         ] (───) wcore-protocol goal::tests::the_authority_wire_round_trips_without_reconstructing_an_envelope
        SKIP [         ] (───) wcore-protocol goal::tests::the_lifecycle_wire_discriminator_matches_the_journal_projection_exactly
        SKIP [         ] (───) wcore-protocol goal::tests::the_task_status_set_keeps_undelivered_and_unresolved_distinct
        SKIP [         ] (───) wcore-protocol output_pump::tests::blocked_writer_saturates_without_blocking_producer
        SKIP [         ] (───) wcore-protocol output_pump::tests::close_and_drain_delivers_all_accepted_frames_in_order
        SKIP [         ] (───) wcore-protocol output_pump::tests::close_and_drain_reports_late_write_failure
        SKIP [         ] (───) wcore-protocol output_pump::tests::close_and_drain_times_out_when_write_is_blocked
        SKIP [         ] (───) wcore-protocol output_pump::tests::failure_callback_can_reenter_without_queue_deadlock
        SKIP [         ] (───) wcore-protocol output_pump::tests::flush_completes_snapshot_despite_later_rejected_write
        SKIP [         ] (───) wcore-protocol output_pump::tests::flush_ignores_frames_accepted_after_its_snapshot
        SKIP [         ] (───) wcore-protocol output_pump::tests::sequence_exhaustion_rejects_without_wrapping_or_admission
        SKIP [         ] (───) wcore-protocol output_pump::tests::writer_failure_callback_runs_once
        SKIP [         ] (───) wcore-protocol quiescence::tests::acquire_validation_bounds_the_ttl_on_both_sides
        SKIP [         ] (───) wcore-protocol quiescence::tests::acquire_validation_is_pure_and_accepts_a_well_formed_frame
        SKIP [         ] (───) wcore-protocol quiescence::tests::acquire_validation_refuses_a_request_that_covers_nothing
        SKIP [         ] (───) wcore-protocol quiescence::tests::acquire_validation_rejects_a_future_dialect_before_anything_else
        SKIP [         ] (───) wcore-protocol quiescence::tests::acquire_validation_rejects_a_path_separator_in_a_profile_name
        SKIP [         ] (───) wcore-protocol quiescence::tests::release_validation_requires_an_epoch_echo
        SKIP [         ] (───) wcore-protocol quiescence::tests::scope_defaults_to_including_the_default_home
        SKIP [         ] (───) wcore-protocol quiescence::tests::scope_rejects_an_unknown_field
        SKIP [         ] (───) wcore-protocol reader::tests::a_rejected_line_does_not_stop_the_commands_around_it
        SKIP [         ] (───) wcore-protocol reader::tests::a_rejection_bounds_the_host_supplied_text_it_echoes
        SKIP [         ] (───) wcore-protocol reader::tests::cancelled_reader_admits_no_commands
        SKIP [         ] (───) wcore-protocol reader::tests::line_at_cap_with_newline_is_not_treated_as_overflow
        SKIP [         ] (───) wcore-protocol reader::tests::message_missing_a_required_field_is_rejected_naming_the_field
        SKIP [         ] (───) wcore-protocol reader::tests::non_json_line_is_rejected_on_the_wire
        SKIP [         ] (───) wcore-protocol reader::tests::oversized_line_is_skipped_then_next_line_parses
        SKIP [         ] (───) wcore-protocol reader::tests::unknown_command_type_is_rejected_on_the_wire
        SKIP [         ] (───) wcore-protocol reader::tests::unsupported_runtime_diagnostics_version_reaches_correlated_dispatch
        SKIP [         ] (───) wcore-protocol reader::tests::valid_line_before_and_after_oversized_line
        SKIP [         ] (───) wcore-protocol reader::tests::well_formed_commands_are_dispatched_and_never_rejected
        SKIP [         ] (───) wcore-protocol tests::add_auto_approve_tool_name_restores_a_grant_but_not_for_send_message
        SKIP [         ] (───) wcore-protocol tests::always_prefix_denies_unprefixable_metachars_h4
        SKIP [         ] (───) wcore-protocol tests::always_prefix_does_not_auto_approve_chained_commands_h4
        SKIP [         ] (───) wcore-protocol tests::always_prefix_scopes_auto_approve_to_the_command_head
        SKIP [         ] (───) wcore-protocol tests::always_prefix_still_works_w56_h2
        SKIP [         ] (───) wcore-protocol tests::always_scope_is_tool_name_scoped_w56_h2
        SKIP [         ] (───) wcore-protocol tests::always_scope_on_send_message_downgrades_to_once
        SKIP [         ] (───) wcore-protocol tests::auto_edit_mode_current_mode_string
        SKIP [         ] (───) wcore-protocol tests::auto_edit_mode_only_approves_builtin_write_and_edit
        SKIP [         ] (───) wcore-protocol tests::auto_edit_mode_requires_approval_for_exec_and_mcp
        SKIP [         ] (───) wcore-protocol tests::current_mode_strings_round_trip_through_session_mode
        SKIP [         ] (───) wcore-protocol tests::default_mode_current_mode_string
        SKIP [         ] (───) wcore-protocol tests::default_mode_does_not_auto_approve_any_category
        SKIP [         ] (───) wcore-protocol tests::force_mode_approves_all_categories
        SKIP [         ] (───) wcore-protocol tests::force_mode_current_mode_string
        SKIP [         ] (───) wcore-protocol tests::force_mode_deserializes_from_snake_case_string
        SKIP [         ] (───) wcore-protocol tests::ghsa_local_set_mode_force_is_unrestricted
        SKIP [         ] (───) wcore-protocol tests::ghsa_wire_escalating_modes_allowed_after_local_opt_in
        SKIP [         ] (───) wcore-protocol tests::ghsa_wire_force_refused_without_local_opt_in
        SKIP [         ] (───) wcore-protocol tests::has_unprefixable_metachars_classifies_correctly
        SKIP [         ] (───) wcore-protocol tests::managed_floor_clamps_local_and_wire_mode_changes
        SKIP [         ] (───) wcore-protocol tests::pending_tool_name_answers_only_while_the_call_is_pending
        SKIP [         ] (───) wcore-protocol tests::prefix_matches_is_literal_head_match
        SKIP [         ] (───) wcore-protocol tests::send_message_never_name_auto_approved_even_if_set_poisoned
        SKIP [         ] (───) wcore-protocol tests::switching_mode_changes_approval_behavior
        SKIP [         ] (───) wcore-protocol tests::unknown_mode_string_is_an_error_not_a_silent_default
        SKIP [         ] (───) wcore-protocol tests::user_always_approval_persists_across_mode_changes
        SKIP [         ] (───) wcore-protocol writer::tests::test_writer_construction
        SKIP [         ] (───) wcore-protocol writer::tests::writer_delivers_exact_json_lines_in_order
        SKIP [         ] (───) wcore-protocol::approval_manager_test approve_resolves_request_and_updates_auto_approval::case_1
        SKIP [         ] (───) wcore-protocol::approval_manager_test approve_resolves_request_and_updates_auto_approval::case_2
        SKIP [         ] (───) wcore-protocol::approval_manager_test deny_all_pending_leaves_an_already_answered_approval_alone
        SKIP [         ] (───) wcore-protocol::approval_manager_test deny_all_pending_resolves_every_parked_approval_at_once
        SKIP [         ] (───) wcore-protocol::approval_manager_test resolve_host_always_scope_registers_tool_name
        SKIP [         ] (───) wcore-protocol::approval_manager_test resolve_host_approves_pending_and_reports_presence
        SKIP [         ] (───) wcore-protocol::approval_manager_test resolve_host_denies_pending_with_host_reason
        SKIP [         ] (───) wcore-protocol::approval_manager_test resolve_host_threads_answer_through
        SKIP [         ] (───) wcore-protocol::approval_manager_test resolve_host_unknown_call_id_reports_not_found_and_is_idempotent
        SKIP [         ] (───) wcore-protocol::approval_manager_test resolve_preserves_denial_reason
        SKIP [         ] (───) wcore-protocol::approval_resume_contract every_shipped_approval_required_correlates_on_its_call_id
        SKIP [         ] (───) wcore-protocol::approval_resume_contract the_canonical_approval_required_row_is_an_ordinary_tool_gate
        SKIP [         ] (───) wcore-protocol::approval_resume_contract the_real_manager_resolves_an_ordinary_gate_by_call_id_and_never_by_its_empty_token
        SKIP [         ] (───) wcore-protocol::capability_discovery_test capabilities_serialize_with_all_fields
        SKIP [         ] (───) wcore-protocol::capability_discovery_test capabilities_with_effort_levels_roundtrip
        SKIP [         ] (───) wcore-protocol::capability_discovery_test config_changed_event_serializes_correctly
        SKIP [         ] (───) wcore-protocol::commands_test deserializes_protocol_commands::case_1
        SKIP [         ] (───) wcore-protocol::commands_test deserializes_protocol_commands::case_2
        SKIP [         ] (───) wcore-protocol::commands_test deserializes_protocol_commands::case_3
        SKIP [         ] (───) wcore-protocol::commands_test deserializes_protocol_commands::case_4
        SKIP [         ] (───) wcore-protocol::commands_test deserializes_protocol_commands::case_5
        SKIP [         ] (───) wcore-protocol::commands_test deserializes_protocol_commands::case_6
        SKIP [         ] (───) wcore-protocol::commands_test deserializes_protocol_commands::case_7
        SKIP [         ] (───) wcore-protocol::commands_test deserializes_tool_approve_scope::case_1
        SKIP [         ] (───) wcore-protocol::commands_test deserializes_tool_approve_scope::case_2
        SKIP [         ] (───) wcore-protocol::commands_test deserializes_tool_deny_reason::case_1
        SKIP [         ] (───) wcore-protocol::commands_test deserializes_tool_deny_reason::case_2
        SKIP [         ] (───) wcore-protocol::contract_cli preflight_is_silent_for_a_change_that_touches_no_source_input
        SKIP [         ] (───) wcore-protocol::contract_cli preflight_is_silent_when_the_change_already_repins_the_corpus
        SKIP [         ] (───) wcore-protocol::contract_cli preflight_survives_a_changed_file_list_that_cannot_be_read
        SKIP [         ] (───) wcore-protocol::contract_cli preflight_survives_a_non_utf8_changed_file_list
        SKIP [         ] (───) wcore-protocol::contract_cli preflight_warns_about_a_source_input_edit_without_ever_failing
        SKIP [         ] (───) wcore-protocol::contract_cli source_inputs_prints_exactly_the_paths_the_generator_hashes
        SKIP [         ] (───) wcore-protocol::contract_gate_topology only_macos_is_dropped_from_the_corpus_drift_test_and_only_that_one_test
        SKIP [         ] (───) wcore-protocol::contract_gate_topology the_corpus_drift_step_is_a_gate_and_carries_nothing_that_could_silence_it
        SKIP [         ] (───) wcore-protocol::contract_gate_topology the_corpus_drift_step_runs_in_exactly_one_job_and_that_job_is_linux
        SKIP [         ] (───) wcore-protocol::contract_gate_topology the_job_carrying_the_preflight_hint_can_actually_read_the_pull_request
        SKIP [         ] (───) wcore-protocol::contract_gate_topology the_preflight_hint_runs_before_every_step_it_is_meant_to_pre_empt
        SKIP [         ] (───) wcore-protocol::contract_gate_topology the_preflight_hint_runs_on_linux_and_can_never_fail_the_build
        SKIP [         ] (───) wcore-protocol::desktop_contract_adversarial canonical_ready_advertises_the_embedded_generated_contract
        SKIP [         ] (───) wcore-protocol::desktop_contract_adversarial malformed_and_unknown_commands_never_deserialize_for_dispatch
        SKIP [         ] (───) wcore-protocol::desktop_contract_adversarial negotiated_host_drops_serialized_unknown_noncritical_event
        SKIP [         ] (───) wcore-protocol::desktop_contract_adversarial negotiated_host_rejects_unknown_critical_and_unclassified_events
        SKIP [         ] (───) wcore-protocol::desktop_contract_adversarial negotiated_observer_accepts_authoritative_anvil_invalidation
        SKIP [         ] (───) wcore-protocol::desktop_contract_adversarial production_workflow_reducer_replays_the_checked_corpus
        SKIP [         ] (───) wcore-protocol::desktop_contract_adversarial ready_replay_fails_closed_on_major_schema_and_fixture_mismatch
        SKIP [         ] (───) wcore-protocol::desktop_contract_adversarial remaining_deferrals_exclude_live_negotiation_guarantees
        SKIP [         ] (───) wcore-protocol::desktop_contract_adversarial runtime_diagnostics_is_closed_versioned_correlated_and_redacted
        SKIP [         ] (───) wcore-protocol::desktop_contract_adversarial serialized_anvil_reducer_proves_duplicate_inert_and_fail_closed_vectors
        SKIP [         ] (───) wcore-protocol::desktop_contract_adversarial serialized_anvil_reducer_replays_invalidation_and_never_resurrects_trust
        SKIP [         ] (───) wcore-protocol::desktop_contract_adversarial serialized_policy_reducer_accepts_valid_revisions_and_duplicate_replay
        SKIP [         ] (───) wcore-protocol::desktop_contract_adversarial serialized_policy_reducer_fails_closed_on_conflict_gap_version_and_criticality
        SKIP [         ] (───) wcore-protocol::desktop_contract_adversarial serialized_recovery_reducer_accepts_pinned_cursor_replay
        SKIP [         ] (───) wcore-protocol::desktop_contract_adversarial serialized_recovery_reducer_fails_closed_on_version_cursor_and_state_drift
        SKIP [         ] (───) wcore-protocol::desktop_contract_adversarial serialized_workflow_reducer_detects_conflict_gaps_and_absorbs_terminals
        SKIP [         ] (───) wcore-protocol::desktop_contract_adversarial serialized_workflow_reducer_replays_correlated_node_and_child_lifecycle
        SKIP [         ] (───) wcore-protocol::desktop_contract_corpus authority_fixtures_pin_correlated_current_shapes
        SKIP [         ] (───) wcore-protocol::desktop_contract_corpus budget_grant_adversarial_fixtures_fail_closed
        SKIP [         ] (───) wcore-protocol::desktop_contract_corpus contradictory_budget_grant_results_cannot_cross_the_wire
        SKIP [         ] (───) wcore-protocol::desktop_contract_corpus durable_child_type_fixtures_round_trip_without_a_parallel_model
        SKIP [         ] (───) wcore-protocol::desktop_contract_corpus event_schema_distinguishes_correlated_and_legacy_child_shapes
        SKIP [         ] (───) wcore-protocol::desktop_contract_corpus every_command_fixture_deserializes_through_protocol_command
        SKIP [         ] (───) wcore-protocol::desktop_contract_corpus every_command_fixture_round_trips_to_the_variant_it_names
        SKIP [         ] (───) wcore-protocol::desktop_contract_corpus every_json_artifact_is_canonical_and_lf_terminated
        SKIP [         ] (───) wcore-protocol::desktop_contract_corpus every_protocol_command_variant_is_published_with_a_fixture_and_a_schema_branch
        SKIP [         ] (───) wcore-protocol::desktop_contract_corpus generated_schemas_reject_malformed_authority_types_and_enums
        SKIP [         ] (───) wcore-protocol::desktop_contract_corpus inventory_is_exactly_twenty_nine_commands_and_sixty_eight_events
        SKIP [         ] (───) wcore-protocol::desktop_contract_corpus malformed_durable_child_fixtures_are_rejected
        SKIP [         ] (───) wcore-protocol::desktop_contract_corpus manifest_criticality_uses_only_the_normative_typed_vocabulary
        SKIP [         ] (───) wcore-protocol::desktop_contract_corpus manifest_pins_generator_and_all_three_digests
        SKIP [         ] (───) wcore-protocol::desktop_contract_corpus manifest_publishes_a_wire_shape_for_every_command_and_event
        SKIP [         ] (───) wcore-protocol::desktop_contract_corpus manifest_ready_and_schema_titles_share_one_contract_identity
        SKIP [         ] (───) wcore-protocol::desktop_contract_corpus producer_complete_schema_keeps_current_and_non_desktop_variants_visible
        SKIP [         ] (───) wcore-protocol::desktop_contract_corpus the_published_schema_accepts_every_ready_posture_and_pins_its_vocabulary
        SKIP [         ] (───) wcore-protocol::desktop_contract_corpus_only_host corpus_only_host_drops_an_unknown_noncritical_event
        SKIP [         ] (───) wcore-protocol::desktop_contract_corpus_only_host corpus_only_host_still_rejects_a_genuinely_unknown_event
        SKIP [         ] (───) wcore-protocol::desktop_contract_corpus_only_host corpus_only_host_survives_every_event_the_producer_emits
        SKIP [         ] (───) wcore-protocol::desktop_contract_corpus_only_host shipped_manifest_declares_every_producer_event_type
        SKIP [         ] (───) wcore-protocol::desktop_contract_selfconsistency every_desktop_manifest_event_has_a_real_protocol_event_variant
        SKIP [         ] (───) wcore-protocol::desktop_contract_selfconsistency every_protocol_event_variant_is_modelled_or_declared_deferred
        SKIP [         ] (───) wcore-protocol::desktop_contract_selfconsistency no_published_one_of_is_unsatisfiable_by_construction
        SKIP [         ] (───) wcore-protocol::desktop_contract_selfconsistency protocol_event_source_parser_is_alive_in_both_directions
        SKIP [         ] (───) wcore-protocol::desktop_contract_selfconsistency published_schemas_accept_every_event_fixture_they_describe
        SKIP [         ] (───) wcore-protocol::golden_browser_v0_2_0 golden_browser_event
        SKIP [         ] (───) wcore-protocol::golden_browser_v0_2_0 golden_browser_event_omits_url_when_none
        SKIP [         ] (───) wcore-protocol::golden_browser_v0_2_0 golden_browser_policy_denied
        SKIP [         ] (───) wcore-protocol::golden_cua_v0_2_0 cua_event_serializes_with_expected_type_tag
        SKIP [         ] (───) wcore-protocol::golden_cua_v0_2_0 golden_cua_event
        SKIP [         ] (───) wcore-protocol::golden_cua_v0_2_0 golden_cua_event_omits_coords_when_none
        SKIP [         ] (───) wcore-protocol::golden_cua_v0_2_0 golden_cua_policy_denied
        SKIP [         ] (───) wcore-protocol::golden_cua_v0_2_0 golden_cua_policy_denied_omits_empty_app
        SKIP [         ] (───) wcore-protocol::golden_v0_1_21 golden_config_changed_v0_1_21
        SKIP [         ] (───) wcore-protocol::golden_v0_1_21 golden_each_w0_capability_flag_locks_its_documented_name
        SKIP [         ] (───) wcore-protocol::golden_v0_1_21 golden_error_v0_1_21
        SKIP [         ] (───) wcore-protocol::golden_v0_1_21 golden_error_without_msg_id_v0_1_21
        SKIP [         ] (───) wcore-protocol::golden_v0_1_21 golden_info_v0_1_21
        SKIP [         ] (───) wcore-protocol::golden_v0_1_21 golden_mcp_ready_v0_1_21
        SKIP [         ] (───) wcore-protocol::golden_v0_1_21 golden_pong_v0_1_21
        SKIP [         ] (───) wcore-protocol::golden_v0_1_21 golden_ready_v0_1_21
        SKIP [         ] (───) wcore-protocol::golden_v0_1_21 golden_ready_with_cost_attribution_advertised
        SKIP [         ] (───) wcore-protocol::golden_v0_1_21 golden_session_cost_empty_per_turn
        SKIP [         ] (───) wcore-protocol::golden_v0_1_21 golden_session_cost_v_w6
        SKIP [         ] (───) wcore-protocol::golden_v0_1_21 golden_stream_end_error_v0_1_21
        SKIP [         ] (───) wcore-protocol::golden_v0_1_21 golden_stream_end_every_finish_reason_serializes_snake_case
        SKIP [         ] (───) wcore-protocol::golden_v0_1_21 golden_stream_end_length_v0_1_21
        SKIP [         ] (───) wcore-protocol::golden_v0_1_21 golden_stream_end_no_new_keys_when_unset_279
        SKIP [         ] (───) wcore-protocol::golden_v0_1_21 golden_stream_end_stop_v0_1_21
        SKIP [         ] (───) wcore-protocol::golden_v0_1_21 golden_stream_end_with_new_keys_when_set_279
        SKIP [         ] (───) wcore-protocol::golden_v0_1_21 golden_stream_start_v0_1_21
        SKIP [         ] (───) wcore-protocol::golden_v0_1_21 golden_text_delta_v0_1_21
        SKIP [         ] (───) wcore-protocol::golden_v0_1_21 golden_thinking_v0_1_21
        SKIP [         ] (───) wcore-protocol::golden_v0_1_21 golden_tool_cancelled_v0_1_21
        SKIP [         ] (───) wcore-protocol::golden_v0_1_21 golden_usage_with_full_cache_fields_v0_1_21
        SKIP [         ] (───) wcore-protocol::golden_w1 golden_trace_event_w1
        SKIP [         ] (───) wcore-protocol::golden_w10b golden_capabilities_default_omits_gepa_enabled
        SKIP [         ] (───) wcore-protocol::golden_w10b golden_capabilities_with_gepa_enabled_on_serializes_the_key
        SKIP [         ] (───) wcore-protocol::golden_w10b golden_evolution_event_w10b
        SKIP [         ] (───) wcore-protocol::golden_w7 golden_approval_required_w7
        SKIP [         ] (───) wcore-protocol::golden_w7 golden_approval_resume_approved_w7
        SKIP [         ] (───) wcore-protocol::golden_w7 golden_approval_resume_rejected_w7
        SKIP [         ] (───) wcore-protocol::golden_w7 golden_correlated_sub_agent_event
        SKIP [         ] (───) wcore-protocol::golden_w7 golden_correlated_workflow_lifecycle
        SKIP [         ] (───) wcore-protocol::golden_w7 golden_provider_attempt
        SKIP [         ] (───) wcore-protocol::golden_w7 golden_provider_circuit_event_closed_w7
        SKIP [         ] (───) wcore-protocol::golden_w7 golden_provider_circuit_event_open_w7
        SKIP [         ] (───) wcore-protocol::golden_w7 golden_sub_agent_event_w7
        SKIP [         ] (───) wcore-protocol::golden_w7 golden_suspend_w7
        SKIP [         ] (───) wcore-protocol::golden_w7 golden_tool_chunk_w7
        SKIP [         ] (───) wcore-protocol::golden_w7 golden_workflow_finished
        SKIP [         ] (───) wcore-protocol::golden_w7 golden_workflow_started
        SKIP [         ] (───) wcore-protocol::golden_w8a golden_budget_exceeded_max_cost_usd_w8a
        SKIP [         ] (───) wcore-protocol::golden_w8a golden_budget_exceeded_wall_time_w8a
        SKIP [         ] (───) wcore-protocol::golden_w8a golden_plugin_event_w8a
        SKIP [         ] (───) wcore-protocol::host_decoder_contract capability_aware_host_parses_compact_offload_279
        SKIP [         ] (───) wcore-protocol::host_decoder_contract engine_emits_anvil_receipt_with_correct_type
        SKIP [         ] (───) wcore-protocol::host_decoder_contract engine_emits_session_cost_in_v6_known_type_namespace
        SKIP [         ] (───) wcore-protocol::host_decoder_contract forged_receipt_nested_in_plugin_event_is_not_top_level
        SKIP [         ] (───) wcore-protocol::host_decoder_contract forged_receipt_nested_in_sub_agent_event_is_not_top_level
        SKIP [         ] (───) wcore-protocol::host_decoder_contract host_decoder_handles_noisy_stream_without_panic
        SKIP [         ] (───) wcore-protocol::host_decoder_contract host_decoder_still_distinguishes_malformed_with_gepa_enabled_known_types
        SKIP [         ] (───) wcore-protocol::host_decoder_contract host_decoder_still_distinguishes_malformed_with_structured_traces_known_types
        SKIP [         ] (───) wcore-protocol::host_decoder_contract host_decoder_still_distinguishes_malformed_with_w7_known_types
        SKIP [         ] (───) wcore-protocol::host_decoder_contract host_decodes_anvil_receipt_under_opt_in
        SKIP [         ] (───) wcore-protocol::host_decoder_contract host_decodes_evolution_event_under_gepa_enabled_opt_in
        SKIP [         ] (───) wcore-protocol::host_decoder_contract host_decodes_known_v0_1_21_variant
        SKIP [         ] (───) wcore-protocol::host_decoder_contract host_decodes_ready_with_default_capabilities
        SKIP [         ] (───) wcore-protocol::host_decoder_contract host_decodes_trace_event_under_structured_traces_opt_in
        SKIP [         ] (───) wcore-protocol::host_decoder_contract host_decodes_w7_event_types_under_opted_in_decoder
        SKIP [         ] (───) wcore-protocol::host_decoder_contract host_distinguishes_malformed_from_unknown
        SKIP [         ] (───) wcore-protocol::host_decoder_contract host_drops_anvil_receipt_silently_under_v0_1_21_decoder
        SKIP [         ] (───) wcore-protocol::host_decoder_contract host_drops_budget_exceeded_silently_per_w8a_a7
        SKIP [         ] (───) wcore-protocol::host_decoder_contract host_drops_compact_offload_when_capability_unknown_279
        SKIP [         ] (───) wcore-protocol::host_decoder_contract host_drops_evolution_event_silently_under_v0_1_21_decoder
        SKIP [         ] (───) wcore-protocol::host_decoder_contract host_drops_multiple_unknown_types_quietly
        SKIP [         ] (───) wcore-protocol::host_decoder_contract host_drops_plugin_event_silently_per_w8a_h1
        SKIP [         ] (───) wcore-protocol::host_decoder_contract host_drops_session_cost_when_not_in_v0_1_21_known_types
        SKIP [         ] (───) wcore-protocol::host_decoder_contract host_drops_trace_event_silently_under_v0_1_21_decoder
        SKIP [         ] (───) wcore-protocol::host_decoder_contract host_drops_unknown_event_type_silently
        SKIP [         ] (───) wcore-protocol::host_decoder_contract host_drops_w7_event_types_silently_under_v0_1_21_decoder
        SKIP [         ] (───) wcore-protocol::host_decoder_contract host_renders_chip_only_from_top_level_anvil_receipt
        SKIP [         ] (───) wcore-protocol::host_decoder_contract host_tolerates_unknown_capabilities_flag_on_ready
        SKIP [         ] (───) wcore-protocol::host_decoder_contract host_tolerates_unknown_fields_on_known_variants
        SKIP [         ] (───) wcore-protocol::host_decoder_contract host_tolerates_unknown_fields_on_stream_end_279
        SKIP [         ] (───) wcore-protocol::host_decoder_contract structured_traces_and_gepa_enabled_are_independent_opt_ins
        SKIP [         ] (───) wcore-protocol::host_error_code_vocabulary_docs every_error_code_the_protocol_spec_shows_is_one_the_engine_can_emit
        SKIP [         ] (───) wcore-protocol::host_error_code_vocabulary_docs the_fallback_code_is_where_this_gate_expects_it
        SKIP [         ] (───) wcore-protocol::host_error_code_vocabulary_docs the_gate_fails_loudly_when_the_sink_fallback_moves
        SKIP [         ] (───) wcore-protocol::host_error_code_vocabulary_docs the_gate_passes_in_a_world_where_the_fallback_is_renamed
        SKIP [         ] (───) wcore-protocol::host_error_code_vocabulary_docs the_gate_rejects_a_refusal_example_that_drifts_from_the_sink
        SKIP [         ] (───) wcore-protocol::host_error_code_vocabulary_docs the_gate_rejects_a_reinvented_protocol_error
        SKIP [         ] (───) wcore-protocol::host_error_code_vocabulary_docs the_harvester_actually_finds_a_vocabulary
        SKIP [         ] (───) wcore-protocol::host_mcp_ready_fields_docs every_mcp_ready_wire_field_has_a_row_in_the_protocol_spec
        SKIP [         ] (───) wcore-protocol::host_mcp_ready_fields_docs the_gate_is_bounded_to_section_1_13
        SKIP [         ] (───) wcore-protocol::host_mcp_ready_fields_docs the_gate_passes_for_a_renamed_field_that_is_documented
        SKIP [         ] (───) wcore-protocol::host_mcp_ready_fields_docs the_gate_rejects_a_field_table_missing_a_row
        SKIP [         ] (───) wcore-protocol::host_mcp_ready_fields_docs the_wire_carries_the_skip_annotation_this_gate_exists_for
        SKIP [         ] (───) wcore-protocol::host_render_artifact_docs the_documented_mime_table_matches_the_code_enum
        SKIP [         ] (───) wcore-protocol::host_render_artifact_docs the_html_renderer_obligation_is_stated
        SKIP [         ] (───) wcore-protocol::host_runtime_mcp_assistant_docs every_host_facing_document_states_the_runtime_mcp_assistant_requirement
        SKIP [         ] (───) wcore-protocol::host_runtime_mcp_assistant_docs the_gate_fails_loudly_when_the_refusal_leaves_the_source
        SKIP [         ] (───) wcore-protocol::host_runtime_mcp_assistant_docs the_gate_passes_in_a_world_where_the_refusal_is_reworded
        SKIP [         ] (───) wcore-protocol::host_runtime_mcp_assistant_docs the_gate_rejects_a_document_that_drops_the_flag
        SKIP [         ] (───) wcore-protocol::host_runtime_mcp_assistant_docs the_gate_rejects_a_document_that_drops_the_refusal_quote
        SKIP [         ] (───) wcore-protocol::host_runtime_mcp_assistant_docs the_refusal_message_is_where_this_gate_expects_it
        SKIP [         ] (───) wcore-protocol::path_grant_round_trip a_denied_path_scope_grants_nothing
        SKIP [         ] (───) wcore-protocol::path_grant_round_trip an_approved_path_scope_reaches_the_grant_sink
        SKIP [         ] (───) wcore-protocol::path_grant_round_trip the_host_resolve_path_is_not_a_side_door
        SKIP [         ] (───) wcore-protocol::path_grant_round_trip the_write_flag_is_forwarded_verbatim_not_assumed
        SKIP [         ] (───) wcore-protocol::path_grant_round_trip with_no_sink_installed_a_path_scope_is_simply_a_once
        SKIP [         ] (───) wcore-protocol::quiescence_contract a_grant_claiming_incomplete_coverage_is_visible_as_such
        SKIP [         ] (───) wcore-protocol::quiescence_contract a_mutated_release_receipt_is_distinguishable_from_a_clean_one
        SKIP [         ] (───) wcore-protocol::quiescence_contract an_unknown_scope_field_fails_the_whole_frame
        SKIP [         ] (───) wcore-protocol::quiescence_contract every_adversarial_quiescence_fixture_produces_its_own_refusal
        SKIP [         ] (───) wcore-protocol::quiescence_contract the_granted_fixture_covers_the_default_home_and_a_named_profile
        SKIP [         ] (───) wcore-protocol::quiescence_contract the_happy_command_fixtures_decode_through_the_real_command_type
        SKIP [         ] (───) wcore-protocol::quiescence_contract the_published_version_matches_the_code
        SKIP [         ] (───) wcore-protocol::quiescence_contract the_quiescence_surface_is_published_in_both_producer_inventories
        SKIP [         ] (───) wcore-protocol::recovery_protocol generated_contract_contains_versioned_operator_resolution_command_and_event
        SKIP [         ] (───) wcore-protocol::recovery_protocol generated_recovery_command_contract_is_closed_raw_digest_and_correlated
        SKIP [         ] (───) wcore-protocol::recovery_protocol operator_resolution_is_typed_cursor_bound_and_receipted
        SKIP [         ] (───) wcore-protocol::recovery_protocol operator_resolution_rejects_every_stale_authority_dimension
        SKIP [         ] (───) wcore-protocol::recovery_protocol operator_resolution_rejects_noncanonical_cursor_digests
        SKIP [         ] (───) wcore-protocol::recovery_protocol operator_resolution_rejects_unknown_critical_and_malformed_claims
        SKIP [         ] (───) wcore-protocol::recovery_protocol recovery_commands_reject_unknown_top_level_authority_fields
        SKIP [         ] (───) wcore-protocol::recovery_protocol recovery_commands_reject_unversioned_uncorrelated_or_unknown_actions
        SKIP [         ] (───) wcore-protocol::recovery_protocol recovery_refusal_and_lifecycle_use_fail_closed_reason_enums
        SKIP [         ] (───) wcore-protocol::recovery_protocol recovery_replay_is_ordered_and_content_free
        SKIP [         ] (───) wcore-protocol::recovery_protocol recovery_snapshot_serializes_only_sanitized_typed_state
        SKIP [         ] (───) wcore-protocol::recovery_protocol resolve_interrupted_approval_is_versioned_request_cursor_and_approval_correlated
        SKIP [         ] (───) wcore-protocol::recovery_protocol resume_turn_command_binds_action_to_cursor
        SKIP [         ] (───) wcore-protocol::recovery_protocol session_resync_command_is_versioned_correlated_and_genesis_safe
        SKIP [         ] (───) wcore-protocol::render_artifact_contract a_genuinely_unknown_type_still_hard_errors
        SKIP [         ] (───) wcore-protocol::render_artifact_contract a_host_pinned_to_the_previous_corpus_drops_render_artifact_instead_of_hard_erroring
        SKIP [         ] (───) wcore-protocol::render_artifact_contract the_shipped_core_event_schema_accepts_the_render_frame
        SKIP [         ] (───) wcore-protocol::render_artifact_contract the_shipped_manifest_and_ready_fixture_advertise_render_artifact_v1
        SKIP [         ] (───) wcore-protocol::render_artifact_contract the_shipped_schema_enum_is_the_code_enum
        SKIP [         ] (───) wcore-protocol::render_artifact_contract the_shipped_schema_pins_the_criticality_to_false
        SKIP [         ] (───) wcore-protocol::render_artifact_contract the_shipped_schema_rejects_an_undeclared_mime
        SKIP [         ] (───) wcore-protocol::set_config existing_commands_still_parse
        SKIP [         ] (───) wcore-protocol::set_config parse_set_config_all_fields
        SKIP [         ] (───) wcore-protocol::set_config parse_set_config_empty
        SKIP [         ] (───) wcore-protocol::set_config parse_set_config_null_model
        SKIP [         ] (───) wcore-protocol::set_config parse_set_config_thinking_enabled_no_budget
        SKIP [         ] (───) wcore-protocol::set_config parse_set_config_unknown_fields_ignored
        SKIP [         ] (───) wcore-protocol::set_config parse_set_config_with_effort
        SKIP [         ] (───) wcore-protocol::set_config parse_set_config_with_model
        SKIP [         ] (───) wcore-protocol::set_config parse_set_config_with_null_effort
        SKIP [         ] (───) wcore-protocol::set_config parse_set_config_with_null_thinking
        SKIP [         ] (───) wcore-protocol::set_config parse_set_config_with_thinking_disabled
        SKIP [         ] (───) wcore-protocol::set_config parse_set_config_with_thinking_enabled_and_budget
        SKIP [         ] (───) wcore-protocol::tool_request_escalation the_card_serializes_the_desktop_shape
        SKIP [         ] (───) wcore-protocol::tool_request_escalation the_suggested_root_is_what_always_path_accepts
        SKIP [         ] (───) wcore-protocol::tool_request_escalation tool_request_without_a_boundary_has_no_escalation_key
        SKIP [         ] (───) wcore-protocol::workflow_replay child_evidence_cannot_arrive_after_its_node_terminal
        SKIP [         ] (───) wcore-protocol::workflow_replay child_parent_and_node_binding_are_strict
        SKIP [         ] (───) wcore-protocol::workflow_replay child_parent_lineage_is_nonempty_and_immutable
        SKIP [         ] (───) wcore-protocol::workflow_replay child_sequences_and_identity_are_strict
        SKIP [         ] (───) wcore-protocol::workflow_replay child_terminal_is_typed_conflict_checked_and_absorbing
        SKIP [         ] (───) wcore-protocol::workflow_replay child_terminal_requires_complete_typed_inner_payload
        SKIP [         ] (───) wcore-protocol::workflow_replay conflicting_event_identity_and_sequence_gaps_fail_closed
        SKIP [         ] (───) wcore-protocol::workflow_replay conflicting_node_terminal_and_active_finish_fail_closed
        SKIP [         ] (───) wcore-protocol::workflow_replay finish_requires_original_workflow_identity_and_exact_node_inventory
        SKIP [         ] (───) wcore-protocol::workflow_replay finish_requires_terminal_children_and_explicit_consistent_links
        SKIP [         ] (───) wcore-protocol::workflow_replay fully_correlated_child_run_replays_to_completion
        SKIP [         ] (───) wcore-protocol::workflow_replay node_and_run_terminals_are_absorbing
        SKIP [         ] (───) wcore-protocol::workflow_replay serialized_replay_accepts_canonical_duplicates_and_complete_run
        SKIP [         ] (───) wcore-protocol::workflow_replay successful_finish_allows_blocked_non_live_branches
        SKIP [         ] (───) wcore-protocol::workflow_replay successful_finish_rejects_failed_child_on_blocked_node
        SKIP [         ] (───) wcore-protocol::workflow_replay successful_finish_rejects_failed_nodes
        SKIP [         ] (───) wcore-protocol::workflow_replay unsupported_version_and_unreachable_states_are_rejected
