F23_03_PROVENANCE=ok platform=macos sha=1eb2d7c255b8cdc4f2f194e60cd82ab6bbddfc68
F23_03_CORPUS=repo path=/Users/seandonahoe/dev/waylandcore-frontier-worktrees/lane-23B-03
F23_03_MEASURE=cold-build platform=macos sample=1 value=4560
F23_03_MEASURE=store-size platform=macos sample=1 value=66703360
F23_03_CORPUS=indexed sample=1 records=3610 symbols=37868 read=3610
F23_03_MEASURE=warm-start platform=macos sample=1 value=210
F23_03_WARM=sample=1 read=0 extracted=0
F23_03_MEASURE=cold-build platform=macos sample=2 value=6513
F23_03_MEASURE=store-size platform=macos sample=2 value=66703360
F23_03_CORPUS=indexed sample=2 records=3610 symbols=37868 read=3610
F23_03_MEASURE=warm-start platform=macos sample=2 value=223
F23_03_WARM=sample=2 read=0 extracted=0
F23_03_MEASURE=cold-build platform=macos sample=3 value=4428
F23_03_MEASURE=store-size platform=macos sample=3 value=66703360
F23_03_CORPUS=indexed sample=3 records=3610 symbols=37868 read=3610
F23_03_MEASURE=warm-start platform=macos sample=3 value=150
F23_03_WARM=sample=3 read=0 extracted=0
F23_03_MEASURE=latency-p50 platform=macos sample=1 value=6662
F23_03_MEASURE=latency-p95 platform=macos sample=1 value=13004
F23_03_LATENCY=samples n=20 unit=microseconds all= 6806 8110 20619 5950 7202 4173 6227 6881 6855 10641 5982 4057 3603 6822 5690 6391 13004 6662 8202 6467
F23_03_QUALITY_CASE=IndexStore precision_at_1=1 recall_at_10=1.0000 top=crates/wcore-repomap/src/store.rs
F23_03_QUALITY_CASE=normalize_rel precision_at_1=1 recall_at_10=1.0000 top=crates/wcore-repomap/src/scope.rs
F23_03_QUALITY_CASE=ScopeIdentity precision_at_1=1 recall_at_10=1.0000 top=crates/wcore-repomap/src/scope.rs
F23_03_QUALITY_CASE=semantic_status precision_at_1=1 recall_at_10=1.0000 top=crates/wcore-repomap/src/search.rs
F23_03_QUALITY_CASE=extract_rust precision_at_1=1 recall_at_10=1.0000 top=crates/wcore-repomap/src/extractor/rust.rs
F23_03_QUALITY_CASE=extract_typescript precision_at_1=1 recall_at_10=1.0000 top=crates/wcore-repomap/src/extractor/typescript.rs
F23_03_QUALITY_CASE=strip_comments_rust_style precision_at_1=1 recall_at_10=1.0000 top=crates/wcore-repomap/src/extractor/mod.rs
F23_03_QUALITY_CASE=SymbolKind precision_at_1=1 recall_at_10=1.0000 top=crates/wcore-repomap/src/types.rs
F23_03_QUALITY_CASE=IndexOptions precision_at_1=1 recall_at_10=1.0000 top=crates/wcore-repomap/src/types.rs
F23_03_QUALITY_CASE=RepoMapError precision_at_1=1 recall_at_10=1.0000 top=crates/wcore-repomap/src/types.rs
F23_03_QUALITY_CASE=first_meaningful precision_at_1=1 recall_at_10=1.0000 top=crates/wcore-repomap/src/lib.rs
F23_03_QUALITY_CASE=reciprocal_rank_fusion precision_at_1=1 recall_at_10=1.0000 top=crates/wcore-repomap/src/search.rs
F23_03_QUALITY_CASE=content_hash_invalidation precision_at_1=0 recall_at_10=1.0000 top=crates/wcore-agent/src/orchestration/anvil/forge.rs
F23_03_QUALITY_CASE=worktree_identity precision_at_1=0 recall_at_10=1.0000 top=.planning/phases/20-transactional-delegated-mutation/20-06-PLAN.md
F23_03_QUALITY_CASE=bm25_full_text precision_at_1=0 recall_at_10=1.0000 top=crates/wcore-memory/src/retrieve.rs
F23_03_QUALITY_CASE=walker_gitignore_hidden precision_at_1=1 recall_at_10=1.0000 top=crates/wcore-repomap/src/lib.rs
F23_03_MEASURE=precision platform=macos sample=1 value=0.8125
F23_03_MEASURE=recall platform=macos sample=1 value=1.0000
F23_03_QUALITY=corpus queries=16 precision_at_1=0.8125 recall_at_10=1.0000
F23_03_FALLBACK_REPORTED=true
F23_03_SCRATCH=files=3614
F23_03_MUTATION_BASE=records=3609
F23_03_MUTATION=add platform=macos status=PASS unchanged_reextracted=0 added=1 extracted=1 unchanged=3609
F23_03_MUTATION=edit platform=macos status=PASS unchanged_reextracted=0 changed=1 extracted=1 unchanged=3609
F23_03_MUTATION=delete platform=macos status=PASS unchanged_reextracted=0 deleted=1 extracted=0 unchanged=3609
F23_03_MUTATION=rename platform=macos status=PASS unchanged_reextracted=0 renamed=1 extracted=0 unchanged=3609
F23_03_MUTATION=branch-switch platform=macos status=PASS unchanged_reextracted=0 added=1 extracted=1 unchanged=3609
F23_03_SCOPE_AFTER_SWITCH=commit=086fe18d5d140f4a7d5447a1c196e25e1346fe8f ref=refs/heads/f23-drive-3a2127430e0437db gitdir=/private/var/folders/8h/chxws5390hx17g49p75b2xn00000gn/T/tmp.EeXyNsdY7R/scratch/clone/.git
F23_03_STALENESS_REPORTED=true
F23_03_VERIFY=agrees=false exit=6
F23_03_STORE_CONTROL_OCCURRENCES=1
F23_03_STORE_NONCE_OCCURRENCES=0
F23_03_DRIVE=PASS platform=macos nonce=3a2127430e0437db
