F23_H1_LOAD_BEFORE=18.72
F23_H1_LOAD_DURING=43.64
F23_H1_RUN=1 id=cccc409cb0b900000001 phase=resume status=OK_DISPATCH_FAILED exit=1 bytes=408093
F23_H1_RUN=2 id=cccc0b530c6900000002 phase=resume status=OK_DISPATCH_FAILED exit=1 bytes=408098
F23_H1_RUN=3 id=cccc05863be100000003 phase=resume status=OK_DISPATCH_FAILED exit=1 bytes=408097
F23_H1_RUN=4 id=cccc72eb1e4d00000004 phase=resume status=OK_DISPATCH_FAILED exit=1 bytes=408099
F23_H1_RUN=5 id=cccc43625e1300000005 phase=resume status=OK_DISPATCH_FAILED exit=1 bytes=408097
F23_H1_RUN=6 id=cccc5b276d0900000006 phase=resume status=OK_DISPATCH_FAILED exit=1 bytes=408096
F23_H1_RUN=7 id=cccc1e665a0300000007 phase=resume status=OK_DISPATCH_FAILED exit=1 bytes=408097
F23_H1_RUN=8 id=cccc059daa8700000008 phase=resume status=OK_DISPATCH_FAILED exit=1 bytes=408098
F23_H1_RUN=9 id=cccc00bbbd4900000009 phase=resume status=OK_DISPATCH_FAILED exit=1 bytes=408097
F23_H1_RUN=10 id=cccca2187f380000000a phase=resume status=OK_DISPATCH_FAILED exit=1 bytes=408232
F23_H1_RUN=11 id=ccccb9d2f44a0000000b phase=resume status=OK_DISPATCH_FAILED exit=1 bytes=408235
F23_H1_RUN=12 id=cccc990f76b40000000c phase=resume status=OK_DISPATCH_FAILED exit=1 bytes=408235
F23_H1_REPRO runs=12 resume_ok=12 checksum_mismatch=0 other_failure=0 seed_failure=0
F23_H1_LOAD_AFTER=60.62
=== BASE 15971d1b ===
F23_H1_LOAD_BEFORE=78.99
F23_H1_LOAD_DURING=106.38
F23_H1_RUN=1 id=cccc90f742d500000001 phase=resume status=OK_DISPATCH_FAILED exit=1 bytes=408102
F23_H1_RUN=2 id=cccca1b878e500000002 phase=resume status=OK_DISPATCH_FAILED exit=1 bytes=408099
F23_H1_RUN=3 id=cccc0111e0c400000003 phase=resume status=OK_DISPATCH_FAILED exit=1 bytes=408102
F23_H1_RUN=4 id=cccc0ae161a000000004 phase=resume status=OK_DISPATCH_FAILED exit=1 bytes=408101
F23_H1_RUN=5 id=cccc879eb9be00000005 phase=resume status=OK_DISPATCH_FAILED exit=1 bytes=408101
F23_H1_RUN=6 id=cccc1c9e123400000006 phase=resume status=OK_DISPATCH_FAILED exit=1 bytes=408101
F23_H1_RUN=7 id=cccc38a1d9b100000007 phase=resume status=OK_DISPATCH_FAILED exit=1 bytes=408100
F23_H1_RUN=8 id=cccc3bca827600000008 phase=resume status=OK_DISPATCH_FAILED exit=1 bytes=408100
F23_H1_RUN=9 id=cccc6e32c34700000009 phase=resume status=OK_DISPATCH_FAILED exit=1 bytes=408100
F23_H1_RUN=10 id=cccc386f4bde0000000a phase=resume status=OK_DISPATCH_FAILED exit=1 bytes=408239
F23_H1_RUN=11 id=cccc490a7bad0000000b phase=resume status=OK_DISPATCH_FAILED exit=1 bytes=408239
F23_H1_RUN=12 id=cccc00ba31d90000000c phase=resume status=OK_DISPATCH_FAILED exit=1 bytes=408239
F23_H1_REPRO runs=12 resume_ok=12 checksum_mismatch=0 other_failure=0 seed_failure=0
F23_H1_LOAD_AFTER=129.65
