F23_04_PROBE_NONCE=64b35c212168149b
F23_04_PROBE_HOST=Ubuntu-2404-noble-amd64-base
F23_04_PROBE_UNAME=Linux_6.8.0-101-generic_x86_64
F23_04_PROBE_SHA=9be07203bc65bb2cce87621a85df609b2da0ccaa
F23_04_PROBE_BINARY_BUILD_INFO=wayland-core 0.12.25 (source 9be07203bc65bb2cce87621a85df609b2da0ccaa)
F23_04_PROBE_HARNESS=/root/wayland-23B-04/target/debug/deps/multi_day_journey_test-cd7922f357e39e40
F23_04_EXPERIMENT_B=absolute-deadline gap=0s exceeded=false reason=none
F23_04_PROBE_GAP_BEGIN=2026-07-27T14:01:26Z seconds=45
F23_04_PROBE_GAP_END=2026-07-27T14:02:11Z
F23_04_EXPERIMENT_A=absolute-deadline gap=45s exceeded=true reason=max_wall_time rc=0
F23_04_EXPERIMENT_C=active-runtime gap=45s exceeded=false reason=none
F23_04_SEAM_ATTEMPT=WAYLAND_CLOCK_NOW_MS rc=0 exceeded=false
F23_04_SEAM_ATTEMPT=WAYLAND_NOW_UNIX_MILLIS rc=0 exceeded=false
F23_04_SEAM_ATTEMPT=WAYLAND_FAKE_CLOCK rc=0 exceeded=false
F23_04_SEAM_ATTEMPT=WAYLAND_TEST_CLOCK rc=0 exceeded=false
F23_04_SEAM_ATTEMPT=WAYLAND_CLOCK_OFFSET_MS rc=0 exceeded=false
F23_04_SEAM_ATTEMPT=WAYLAND_BUDGET_DEADLINE_UNIX_MILLIS rc=0 exceeded=false
F23_04_SEAM_ATTEMPT=WCORE_CLOCK_NOW_MS rc=0 exceeded=false
F23_04_SEAM_ATTEMPT=WCORE_NOW_UNIX_MILLIS rc=0 exceeded=false
F23_04_SEAM_ATTEMPT=WCORE_FAKE_CLOCK rc=0 exceeded=false
F23_04_SEAM_ATTEMPT=WCORE_TEST_CLOCK rc=0 exceeded=false
F23_04_SEAM_ATTEMPT=WCORE_CLOCK_OFFSET_MS rc=0 exceeded=false
F23_04_SEAM_ATTEMPT=SOURCE_DATE_EPOCH rc=0 exceeded=false
F23_04_SEAM_ATTEMPT=FAKETIME rc=0 exceeded=false
F23_04_SEAM_CLI_FLAG_HITS=0
F23_04_ABSDEADLINE_MATCH_SITES_NONTEST=8
F23_04_ABSDEADLINE_PRODUCT_CONSTRUCTION_SITES=0
F23_04_ABSDEADLINE_PRODUCT_REACHABLE=false
F23_04_ABSDEADLINE_EVAL=system-clock-at-evaluation
F23_04_ABSDEADLINE_CHARGES_DOWNTIME=true
F23_04_ACTIVERUNTIME_CHARGES_DOWNTIME=false
F23_04_CLOCK_INJECTION_SEAM=none
F23_04_ACCEL_HONEST_FOR_ABSOLUTE_DEADLINE=false
F23_04_REAL_GAP_SECONDS=46
F23_04_PROBE=PASS nonce=64b35c212168149b
