=== wait ready ===
  wait i=1 http=200 16:54:46
=== register ===
reg bytes=143
token_len=40
=== create room ===
room=!gtjKDeNUGEVarRNgPU:24c1ab.local

############ MEASUREMENT A: the RESETTING counter ############
--- process life 1 (counter seeded at 1, as AtomicU64::new(1)) ---
PUT txn=1 body=MSG-A -> {"event_id":"$SpTj0fVk8JFBUtkHLoMZfQMcV5gY9Ld0faU0mICBSHs"}
PUT txn=2 body=MSG-B -> {"event_id":"$tQnfkxD7RxhCDoOI9ou9OtFH3Wei6zD3ya05ztEAUNA"}
--- process life 2: SAME access token, counter RESET to 1 ---
PUT txn=1 body=MSG-C -> {"event_id":"$SpTj0fVk8JFBUtkHLoMZfQMcV5gY9Ld0faU0mICBSHs"}

E1 (txn=1, MSG-A) = $SpTj0fVk8JFBUtkHLoMZfQMcV5gY9Ld0faU0mICBSHs
E3 (txn=1, MSG-C) = $SpTj0fVk8JFBUtkHLoMZfQMcV5gY9Ld0faU0mICBSHs
VERDICT_A=REPLAY_SUPPRESSED

=== ground truth: room contents (not the response, the ROOM) ===
BODIES_IN_ROOM = ['MSG-B-before-restart', 'MSG-A-before-restart']
  present(MSG-A-before-restart) = True
  present(MSG-B-before-restart) = True
  present(MSG-C-after-restart-GENUINELY-NEW) = False
MSG_C_LOST = True

############ MEASUREMENT B: the key-derived txn id (the fix) ############
PUT txn=cron:job-a:1785121776528 -> {"event_id":"$Cnj8s-i370fEzqjru24kj8sIhTTv-S3lgtELnjzpcbY"}
PUT txn=cron:job-a:1785121776528 (REPLAY of same delivery) -> {"event_id":"$Cnj8s-i370fEzqjru24kj8sIhTTv-S3lgtELnjzpcbY"}
PUT txn=cron:job-a:1785121776529 (DIFFERENT delivery) -> {"event_id":"$Jr4CATvY9IwwHjkIJqI2zr0NWPHQvJyxBP3X6E_hMD4"}
E4=$Cnj8s-i370fEzqjru24kj8sIhTTv-S3lgtELnjzpcbY
E5=$Cnj8s-i370fEzqjru24kj8sIhTTv-S3lgtELnjzpcbY
E6=$Jr4CATvY9IwwHjkIJqI2zr0NWPHQvJyxBP3X6E_hMD4
DEDUP_WORKS=yes
DISTINCT_WORKS=yes
FINAL_BODIES = ['MSG-E-next-occurrence', 'MSG-D-derived', 'MSG-B-before-restart', 'MSG-A-before-restart']
MSG_D_count = 1  (1 = replay suppressed, 2 = duplicate)
MSG_E_present = True  (True = a genuinely new delivery survived)
F24C1_SYNAPSE_DONE
